05-24 14:13:22.385  1643  2659 W ActivityTaskManager: 	at com.android.server.am.AppErrors.handleAppCrashLocked(AppErrors.java:782)
05-24 14:13:22.385  1643  2659 W ActivityTaskManager: 	at com.android.server.am.AppErrors.makeAppCrashingLocked(AppErrors.java:625)
05-24 14:13:22.385  1643  2659 W ActivityTaskManager: 	at com.android.server.am.AppErrors.crashApplicationInner(AppErrors.java:504)
05-24 14:13:22.385  1643  2659 W ActivityTaskManager: 	at com.android.server.am.AppErrors.crashApplication(AppErrors.java:426)
05-24 14:13:22.385  1643  2659 W ActivityTaskManager: 	at com.android.server.am.ActivityManagerService.handleApplicationCrashInner(ActivityManagerService.java:10714)
05-24 14:13:22.385  1643  2659 W ActivityTaskManager: 	at com.android.server.am.ActivityManagerService.handleApplicationCrash(ActivityManagerService.java:10654)
05-24 14:13:22.385  1643  2659 W ActivityTaskManager: 	at android.app.IActivityManager$Stub.onTransact(IActivityManager.java:2073)
05-24 14:13:22.385  1643  2659 W ActivityTaskManager: 	at com.android.server.am.ActivityManagerService.onTransact(ActivityManagerService.java:3180)
05-24 14:13:22.385  1643  2659 W ActivityTaskManager: 	at com.android.server.am.OppoActivityManagerService.onTransact(OppoActivityManagerService.java:169)
05-24 14:13:22.385  1643  2659 W ActivityTaskManager: 	at android.os.Binder.execTransactInternal(Binder.java:1161)
05-24 14:13:22.385  1643  2659 W ActivityTaskManager: 	at android.os.Binder.execTransact(Binder.java:1130)
05-24 14:13:22.403  1643  1764 I WindowManager: Relayout Window{28e446c u0 com.whatsapp/com.whatsapp.HomeActivity}: oldVis=8 newVis=0 focusMayChange = true
05-24 14:13:22.410  1643  1764 I WindowManager: Theia NoFocusWindow normalReborn:false rebornCostTime:0 deadActivityName:com.lasbon.skripjatim/.MainActivity newFocusActivity:com.whatsapp/.HomeActivity
05-24 14:13:22.423  1643  1764 W WindowManager: Changing focus fromnull to Window{28e446c u0 com.whatsapp/com.whatsapp.HomeActivity} displayId=0 Callers=com.android.server.wm.RootWindowContainer.updateFocusedWindowLocked:497 com.android.server.wm.WindowManagerService.updateFocusedWindowLocked:6036 com.android.server.wm.WindowManagerService.relayoutWindow:2682 com.android.server.wm.Session.relayout:229 
05-24 14:13:22.432  1643  3141 D ColorAppListInterceptManager: shouldFilterTask
05-24 14:13:22.433  1643  3141 D ColorAppListInterceptManager: shouldFilterTask::packageName = com.whatsapp
05-24 14:13:22.433  1643  3141 D ColorAppListInterceptManager: shouldFilterTask
05-24 14:13:22.433  1643  3141 D ColorAppListInterceptManager: shouldFilterTask::packageName = com.lasbon.skripjatim
05-24 14:13:22.433  1643  3141 D ColorAppListInterceptManager: shouldFilterTask
05-24 14:13:22.433  1643  3141 D ColorAppListInterceptManager: shouldFilterTask::packageName = org.telegram.messenger
05-24 14:13:22.433  1643  3141 D ColorAppListInterceptManager: shouldFilterTask
05-24 14:13:22.433  1643  3141 D ColorAppListInterceptManager: shouldFilterTask::packageName = com.android.settings
05-24 14:13:22.450  1643  3687 I ActivityManager: Process com.lasbon.skripjatim (pid 9425) has died: fg  TOP 
05-24 14:13:22.450  1643  3687 W ContextImpl: Calling a method in the system process without a qualified user: android.app.ContextImpl.sendBroadcast:1143 com.android.server.am.OppoExtraActivityManagerService.setKeyLockModeNormal:51 com.android.server.am.ActivityManagerService.appDiedLocked:4323 com.android.server.am.ActivityManagerService$AppDeathRecipient.binderDied:1777 android.os.IBinder$DeathRecipient.binderDied:305 
05-24 14:13:22.454  1643  3687 V ColorZoomWindowManagerService: onAnimationFinished:  r = ActivityRecord{e3a0f77 u0 com.lasbon.skripjatim/.MainActivity t2699 f}}
05-24 14:13:22.454  1643  3687 I OplusMirageDisplayManagerService: onAnimationFinished:
05-24 14:13:22.465  1643  3687 D WindowManager: removeChild,stack:Task{4d8a8b2 #2699 visible=false type=standard mode=fullscreen translucent=true A=10495:com.lasbon.skripjatim U=0 StackId=2699 sz=0}
05-24 14:13:22.465  1643  3687 D WindowManager: java.lang.Throwable
05-24 14:13:22.465  1643  3687 D WindowManager: 	at com.android.server.wm.TaskDisplayArea.removeChild(TaskDisplayArea.java:366)
05-24 14:13:22.465  1643  3687 D WindowManager: 	at com.android.server.wm.TaskDisplayArea.removeChild(TaskDisplayArea.java:102)
05-24 14:13:22.465  1643  3687 D WindowManager: 	at com.android.server.wm.WindowContainer.removeImmediately(WindowContainer.java:625)
05-24 14:13:22.465  1643  3687 D WindowManager: 	at com.android.server.wm.Task.removeImmediately(Task.java:2925)
05-24 14:13:22.465  1643  3687 D WindowManager: 	at com.android.server.wm.Task.removeIfPossible(Task.java:682)
05-24 14:13:22.465  1643  3687 D WindowManager: 	at com.android.server.wm.Task.removeChild(Task.java:1552)
05-24 14:13:22.465  1643  3687 D WindowManager: 	at com.android.server.wm.Task.removeChild(Task.java:1497)
05-24 14:13:22.465  1643  3687 D WindowManager: 	at com.android.server.wm.WindowContainer.removeImmediately(WindowContainer.java:625)
05-24 14:13:22.465  1643  3687 D WindowManager: 	at com.android.server.wm.WindowToken.removeImmediately(WindowToken.java:402)
05-24 14:13:22.465  1643  3687 D WindowManager: 	at com.android.server.wm.ActivityRecord.removeImmediately(ActivityRecord.java:3405)
05-24 14:13:22.465  1643  3687 D WindowManager: 	at com.android.server.wm.ActivityRecord.removeIfPossible(ActivityRecord.java:3412)
05-24 14:13:22.465  1643  3687 D WindowManager: 	at com.android.server.wm.ActivityRecord.onRemovedFromDisplay(ActivityRecord.java:3497)
05-24 14:13:22.465  1643  3687 D WindowManager: 	at com.android.server.wm.DisplayContent.removeAppToken(DisplayContent.java:1304)
05-24 14:13:22.465  1643  3687 D WindowManager: 	at com.android.server.wm.ActivityRecord.removeAppTokenFromDisplay(ActivityRecord.java:2171)
05-24 14:13:22.465  1643  3687 D WindowManager: 	at com.android.server.wm.ActivityRecord.removeFromHistory(ActivityRecord.java:3194)
05-24 14:13:22.465  1643  3687 D WindowManager: 	at com.android.server.wm.ActivityStack$RemoveHistoryRecordsForApp.processActivity(ActivityStack.java:578)
05-24 14:13:22.465  1643  3687 D WindowManager: 	at com.android.server.wm.ActivityStack$RemoveHistoryRecordsForApp.process(ActivityStack.java:488)
05-24 14:13:22.465  1643  3687 D WindowManager: 	at com.android.server.wm.ActivityStack.handleAppDied(ActivityStack.java:3139)
05-24 14:13:22.465  1643  3687 D WindowManager: 	at com.android.server.wm.RootWindowContainer.handleAppDied(RootWindowContainer.java:3346)
05-24 14:13:22.465  1643  3687 D WindowManager: 	at com.android.server.wm.ActivityTaskManagerService$LocalService.handleAppDied(ActivityTaskManagerService.java:7164)
05-24 14:13:22.465  1643  3687 D WindowManager: 	at com.android.server.am.ActivityManagerService.handleAppDiedLocked(ActivityManagerService.java:4158)
05-24 14:13:22.465  1643  3687 D WindowManager: 	at com.android.server.am.ActivityManagerService.appDiedLocked(ActivityManagerService.java:4346)
05-24 14:13:22.465  1643  3687 D WindowManager: 	at com.android.server.am.ActivityManagerService$AppDeathRecipient.binderDied(ActivityManagerService.java:1777)
05-24 14:13:22.465  1643  3687 D WindowManager: 	at android.os.IBinder$DeathRecipient.binderDied(IBinder.java:305)
05-24 14:13:22.465  1643  3687 D WindowManager: 	at android.os.BinderProxy.sendDeathNotice(BinderProxy.java:687)
05-24 14:13:22.468  1643  3687 D OomAdjuster: TOP_APP is ProcessRecord{f98c836 22275:com.whatsapp/u0a358} uid is 10358
05-24 14:13:22.483  1643  1668 W Looper  : Slow dispatch took 149ms android.fg h=com.android.server.DropBoxManagerService$DropBoxManagerBroadcastHandler c=null m=1
05-24 14:13:22.485  1643  2571 W ContextImpl: Calling a method in the system process without a qualified user: android.app.ContextImpl.startService:1701 com.oplus.util.OplusStatisticsImpl.startService:216 com.oplus.util.OplusStatisticsImpl.sendDataToDCS:192 com.oplus.util.OplusStatisticsImpl.onCommonSync:84 com.oplus.util.OplusStatisticsImpl$1.run:124 
05-24 14:13:22.491  1643  1692 W BroadcastQueue: Background execution not allowed: receiving Intent { act=android.intent.action.DROPBOX_ENTRY_ADDED flg=0x10 (has extras) } to com.google.android.gms/.stats.service.DropBoxEntryAddedReceiver
05-24 14:13:22.491  1643  1692 W BroadcastQueue: Background execution not allowed: receiving Intent { act=android.intent.action.DROPBOX_ENTRY_ADDED flg=0x10 (has extras) } to com.google.android.gms/.chimera.GmsIntentOperationService$PersistentTrustedReceiver
05-24 14:13:22.497  1643  1692 I ActivityManager: Killing 8732:com.nearme.romupdate/u0a142 (adj 985): empty #9
05-24 14:13:22.513  1643  2571 W ContextImpl: Calling a method in the system process without a qualified user: android.app.ContextImpl.startService:1701 com.oplus.util.OplusStatisticsImpl.startService:216 com.oplus.util.OplusStatisticsImpl.sendDataToDCS:192 com.oplus.util.OplusStatisticsImpl.onCommonSync:84 com.oplus.util.OplusStatisticsImpl$1.run:124 
05-24 14:13:22.514  1643  4071 D ColorAppListInterceptManager: shouldFilterTask
05-24 14:13:22.514  1643  4071 D ColorAppListInterceptManager: shouldFilterTask::packageName = com.whatsapp
05-24 14:13:22.514  1643  4071 D ColorAppListInterceptManager: shouldFilterTask
05-24 14:13:22.514  1643  4071 D ColorAppListInterceptManager: shouldFilterTask::packageName = com.lasbon.skripjatim
05-24 14:13:22.514  1643  4071 D ColorAppListInterceptManager: shouldFilterTask
05-24 14:13:22.514  1643  4071 D ColorAppListInterceptManager: shouldFilterTask::packageName = org.telegram.messenger
05-24 14:13:22.514  1643  4071 D ColorAppListInterceptManager: shouldFilterTask
05-24 14:13:22.514  1643  4071 D ColorAppListInterceptManager: shouldFilterTask::packageName = com.android.settings
05-24 14:13:22.518  1643  3073 D ColorAppListInterceptManager: shouldFilterTask
05-24 14:13:22.518  1643  3073 D ColorAppListInterceptManager: shouldFilterTask::packageName = com.whatsapp
05-24 14:13:22.518  1643  3073 D ColorAppListInterceptManager: shouldFilterTask
05-24 14:13:22.518  1643  3073 D ColorAppListInterceptManager: shouldFilterTask::packageName = com.lasbon.skripjatim
05-24 14:13:22.518  1643  3073 D ColorAppListInterceptManager: shouldFilterTask
05-24 14:13:22.518  1643  3073 D ColorAppListInterceptManager: shouldFilterTask::packageName = org.telegram.messenger
05-24 14:13:22.518  1643  3073 D ColorAppListInterceptManager: shouldFilterTask
05-24 14:13:22.518  1643  3073 D ColorAppListInterceptManager: shouldFilterTask::packageName = com.android.settings
05-24 14:13:22.521  1643  2110 D ORMS_CORE: Set scene action identity: android.app scene: , action: ORMS_ACTION_ACTIVITY_START, timeout: 600, handle: 7647430919529009799
05-24 14:13:22.522  1643  1921 D ORMS_CORE: FinalSceneAction scene:1019 action:0 prio:5 start:38194403 timeout:3000 timeout_left:2764
05-24 14:13:22.522  1643  1921 D ORMS_HISTORY: setSoCLimit sa
05-24 14:13:22.522  1643  1921 D ORMS_CORE: TCpuL:-1 TGpuL:-1 TCtrlL:-1 TModeOn:0 IdleS:0 PowerMode:NORMAL_MODE BenchMark:0 HaveCtrlD:0
05-24 14:13:22.522  1643  1921 D ORMS_CORE: saConfig:,SAResult Info{minCore=[6, 2, -1]minFreq=[2000000, 2050000, -1]maxCore=[-1, -1, -1]maxFreq=[-1, -1, -1], ddr=0, lpm=0, sb=1, prio=5, fpsgo=0, migrate= migfrate: , mask=1110, clkscale=-1, schedwinstats=-1, twinpolicy=-1, fgwinpolicy=-1, bgwinpolicy=-1, schedPreferSpread=-1, colocate=-1, slb=-1, nice=0, extActId=-1, extTime=-1, hardLevel=0}
05-24 14:13:22.522  1643  1921 D ORMS_CORE: request mDecision:SAResult Info{ minCpuCore: 6 2 ,  minCpuFreq: 2000000 2050000 ,  maxCpuCore: -1 -1 ,  maxCpuFreq: -1 -1 ,  minGpuCore: -1 ,  minGpuFreq: -1 ,  maxGpuCore: -1 ,  maxGpuFreq: -1 , Lpm=0, clkscale=-1, schedwinstats=-1, twinpolicy=-1, fgwinpolicy=-1, bgwinpolicy=-1, schedPreferSpread=-1, colocate=-1, slb=-1, fpsgo=0, schedBoost=1, ddrFreq=-1, migrate= migfrate: -1 -1 , hardLevel=false}
05-24 14:13:22.522  1643  1921 D ORMS_HISTORY: same limit, skip
05-24 14:13:22.523  1643  1672 V ColorZoomWindowManagerService: onAnimationFinished:  r = ActivityRecord{111e0f8 u0 com.whatsapp/.HomeActivity t2698}
05-24 14:13:22.524  1643  1672 I ColorAppSwitchManagerService:  handleAppVisible , r = ActivityRecord{111e0f8 u0 com.whatsapp/.HomeActivity t2698}
05-24 14:13:22.524  1643  1672 I OplusMirageDisplayManagerService: onAnimationFinished:
05-24 14:13:22.524  1643  1672 I ColorAppSwitchManagerService:  handleAppVisible , r = ActivityRecord{111e0f8 u0 com.whatsapp/.HomeActivity t2698}
05-24 14:13:22.541  1643  2509 D OppoBasePowerManagerService: do restore jobs
05-24 14:13:22.541  1643  2509 D OppoBasePowerManagerService: do restore jobs
05-24 14:13:22.580  1643  4042 E ActivityManager: ProcessRecord{62e093f 8732:com.nearme.romupdate/u0a142} was killed by AM but isn't really dead
05-24 14:13:22.596  1643  4042 E ActivityManager: ProcessRecord{62e093f 8732:com.nearme.romupdate/u0a142} is attached to a previous process
05-24 14:13:22.599  1643  4042 E ActivityManager: Already have existing proc ProcessRecord{62e093f 8732:com.nearme.romupdate/u0a142} when adding ProcessRecord{dfdbb0d 0:com.nearme.romupdate/u0a142}
05-24 14:13:22.600  1643  4042 D CompatibilityChangeReporter: Compat change id reported: 135634846; UID 10142; state: DISABLED
05-24 14:13:22.600  1643  4042 D CompatibilityChangeReporter: Compat change id reported: 135754954; UID 10142; state: ENABLED
05-24 14:13:22.601  1643  1687 E ActivityManager: ProcessRecord{62e093f 8732:com.nearme.romupdate/u0a142} refused to die, but we need to launch ProcessRecord{dfdbb0d 0:com.nearme.romupdate/u0a142}
05-24 14:13:22.601  1643  1687 D CompatibilityChangeReporter: Compat change id reported: 143937733; UID 10142; state: ENABLED
05-24 14:13:22.620  9689  9689 E OplusCustomizeRestrictionManager: sInstance is null, start a new sInstance
05-24 14:13:22.653  1643  2551 D DisplayManagerService: Display listener for pid 8732 died.
05-24 14:13:22.653  1643  4038 V ActivityManager: Death received in com.android.server.am.ActivityManagerService$AppDeathRecipient@439ffb for thread android.os.BinderProxy@eabc818
05-24 14:13:22.673  1643  2110 I ColorAppSwitchManagerService: appswitch registerAppSwitchObserver pName = com@@coloros@@gamespace observer = com.oplus.app.IOplusAppSwitchObserver$Stub$Proxy@2565023 config = OplusAppSwitchConfig = {  mConfigs = {2=[TOM@@android@@storagemanager, TOM@@android@@printspooler, TOM@@mediatek@@frameworkresoverlay, android@@frameworkres@@overlay, TOM@@CO@@healthcheck, TOM@@google@@ar@@core, TOM@@CO@@blacklistapp, TOM@@android@@pacprocessor, TOM@@mediatek@@capctrl@@service, TOM@@google@@android@@apps@@work@@clouddpc, TOM@@google@@android@@apps@@restore, TOM@@android@@wallpaper@@livepicker, TOM@@google@@android@@overlay@@modules@@permissioncontroller@@forframework, TOM@@android@@internal@@systemui@@navbar@@gestural_narrow_back, TOM@@google@@android@@cellbroadcastservice, TOM@@android@@providers@@telephony, TOM@@android@@contacts, TOM@@google@@android@@partnersetup, TOM@@android@@internal@@display@@cutout@@emulation@@waterfall, TOM@@google@@android@@tts, TOM@@OP@@quicksearchbox, TOM@@CO@@phonemanager, TOM@@mediatek@@voiceTOMmand, TOM@@mediatek@@systemuiresoverlay, TOM@@android@@wifi@@resources@@overlay@@oplus, TOM@@oplus@@onetrace, TOM@@google@@android@@ext@@shared, TOM@@android@@cts@@ctsshim, TOM@@google@@android@@networkstack@@permissionconfig, TOM@@OP@@OPpowermonitor, TOM@@android@@mtp, TOM@@color@@uiengine, TOM@@google@@android@@connectivity@@resources, TOM@@CO@@securepay, TOM@@android@@nfc, TOM@@OP@@atlas, TOM@@android@@email@@partnerprovider, TOM@@android@@bookmarkprovider, TOM@@CO@@oshare, TOM@@google@@android@@overlay@@gms, TOM@@heytap@@quickgame, TOM@@android@@systemui@@overlay@@fingerprint@@anim@@lgsy, TOM@@OP@@engineermode@@camera, TOM@@android@@carrierdefaultapp, TOM@@google@@mainline@@telemetry, TOM@@CO@@bootreg, TOM@@android@@internal@@systemui@@navbar@@gestural_extra_wide_back, TOM@@google@@android@@overlay@@gmsconfig@@TOMms, TOM@@CO@@screenshot, TOM@@android@@location@@fused, TOM@@CO@@weather@@service, TOM@@heytap@@appplatform, TOM@@android@@localtransport, TOM@@CO@@gamespace, TOM@@android@@theme@@icon@@squircle, TOM@@CO@@eyeprotect, TOM@@android@@TOMpaniondevicemanager, TOM@@oplus@@customize@@coreapp, TOM@@google@@android@@networkstack@@tethering, TOM@@mediatek@@smartratswitch@@service, TOM@@android@@theme@@icon_pack@@rounded@@themepicker, TOM@@android@@hotwordenrollment@@okgoogle, TOM@@google@@android@@overlay@@modules@@documentsui, TOM@@realme@@movieshot, TOM@@android@@internal@@systemui@@navbar@@gestural_wide_back, TOM@@CO@@childrenspace, TOM@@OP@@operationManual, TOM@@google@@android@@overlay@@gmsconfig@@gsa, TOM@@CO@@OPmultiapp, TOM@@mediatek@@lbs@@em2@@ui, TOM@@android@@theme@@icon_pack@@rounded@@launcher, TOM@@android@@shell, android@@autoinstalls@@config@@OP, TOM@@android@@incallui, TOM@@android@@providers@@userdictionary, TOM@@google@@android@@gms@@location@@history, TOM@@google@@android@@feedback, TOM@@android@@theme@@icon_pack@@rounded@@systemui, TOM@@OP@@ota, TOM@@android@@settings@@intelligence, TOM@@mediatek@@location@@lppe@@main, TOM@@heytap@@openid, TOM@@CO@@safecenter, TOM@@android@@theme@@icon_pack@@filled@@android, TOM@@android@@theme@@icon_pack@@filled@@launcher, TOM@@android@@bluetoothmidiservice, TOM@@google@@android@@cellbroadcastservice@@overlay, TOM@@android@@carrierconfig, TOM@@google@@android@@webview, TOM@@CO@@exsystemservice, TOM@@android@@theme@@icon_pack@@circular@@systemui, TOM@@fido@@uafclient, TOM@@google@@android@@printservice@@reTOMmendation, TOM@@CO@@gallery3d, TOM@@android@@theme@@icon@@pebble, TOM@@mediatek@@engineermode, TOM@@CO@@uxdesign, TOM@@android@@externalstorage, TOM@@CO@@wallpapers, TOM@@realmestore@@app, TOM@@android@@keychain, TOM@@OP@@lfeh, TOM@@CO@@assistantscreen, TOM@@CO@@ocs@@opencapabilityservice, TOM@@mediatek@@batterywarning, TOM@@android@@managedprovisioning, TOM@@android@@soundpicker, TOM@@android@@vendors@@bridge@@softsim, android, TOM@@google@@android@@gms, id@@moxa@@mabroor, TOM@@CO@@screenrecorder, TOM@@google@@android@@cellbroadcastreceiver@@overlay, TOM@@CO@@lockassistant, TOM@@OPex@@afterservice, TOM@@debug@@loggerui, T
05-24 14:13:22.673  1643  2110 I ColorAppSwitchStateDispatcher: registerAppSwitchObserver addDynamicListener OK, info = ColorAppSwitchRuleInfo = {  observer = com.oplus.app.IOplusAppSwitchObserver$Stub$Proxy@2565023 observerFingerPrint = 92496504} rule size =2
05-24 14:13:22.674  1643  2551 I ColorAppSwitchManagerService: appswitch unregisterAppSwitchObserver pkgName = com.coloros.gamespace config = OplusAppSwitchConfig = {  mConfigs = {} observerFingerPrint = 96271478}
05-24 14:13:22.674  1643  2551 I ColorAppSwitchStateDispatcher: unregisterAppSwitchObserver ok, pkgName = com.coloros.gamespace info = ColorAppSwitchRuleInfo = {  observer = null observerFingerPrint = 96271478}
05-24 14:13:22.679  1643  1643 D OppoBaseBatteryService: send broadcast : oppo.intent.action.BATTERY_DATA_UPDATE
05-24 14:13:22.681  1643  1643 W ContextImpl: Calling a method in the system process without a qualified user: android.app.ContextImpl.sendBroadcast:1158 com.android.server.OppoBaseBatteryService$2.run:280 android.os.Handler.handleCallback:938 android.os.Handler.dispatchMessage:99 android.os.Looper.loop:255 
05-24 14:13:22.683  1643  5090 D BatteryLed: getLightInColorState, oppoLightMgr empty!
05-24 14:13:22.716  9689  9689 D ColorViewRootUtil: initSwipState, isDisplayCompatApp false
05-24 14:13:22.716  9689  9689 D ColorViewRootUtil: mScreenHeight 2400, mScreenWidth 1080
05-24 14:13:22.772  1643  2659 I ActivityManager: Killing 8953:com.daemon.shelper/1000 (adj 985): empty #9
05-24 14:13:22.787  1643  1671 W ActivityTaskManager: Activity top resumed state loss timeout for ActivityRecord{e3a0f77 u0 com.lasbon.skripjatim/.MainActivity t-1 f}}
05-24 14:13:22.892  1643  1687 W ActivityManager: Slow operation: 292ms so far, now at startProcess: returned from zygote!
05-24 14:13:22.912  1643  1687 W ActivityManager: Slow operation: 312ms so far, now at startProcess: done updating battery stats
05-24 14:13:22.913  1643  1687 W ActivityManager: Slow operation: 313ms so far, now at startProcess: building log message
05-24 14:13:22.913  1643  1687 I ActivityManager: Start proc 10022:com.nearme.romupdate/u0a142 for content provider {com.nearme.romupdate/com.coloros.romupdate.provider.RomUpdateContentProvider}
05-24 14:13:22.913  1643  1687 W ActivityManager: Slow operation: 313ms so far, now at startProcess: starting to update pids map
05-24 14:13:22.913  1643  1687 W ActivityManager: Slow operation: 313ms so far, now at startProcess: done updating pids map
05-24 14:13:22.948  1643  3073 W ActivityManager: Unable to start service Intent { act=com.google.android.gms.leibniz.events.service.START pkg=com.google.android.gms } U=0: not found
05-24 14:13:22.948  1643  4030 W ActivityManager: Unable to start service Intent { act=com.google.android.gms.leibniz.events.service.START pkg=com.google.android.gms } U=10: not found
05-24 14:13:22.970  1643  4041 W ActivityManager: Unbind failed: could not find connection for android.os.BinderProxy@76efc0e
05-24 14:13:22.979  1643  4071 W ActivityManager: Unbind failed: could not find connection for android.os.BinderProxy@22cb1a
05-24 14:13:23.081  1643  4020 D DisplayManagerService: Display listener for pid 8953 died.
05-24 14:13:23.081  1643  4020 V ActivityManager: Death received in com.android.server.am.ActivityManagerService$AppDeathRecipient@69fa58f for thread android.os.BinderProxy@205401c
05-24 14:13:23.159  1643  4020 I ActivityManager: Killing 8783:com.oppo.quicksearchbox/u0a67 (adj 985): empty #9
05-24 14:13:23.160  1643  4020 I ActivityManager: Killing 8980:com.heytap.themestore/u0a69 (adj 995): empty #10
05-24 14:13:23.171  1643  3141 V ActivityManager: New death recipient com.android.server.am.ActivityManagerService$AppDeathRecipient@3a06bfd for thread android.os.BinderProxy@ee340f2
05-24 14:13:23.255  1643  2551 E ORMS_Platform : OplusResourceManagerPlatformUtils: readFile function exception:/sys/devices/platform/soc/5000000.qcom,kgsl-3d0/kgsl/kgsl-3d0/freq_table_mhz: open failed: ENOENT (No such file or directory)
05-24 14:13:23.267  1643  4040 D DisplayManagerService: Display listener for pid 8783 died.
05-24 14:13:23.267  1643  4030 V ActivityManager: Death received in com.android.server.am.ActivityManagerService$AppDeathRecipient@f7719ac for thread android.os.BinderProxy@6908675
05-24 14:13:23.273  1643  2112 E ORMS_Platform : OplusResourceManagerPlatformUtils: readFile function exception:/sys/devices/platform/soc/5000000.qcom,kgsl-3d0/kgsl/kgsl-3d0/freq_table_mhz: open failed: ENOENT (No such file or directory)
05-24 14:13:23.392  1643  4040 V AlarmManager: set(PendingIntent{7fcf593: PendingIntentRecord{d5e3c62 com.nearme.romupdate broadcastIntent}}) : type=0 when=1653413566959whenElapsed75359076maxWhen =103231751 win=27872675 interval=0 flags=0x8 pkg = com.nearme.romupdate
05-24 14:13:23.440  1643  4040 V ActivityManager: Death received in com.android.server.am.ActivityManagerService$AppDeathRecipient@3e51664 for thread android.os.BinderProxy@ab530cd
05-24 14:13:23.440  1643  1660 D DisplayManagerService: Display listener for pid 8980 died.
05-24 14:13:23.736  1643  3141 D CompatibilityChangeReporter: Compat change id reported: 135634846; UID 10449; state: DISABLED
05-24 14:13:23.736  1643  1687 D CompatibilityChangeReporter: Compat change id reported: 143937733; UID 10449; state: ENABLED
05-24 14:13:23.778  1643  1687 I ActivityManager: Start proc 10182:com.google.android.webview:sandboxed_process0:org.chromium.content.app.SandboxedProcessService0:0/u0i194 for  {com.coloros.phonemanager/org.chromium.content.app.SandboxedProcessService0:0}
05-24 14:13:23.802  1643  2551 V ActivityManager: New death recipient com.android.server.am.ActivityManagerService$AppDeathRecipient@d8d954d for thread android.os.BinderProxy@f543802
05-24 14:13:23.908  1643  4040 I ActivityManager: Killing 9087:com.daemon.shelper/u10s1000 (adj 985): empty #9
05-24 14:13:23.997  1643  2112 D CompatibilityChangeReporter: Compat change id reported: 135634846; UID 10174; state: DISABLED
05-24 14:13:24.002  1643  1687 D CompatibilityChangeReporter: Compat change id reported: 143937733; UID 10174; state: ENABLED
05-24 14:13:24.058  1643  1687 W ActivityManager: Slow operation: 61ms so far, now at startProcess: returned from zygote!
05-24 14:13:24.058  1643  1687 W ActivityManager: Slow operation: 61ms so far, now at startProcess: done updating battery stats
05-24 14:13:24.059  1643  1687 W ActivityManager: Slow operation: 62ms so far, now at startProcess: building log message
05-24 14:13:24.059  1643  1687 I ActivityManager: Start proc 10254:com.google.android.webview:webview_service/u0a174 for service {com.google.android.webview/org.chromium.android_webview.services.ComponentsProviderService}
05-24 14:13:24.059  1643  1687 W ActivityManager: Slow operation: 62ms so far, now at startProcess: starting to update pids map
05-24 14:13:24.060  1643  1687 W ActivityManager: Slow operation: 62ms so far, now at startProcess: done updating pids map
05-24 14:13:24.090  1643  4041 V ActivityManager: New death recipient com.android.server.am.ActivityManagerService$AppDeathRecipient@e765224 for thread android.os.BinderProxy@140218d
05-24 14:13:24.183  9237 10277 E ActivityThread: Failed to find provider info for com.oplus.statistics.provider
05-24 14:13:24.295  1643  4040 V ActivityManager: Death received in com.android.server.am.ActivityManagerService$AppDeathRecipient@80f23fe for thread android.os.BinderProxy@fdde75f
05-24 14:13:24.295  1643  1660 D DisplayManagerService: Display listener for pid 9087 died.
05-24 14:13:24.361  1643  2721 D CompatibilityChangeReporter: Compat change id reported: 135634846; UID 1010163; state: DISABLED
05-24 14:13:24.361  1643  2721 D CompatibilityChangeReporter: Compat change id reported: 135754954; UID 1010163; state: ENABLED
05-24 14:13:24.362  1643  1687 D CompatibilityChangeReporter: Compat change id reported: 143937733; UID 1010163; state: ENABLED
05-24 14:13:24.389  1643  1687 I ActivityManager: Start proc 10322:com.android.vending:background/u10a163 for service {com.android.vending/com.google.android.finsky.ipcservers.background.BackgroundGrpcServerAndroidService}
05-24 14:13:24.418  1643  1660 V ActivityManager: New death recipient com.android.server.am.ActivityManagerService$AppDeathRecipient@4f83a6a for thread android.os.BinderProxy@7795b5b
05-24 14:13:24.485  1643  2112 I ActivityManager: Killing 9169:com.android.vending/u10a163 (adj 985): empty #9
05-24 14:13:24.502  1643  1643 W Looper  : Slow dispatch took 250ms main h=android.app.ActivityThread$H c=android.app.LoadedApk$ServiceDispatcher$RunConnection@92b1ec3 m=0
05-24 14:13:24.502  1643  1643 W Looper  : Slow delivery took 306ms main h=com.android.server.job.JobSchedulerService$JobHandler c=null m=4
05-24 14:13:24.525  1643  1915 D JobScheduler.Temperature: get temperature=34.3
05-24 14:13:24.549  1643  2112 D CompatibilityChangeReporter: Compat change id reported: 135634846; UID 10002; state: DISABLED
05-24 14:13:24.549  1643  1687 D CompatibilityChangeReporter: Compat change id reported: 143937733; UID 10002; state: ENABLED
05-24 14:13:24.573  1643  1687 I ActivityManager: Start proc 10359:com.google.android.webview:sandboxed_process0:org.chromium.content.app.SandboxedProcessService0:0/u0i195 for  {com.glance.internet/org.chromium.content.app.SandboxedProcessService0:0}
05-24 14:13:24.621  1643  4041 V ActivityManager: New death recipient com.android.server.am.ActivityManagerService$AppDeathRecipient@9275b1b for thread android.os.BinderProxy@56634b8
05-24 14:13:24.665  1643  1643 W Looper  : Slow dispatch took 126ms main h=com.android.server.job.JobSchedulerService$JobHandler c=null m=4
05-24 14:13:24.740  1643  4041 D DisplayManagerService: Display listener for pid 9169 died.
05-24 14:13:24.740  1643  1660 V ActivityManager: Death received in com.android.server.am.ActivityManagerService$AppDeathRecipient@add7916 for thread android.os.BinderProxy@8357297
05-24 14:13:24.740  1643  1764 D MtkConnectivityService: ConnectivityService NetworkRequestInfo binderDied(NetworkRequest [ LISTEN id=3203, [ Capabilities: INTERNET&NOT_RESTRICTED&TRUSTED&FOREGROUND Uid: 1010163 AdministratorUids: [] RequestorUid: 1010163 RequestorPackageName: com.android.vending] ], android.os.BinderProxy@5441e60)
05-24 14:13:24.740  1643  1661 D MtkConnectivityService: ConnectivityService NetworkRequestInfo binderDied(NetworkRequest [ TRACK_DEFAULT id=3202, [ Capabilities: INTERNET&NOT_RESTRICTED&TRUSTED Uid: 1010163 AdministratorUids: [] RequestorUid: 1010163 RequestorPackageName: com.android.vending] ], android.os.BinderProxy@d825f19)
05-24 14:13:24.813  1643  1660 I ActivityManager: Killing 9038:com.coloros.phonemanager:avast/u0a449 (adj 945): empty #9
05-24 14:13:24.855  1643  4042 V AlarmManager: set(PendingIntent{5ee77c1: PendingIntentRecord{bc2cb31 com.glance.internet broadcastIntent}}) : type=0 when=1653411600854whenElapsed73392972maxWhen =138192972 win=64800000 interval=86400000 flags=0x0 pkg = com.glance.internet
05-24 14:13:24.874  1643  4042 I ColorInternalServiceFactoryImpl: getColorCommonListManagerr
05-24 14:13:24.883  1643  1643 W Looper  : Slow dispatch took 102ms main h=com.android.server.job.JobSchedulerService$JobHandler c=null m=1
05-24 14:13:24.952  1643  4071 D MtkConnectivityService: ConnectivityService NetworkRequestInfo binderDied(NetworkRequest [ TRACK_DEFAULT id=3211, [ Capabilities: INTERNET&NOT_RESTRICTED&TRUSTED Uid: 10449 AdministratorUids: [] RequestorUid: 10449 RequestorPackageName: com.coloros.phonemanager] ], android.os.BinderProxy@ea02e43)
05-24 14:13:24.952  1643  4070 D MtkConnectivityService: ConnectivityService NetworkRequestInfo binderDied(NetworkRequest [ LISTEN id=3212, [ Capabilities: INTERNET&NOT_RESTRICTED&TRUSTED&FOREGROUND Uid: 10449 AdministratorUids: [] RequestorUid: 10449 RequestorPackageName: com.coloros.phonemanager] ], android.os.BinderProxy@31e4cc0)
05-24 14:13:24.952  1643  2110 D MtkConnectivityService: ConnectivityService NetworkRequestInfo binderDied(NetworkRequest [ TRACK_DEFAULT id=3206, [ Capabilities: INTERNET&NOT_RESTRICTED&TRUSTED Uid: 10449 AdministratorUids: [] RequestorUid: 10449 RequestorPackageName: com.coloros.phonemanager] ], android.os.BinderProxy@bc95df9)
05-24 14:13:24.952  1643  4027 V ActivityManager: Death received in com.android.server.am.ActivityManagerService$AppDeathRecipient@ba0744d for thread android.os.BinderProxy@74f2b02
05-24 14:13:24.952  1643  4020 D DisplayManagerService: Display listener for pid 9038 died.
05-24 14:13:24.960  1643  4027 I ActivityManager: Killing 10182:com.google.android.webview:sandboxed_process0:org.chromium.content.app.SandboxedProcessService0:0/u0a449i194 (adj 0): isolated not needed
05-24 14:13:24.989  1643  4027 D DisplayManagerService: Display listener for pid 10182 died.
05-24 14:13:24.989  1643  4030 V ActivityManager: Death received in com.android.server.am.ActivityManagerService$AppDeathRecipient@d8d954d for thread android.os.BinderProxy@f543802
05-24 14:13:25.072  1643  1765 D ColorAppListInterceptManager: shouldFilterTask
05-24 14:13:25.072  1643  1765 D ColorAppListInterceptManager: shouldFilterTask::packageName = com.whatsapp
05-24 14:13:25.072  1643  1765 D ColorAppListInterceptManager: shouldFilterTask
05-24 14:13:25.073  1643  1765 D ColorAppListInterceptManager: shouldFilterTask::packageName = com.lasbon.skripjatim
05-24 14:13:25.073  1643  1765 D ColorAppListInterceptManager: shouldFilterTask
05-24 14:13:25.073  1643  1765 D ColorAppListInterceptManager: shouldFilterTask::packageName = org.telegram.messenger
05-24 14:13:25.073  1643  1765 D ColorAppListInterceptManager: shouldFilterTask
05-24 14:13:25.073  1643  1765 D ColorAppListInterceptManager: shouldFilterTask::packageName = com.android.settings
05-24 14:13:25.074  1643  1765 D ColorAppListInterceptManager: shouldFilterTask
05-24 14:13:25.074  1643  1765 D ColorAppListInterceptManager: shouldFilterTask::packageName = com.bca
05-24 14:13:25.074  1643  1765 D ColorAppListInterceptManager: shouldFilterTask
05-24 14:13:25.074  1643  1765 D ColorAppListInterceptManager: shouldFilterTask::packageName = com.linkedin.android
05-24 14:13:25.074  1643  1765 D ColorAppListInterceptManager: shouldFilterTask
05-24 14:13:25.074  1643  1765 D ColorAppListInterceptManager: shouldFilterTask::packageName = com.facebook.katana
05-24 14:13:25.075  1643  1765 D ColorAppListInterceptManager: shouldFilterTask
05-24 14:13:25.075  1643  1765 D ColorAppListInterceptManager: shouldFilterTask::packageName = com.microsoft.office.outlook
05-24 14:13:25.075  1643  1765 D ColorAppListInterceptManager: shouldFilterTask
05-24 14:13:25.075  1643  1765 D ColorAppListInterceptManager: shouldFilterTask::packageName = com.anydesk.anydeskandroid
05-24 14:13:25.076  1643  1765 D ColorAppListInterceptManager: shouldFilterTask
05-24 14:13:25.076  1643  1765 D ColorAppListInterceptManager: shouldFilterTask::packageName = com.google.android.gm
05-24 14:13:25.113  1643  1765 W ActivityManager: Unable to start service Intent { act=com.google.android.gms.leibniz.events.service.START pkg=com.google.android.gms } U=10: not found
05-24 14:13:25.115  1643  1660 W ActivityManager: Unbind failed: could not find connection for android.os.BinderProxy@d6bd94c
05-24 14:13:25.153  1643  4030 D ColorAppListInterceptManager: shouldFilterTask
05-24 14:13:25.153  1643  4030 D ColorAppListInterceptManager: shouldFilterTask::packageName = com.whatsapp
05-24 14:13:25.153  1643  4030 D ColorAppListInterceptManager: shouldFilterTask
05-24 14:13:25.153  1643  4030 D ColorAppListInterceptManager: shouldFilterTask::packageName = com.lasbon.skripjatim
05-24 14:13:25.153  1643  4030 D ColorAppListInterceptManager: shouldFilterTask
05-24 14:13:25.153  1643  4030 D ColorAppListInterceptManager: shouldFilterTask::packageName = org.telegram.messenger
05-24 14:13:25.153  1643  4030 D ColorAppListInterceptManager: shouldFilterTask
05-24 14:13:25.153  1643  4030 D ColorAppListInterceptManager: shouldFilterTask::packageName = com.android.settings
05-24 14:13:25.153  1643  4030 D ColorAppListInterceptManager: shouldFilterTask
05-24 14:13:25.153  1643  4030 D ColorAppListInterceptManager: shouldFilterTask::packageName = com.bca
05-24 14:13:25.153  1643  4030 D ColorAppListInterceptManager: shouldFilterTask
05-24 14:13:25.153  1643  4030 D ColorAppListInterceptManager: shouldFilterTask::packageName = com.linkedin.android
05-24 14:13:25.153  1643  4030 D ColorAppListInterceptManager: shouldFilterTask
05-24 14:13:25.153  1643  4030 D ColorAppListInterceptManager: shouldFilterTask::packageName = com.facebook.katana
05-24 14:13:25.153  1643  4030 D ColorAppListInterceptManager: shouldFilterTask
05-24 14:13:25.153  1643  4030 D ColorAppListInterceptManager: shouldFilterTask::packageName = com.microsoft.office.outlook
05-24 14:13:25.154  1643  4030 D ColorAppListInterceptManager: shouldFilterTask
05-24 14:13:25.154  1643  4030 D ColorAppListInterceptManager: shouldFilterTask::packageName = com.anydesk.anydeskandroid
05-24 14:13:25.154  1643  4030 D ColorAppListInterceptManager: shouldFilterTask
05-24 14:13:25.154  1643  4030 D ColorAppListInterceptManager: shouldFilterTask::packageName = com.google.android.gm
05-24 14:13:25.235  1643  4030 V ActivityManager: Death received in com.android.server.am.ActivityManagerService$AppDeathRecipient@e2776b8 for thread android.os.BinderProxy@749cc91
05-24 14:13:25.235  1643  4040 D DisplayManagerService: Display listener for pid 9752 died.
05-24 14:13:25.235  1643  4030 I ActivityManager: Process com.lenovo.anyshare.gps:pkgextractor (pid 9752) has died: vis FGS 
05-24 14:13:25.235  1643  4030 W ContextImpl: Calling a method in the system process without a qualified user: android.app.ContextImpl.sendBroadcast:1143 com.android.server.am.OppoExtraActivityManagerService.setKeyLockModeNormal:51 com.android.server.am.ActivityManagerService.appDiedLocked:4323 com.android.server.am.ActivityManagerService$AppDeathRecipient.binderDied:1777 android.os.IBinder$DeathRecipient.binderDied:305 
05-24 14:13:25.237  1643  4030 W ActivityManager: Scheduling restart of crashed service com.lenovo.anyshare.gps/com.ushareit.tools.core.services.PkgExtractorService in 66926ms for connection
05-24 14:13:25.247  1643  1643 W Looper  : Drained
05-24 14:13:25.247  1643  4027 D DisplayManagerService: Display listener for pid 10359 died.
05-24 14:13:25.247  1643  4027 V ActivityManager: Death received in com.android.server.am.ActivityManagerService$AppDeathRecipient@9275b1b for thread android.os.BinderProxy@56634b8
05-24 14:13:25.247  1643  4027 I ActivityManager: Process com.google.android.webview:sandboxed_process0:org.chromium.content.app.SandboxedProcessService0:0 (pid 10359) has died: vis IMPF
05-24 14:13:25.247  1643  4027 W ContextImpl: Calling a method in the system process without a qualified user: android.app.ContextImpl.sendBroadcast:1143 com.android.server.am.OppoExtraActivityManagerService.setKeyLockModeNormal:51 com.android.server.am.ActivityManagerService.appDiedLocked:4323 com.android.server.am.ActivityManagerService$AppDeathRecipient.binderDied:1777 android.os.IBinder$DeathRecipient.binderDied:305 
05-24 14:13:25.248  1643  4027 W ActivityManager: Scheduling restart of crashed service com.glance.internet/org.chromium.content.app.SandboxedProcessService0:0 in 76915ms for connection
05-24 14:13:25.253  1643  4023 V ActivityManager: Has totaly same connectionRecord, just reuse it!
05-24 14:13:25.254  1643  4023 D CompatibilityChangeReporter: Compat change id reported: 135634846; UID 10256; state: DISABLED
05-24 14:13:25.254  1643  4023 D CompatibilityChangeReporter: Compat change id reported: 135754954; UID 10256; state: ENABLED
05-24 14:13:25.254  1643  1687 D CompatibilityChangeReporter: Compat change id reported: 143937733; UID 10256; state: ENABLED
05-24 14:13:25.278  1643  1687 I ActivityManager: Start proc 10464:com.lenovo.anyshare.gps:pkgextractor/u0a256 for service {com.lenovo.anyshare.gps/com.ushareit.tools.core.services.PkgExtractorService}
05-24 14:13:25.290  1643  1921 D ORMS_CORE: T(O)
05-24 14:13:25.290  1643  1921 D ORMS_CORE: Remove app timeout handle: 7647430919529009799scene/action: 1019/2  timeout_left:-2169
05-24 14:13:25.290  1643  1921 D ORMS_CORE: FinalSceneAction null
05-24 14:13:25.290  1643  1921 D ORMS_CORE: TCpuL:-1 TGpuL:-1 TCtrlL:-1 TModeOn:0 IdleS:0 PowerMode:NORMAL_MODE BenchMark:0 HaveCtrlD:0
05-24 14:13:25.291  1643  1921 D ORMS_CORE: request mDecision:SAResult Info{ minCpuCore: -1 -1 ,  minCpuFreq: -1 -1 ,  maxCpuCore: -1 -1 ,  maxCpuFreq: -1 -1 ,  minGpuCore: -1 ,  minGpuFreq: -1 ,  maxGpuCore: -1 ,  maxGpuFreq: -1 , Lpm=-1, clkscale=-1, schedwinstats=-1, twinpolicy=-1, fgwinpolicy=-1, bgwinpolicy=-1, schedPreferSpread=-1, colocate=-1, slb=-1, fpsgo=-1, schedBoost=-1, ddrFreq=-1, migrate= migfrate: -1 -1 , hardLevel=false}
05-24 14:13:25.292  1643  1921 D ORMS_CORE: package fpsgo check : write force_onoff 1
05-24 14:13:25.295  1643  2011 I WindowManager: WIN DEATH: Window{7369c03 u0 com.coloros.assistantscreen}
05-24 14:13:25.297  1643  2721 V ActivityManager: Death received in com.android.server.am.ActivityManagerService$AppDeathRecipient@ebac735 for thread android.os.BinderProxy@63727ca
05-24 14:13:25.297  1643  2110 D DisplayManagerService: Display listener for pid 9689 died.
05-24 14:13:25.300  1643  4070 W WindowManager: Cannot find window which accessibility connection is added to
05-24 14:13:25.302  1643  2721 I ActivityManager: Process com.coloros.assistantscreen (pid 9689) has died: vis BFGS
05-24 14:13:25.302  1643  2721 W ContextImpl: Calling a method in the system process without a qualified user: android.app.ContextImpl.sendBroadcast:1143 com.android.server.am.OppoExtraActivityManagerService.setKeyLockModeNormal:51 com.android.server.am.ActivityManagerService.appDiedLocked:4323 com.android.server.am.ActivityManagerService$AppDeathRecipient.binderDied:1777 android.os.IBinder$DeathRecipient.binderDied:305 
05-24 14:13:25.304  1643  2721 W ActivityManager: Scheduling restart of crashed service com.coloros.assistantscreen/.window.AssistantWindowService in 86859ms for connection
05-24 14:13:25.309  1643  3583 V ActivityManager: Death received in com.android.server.am.ActivityManagerService$AppDeathRecipient@8210ac7 for thread android.os.BinderProxy@44468f4
05-24 14:13:25.309  1643  4041 D DisplayManagerService: Display listener for pid 9773 died.
05-24 14:13:25.309  1643  1661 D MtkConnectivityService: ConnectivityService NetworkRequestInfo binderDied(NetworkRequest [ LISTEN id=3210, [ Transports: WIFI Capabilities: NOT_RESTRICTED&TRUSTED&NOT_VPN&FOREGROUND Uid: 10002 AdministratorUids: [] RequestorUid: 10002 RequestorPackageName: com.glance.internet] ], android.os.BinderProxy@2575e36)
05-24 14:13:25.309  1643  1804 W ContextImpl: Calling a method in the system process without a qualified user: android.app.ContextImpl.sendBroadcast:1158 com.android.server.ColorAlarmManagerHelper$WorkerHandler.handleMessage:1587 android.os.Handler.dispatchMessage:106 android.os.Looper.loop:255 android.os.HandlerThread.run:67 
05-24 14:13:25.311  1643  3592 V ActivityManager: New death recipient com.android.server.am.ActivityManagerService$AppDeathRecipient@1abc137 for thread android.os.BinderProxy@28a36a4
05-24 14:13:25.317  1643  3583 I ActivityManager: Process com.glance.internet (pid 9773) has died: vis IMPF
05-24 14:13:25.317  1643  3583 W ContextImpl: Calling a method in the system process without a qualified user: android.app.ContextImpl.sendBroadcast:1143 com.android.server.am.OppoExtraActivityManagerService.setKeyLockModeNormal:51 com.android.server.am.ActivityManagerService.appDiedLocked:4323 com.android.server.am.ActivityManagerService$AppDeathRecipient.binderDied:1777 android.os.IBinder$DeathRecipient.binderDied:305 
05-24 14:13:25.320  1643  3583 W ActivityManager: Scheduling restart of crashed service com.glance.internet/.service.KeepAliveService in 66843ms for connection
05-24 14:13:25.324  1643  3687 V ActivityManager: Has totaly same connectionRecord, just reuse it!
05-24 14:13:25.325  1643  3687 D CompatibilityChangeReporter: Compat change id reported: 135634846; UID 10002; state: DISABLED
05-24 14:13:25.325  1643  3687 D CompatibilityChangeReporter: Compat change id reported: 135754954; UID 10002; state: ENABLED
05-24 14:13:25.325  1643  1687 D CompatibilityChangeReporter: Compat change id reported: 143937733; UID 10002; state: ENABLED
05-24 14:13:25.330  1643  4040 D DisplayManagerService: Display listener for pid 9784 died.
05-24 14:13:25.330  1643  1765 V ActivityManager: Death received in com.android.server.am.ActivityManagerService$AppDeathRecipient@61da467 for thread android.os.BinderProxy@1609214
05-24 14:13:25.332  1643  1765 I ActivityManager: Process com.google.android.webview:sandboxed_process0:org.chromium.content.app.SandboxedProcessService0:0 (pid 9784) has died: cch+25 CEM 
05-24 14:13:25.332  1643  1765 W ContextImpl: Calling a method in the system process without a qualified user: android.app.ContextImpl.sendBroadcast:1143 com.android.server.am.OppoExtraActivityManagerService.setKeyLockModeNormal:51 com.android.server.am.ActivityManagerService.appDiedLocked:4323 com.android.server.am.ActivityManagerService$AppDeathRecipient.binderDied:1777 android.os.IBinder$DeathRecipient.binderDied:305 
05-24 14:13:25.334  1643  1765 W ActivityManager: Scheduling restart of crashed service com.coloros.phonemanager/org.chromium.content.app.SandboxedProcessService0:0 in 66829ms for connection
05-24 14:13:25.342  1643  1687 I ActivityManager: Start proc 10487:com.glance.internet/u0a2 for service {com.glance.internet/com.glance.internet.service.KeepAliveService}
05-24 14:13:25.360  1643  4028 D DisplayManagerService: Display listener for pid 10254 died.
05-24 14:13:25.360  1643  3592 V ActivityManager: Death received in com.android.server.am.ActivityManagerService$AppDeathRecipient@e765224 for thread android.os.BinderProxy@140218d
05-24 14:13:25.360  1643  3592 I ActivityManager: Process com.google.android.webview:webview_service (pid 10254) has died: cch+15 CEM 
05-24 14:13:25.361  1643  3592 W ContextImpl: Calling a method in the system process without a qualified user: android.app.ContextImpl.sendBroadcast:1143 com.android.server.am.OppoExtraActivityManagerService.setKeyLockModeNormal:51 com.android.server.am.ActivityManagerService.appDiedLocked:4323 com.android.server.am.ActivityManagerService$AppDeathRecipient.binderDied:1777 android.os.IBinder$DeathRecipient.binderDied:305 
05-24 14:13:25.372  1643  3074 V ActivityManager: New death recipient com.android.server.am.ActivityManagerService$AppDeathRecipient@591c0e6 for thread android.os.BinderProxy@fb96627
05-24 14:13:25.412  1643  3074 D DisplayManagerService: Display listener for pid 9117 died.
05-24 14:13:25.412  1643  3592 V ActivityManager: Death received in com.android.server.am.ActivityManagerService$AppDeathRecipient@4f4c7cb for thread android.os.BinderProxy@31b1ba8
05-24 14:13:25.412  1643  1764 D MtkConnectivityService: ConnectivityService NetworkRequestInfo binderDied(NetworkRequest [ TRACK_DEFAULT id=3204, [ Capabilities: INTERNET&NOT_RESTRICTED&TRUSTED Uid: 10163 AdministratorUids: [] RequestorUid: 10163 RequestorPackageName: com.android.vending] ], android.os.BinderProxy@c7e06be)
05-24 14:13:25.412  1643  3074 D MtkConnectivityService: ConnectivityService NetworkRequestInfo binderDied(NetworkRequest [ LISTEN id=3205, [ Capabilities: INTERNET&NOT_RESTRICTED&TRUSTED Uid: 10163 AdministratorUids: [] RequestorUid: 10163 RequestorPackageName: com.android.vending] ], android.os.BinderProxy@caaf31f)
05-24 14:13:25.412  1643  3592 I ActivityManager: Process com.android.vending (pid 9117) has died: cch+15 CEM 
05-24 14:13:25.412  1643  3592 W ContextImpl: Calling a method in the system process without a qualified user: android.app.ContextImpl.sendBroadcast:1143 com.android.server.am.OppoExtraActivityManagerService.setKeyLockModeNormal:51 com.android.server.am.ActivityManagerService.appDiedLocked:4323 com.android.server.am.ActivityManagerService$AppDeathRecipient.binderDied:1777 android.os.IBinder$DeathRecipient.binderDied:305 
05-24 14:13:25.416  1643  1661 D DisplayManagerService: Display listener for pid 10322 died.
05-24 14:13:25.416  1643  2011 V ActivityManager: Death received in com.android.server.am.ActivityManagerService$AppDeathRecipient@4f83a6a for thread android.os.BinderProxy@7795b5b
05-24 14:13:25.416  1643  3074 D MtkConnectivityService: ConnectivityService NetworkRequestInfo binderDied(NetworkRequest [ TRACK_DEFAULT id=3213, [ Capabilities: INTERNET&NOT_RESTRICTED&TRUSTED Uid: 1010163 AdministratorUids: [] RequestorUid: 1010163 RequestorPackageName: com.android.vending] ], android.os.BinderProxy@3d7266c)
05-24 14:13:25.416  1643  1765 D MtkConnectivityService: ConnectivityService NetworkRequestInfo binderDied(NetworkRequest [ LISTEN id=3201, [ Transports: WIFI Capabilities: INTERNET&NOT_RESTRICTED&TRUSTED&NOT_VPN Uid: 10118 AdministratorUids: [] RequestorUid: 10118 RequestorPackageName: com.nearme.gamecenter] ], android.os.BinderProxy@3d87435)
05-24 14:13:25.416  1643  3074 V ActivityManager: Death received in com.android.server.am.ActivityManagerService$AppDeathRecipient@10beda for thread android.os.BinderProxy@7e3df0b
05-24 14:13:25.419  1643  4040 D DisplayManagerService: Display listener for pid 8682 died.
05-24 14:13:25.421  1643  2011 I ActivityManager: Process com.android.vending:background (pid 10322) has died: cch+5 CEM 
05-24 14:13:25.421  1643  2011 W ContextImpl: Calling a method in the system process without a qualified user: android.app.ContextImpl.sendBroadcast:1143 com.android.server.am.OppoExtraActivityManagerService.setKeyLockModeNormal:51 com.android.server.am.ActivityManagerService.appDiedLocked:4323 com.android.server.am.ActivityManagerService$AppDeathRecipient.binderDied:1777 android.os.IBinder$DeathRecipient.binderDied:305 
05-24 14:13:25.427  1643  3074 I ActivityManager: Process com.nearme.gamecenter (pid 8682) has died: svcb SVC 
05-24 14:13:25.427  1643  3074 W ContextImpl: Calling a method in the system process without a qualified user: android.app.ContextImpl.sendBroadcast:1143 com.android.server.am.OppoExtraActivityManagerService.setKeyLockModeNormal:51 com.android.server.am.ActivityManagerService.appDiedLocked:4323 com.android.server.am.ActivityManagerService$AppDeathRecipient.binderDied:1777 android.os.IBinder$DeathRecipient.binderDied:305 
05-24 14:13:25.428  1643  1804 W ContextImpl: Calling a method in the system process without a qualified user: android.app.ContextImpl.sendBroadcast:1158 com.android.server.ColorAlarmManagerHelper$WorkerHandler.handleMessage:1587 android.os.Handler.dispatchMessage:106 android.os.Looper.loop:255 android.os.HandlerThread.run:67 
05-24 14:13:25.469  1643  3592 V ActivityManager: Death received in com.android.server.am.ActivityManagerService$AppDeathRecipient@79314e0 for thread android.os.BinderProxy@f3c5399
05-24 14:13:25.469  1643  4029 D MtkConnectivityService: ConnectivityService NetworkRequestInfo binderDied(NetworkRequest [ TRACK_DEFAULT id=3216, [ Capabilities: INTERNET&NOT_RESTRICTED&TRUSTED Uid: 1010449 AdministratorUids: [] RequestorUid: 1010449 RequestorPackageName: com.coloros.phonemanager] ], android.os.BinderProxy@58dd704)
05-24 14:13:25.469  1643  3592 I ActivityManager: Process com.coloros.phonemanager:avast (pid 9375) has died: cch+25 CEM 
05-24 14:13:25.469  1643  1660 D MtkConnectivityService: ConnectivityService NetworkRequestInfo binderDied(NetworkRequest [ LISTEN id=3217, [ Capabilities: INTERNET&NOT_RESTRICTED&TRUSTED&FOREGROUND Uid: 1010449 AdministratorUids: [] RequestorUid: 1010449 RequestorPackageName: com.coloros.phonemanager] ], android.os.BinderProxy@5fff4ed)
