05-24 14:13:00.025  1643  1687 D CompatibilityChangeReporter: Compat change id reported: 143937733; UID 10156; state: ENABLED
05-24 14:13:00.052  1643  1687 I ActivityManager: Start proc 7806:com.google.process.gservices/u0a156 for content provider {com.google.android.gsf/com.google.android.gsf.gservices.GservicesProvider}
05-24 14:13:00.080  1643  4037 V ActivityManager: New death recipient com.android.server.am.ActivityManagerService$AppDeathRecipient@656a5c7 for thread android.os.BinderProxy@85167f4
05-24 14:13:00.144  1643  4037 E OplusCustomizeRestrictionManagerService: isBiometricDisabled start
05-24 14:13:00.145  1643  4070 W DevicePolicyManager: Unknown user type: UserInfo{999:multiApp:4000410}
05-24 14:13:00.145  1643  4070 E OplusCustomizeRestrictionManagerService: isBiometricDisabled start
05-24 14:13:00.387  1643  2551 D CompatibilityChangeReporter: Compat change id reported: 135634846; UID 10156; state: DISABLED
05-24 14:13:00.388  1643  2551 D CompatibilityChangeReporter: Compat change id reported: 135754954; UID 10156; state: ENABLED
05-24 14:13:00.388  1643  1687 D CompatibilityChangeReporter: Compat change id reported: 143937733; UID 10156; state: ENABLED
05-24 14:13:00.406  1643  1687 I ActivityManager: Start proc 7871:com.google.android.gms/u0a156 for service {com.google.android.gms/com.google.android.gms.chimera.GmsBoundBrokerService}
05-24 14:13:00.420  1643  4037 V ActivityManager: New death recipient com.android.server.am.ActivityManagerService$AppDeathRecipient@6e89f8f for thread android.os.BinderProxy@943b21c
05-24 14:13:00.426  1643  1687 I ActivityManager: Start proc 7893:com.google.process.gapps/u0a156 for content provider {com.google.android.gsf/com.google.android.gsf.settings.GoogleSettingsProvider}
05-24 14:13:00.439  1643  2112 V ActivityManager: New death recipient com.android.server.am.ActivityManagerService$AppDeathRecipient@865da4c for thread android.os.BinderProxy@ea94a95
05-24 14:13:00.836  1643  3141 D CompatibilityChangeReporter: Compat change id reported: 135634846; UID 10163; state: DISABLED
05-24 14:13:00.837  1643  3141 D CompatibilityChangeReporter: Compat change id reported: 135754954; UID 10163; state: ENABLED
05-24 14:13:00.837  1643  1687 D CompatibilityChangeReporter: Compat change id reported: 143937733; UID 10163; state: ENABLED
05-24 14:13:00.854  1643  1687 I ActivityManager: Start proc 7943:com.android.vending:background/u0a163 for service {com.android.vending/com.google.android.finsky.ipcservers.background.BackgroundGrpcServerAndroidService}
05-24 14:13:00.881  1643  4037 V ActivityManager: New death recipient com.android.server.am.ActivityManagerService$AppDeathRecipient@3955f84 for thread android.os.BinderProxy@dcc136d
05-24 14:13:01.055  1643  4070 V ActivityManager: Death received in com.android.server.am.ActivityManagerService$AppDeathRecipient@5eff225 for thread android.os.BinderProxy@8f8ffa
05-24 14:13:01.055  1643  2551 D DisplayManagerService: Display listener for pid 7405 died.
05-24 14:13:01.055  1643  4070 I ActivityManager: Process com.google.android.apps.wellbeing (pid 7405) has died: cch+75 CEM 
05-24 14:13:01.056  1643  4070 W ContextImpl: Calling a method in the system process without a qualified user: android.app.ContextImpl.sendBroadcast:1143 com.android.server.am.OppoExtraActivityManagerService.setKeyLockModeNormal:51 com.android.server.am.ActivityManagerService.appDiedLocked:4323 com.android.server.am.ActivityManagerService$AppDeathRecipient.binderDied:1777 android.os.IBinder$DeathRecipient.binderDied:305 
05-24 14:13:01.601  1643  1643 V AlarmManager: set(null) : type=3 when=38218277whenElapsed38218277maxWhen =38251696 win=33419 interval=0 flags=0x0 pkg = android
05-24 14:13:01.602  1643  1643 W Looper  : Slow dispatch took 107ms main h=android.os.Handler c=android.app.AlarmManager$ListenerWrapper@5a1768c m=0
05-24 14:13:01.795  1643  2551 V AlarmManager: set(null) : type=2 when=38232479whenElapsed38232479maxWhen =38276404 win=43925 interval=0 flags=0x0 pkg = android
05-24 14:13:01.853  1643  2551 V AlarmManager: set(null) : type=3 when=38202479whenElapsed38202479maxWhen =38223860 win=21381 interval=0 flags=0x0 pkg = android
05-24 14:13:01.856  1643  1643 W Looper  : Slow dispatch took 137ms main h=com.android.server.job.JobSchedulerService$JobHandler c=null m=4
05-24 14:13:03.901  1643  4038 I ActivityManager: Killing 7575:com.android.phone/u10s1001 (adj 965): empty #9
05-24 14:13:03.950  1643  2112 D DisplayManagerService: Display listener for pid 7575 died.
05-24 14:13:03.950  1643  2659 V ActivityManager: Death received in com.android.server.am.ActivityManagerService$AppDeathRecipient@bb8bcc4 for thread android.os.BinderProxy@ac447ad
05-24 14:13:03.951  1643  2659 I Watchdog: Interesting Java process com.android.phone died. Pid 7575
05-24 14:13:04.406  1643  5090 D BatteryLed: getLightInColorState, oppoLightMgr empty!
05-24 14:13:04.508  1643  1915 D JobScheduler.Temperature: get temperature=34.3
05-24 14:13:10.555  1643  5090 D BatteryLed: getLightInColorState, oppoLightMgr empty!
05-24 14:13:12.251  1643  1807 V AlarmManager: set(PendingIntent{1322123: PendingIntentRecord{780bbd9 com.oppo.nhs broadcastIntent}}) : type=3 when=38424000whenElapsed38424000maxWhen =38649000 win=225000 interval=300000 flags=0x8 pkg = com.oppo.nhs
05-24 14:13:12.275  1643  2551 V AlarmManager: set(PendingIntent{86a0cb0: PendingIntentRecord{4cfee76 com.oppo.nhs broadcastIntent}}) : type=2 when=39084392whenElapsed39084392maxWhen =39759392 win=675000 interval=0 flags=0x8 pkg = com.oppo.nhs
05-24 14:13:12.305  1643  2551 V AlarmManager: set(PendingIntent{ddb43dc: PendingIntentRecord{99b766e com.facebook.services startService}}) : type=2 when=39144412whenElapsed39144412maxWhen =39144412 win=0 interval=0 flags=0x4 pkg = com.facebook.services
05-24 14:13:12.311  1643  2551 V AlarmManager: set(PendingIntent{d311ce5: PendingIntentRecord{f4d4bb1 com.facebook.services broadcastIntent}}) : type=2 when=38208428whenElapsed38208428maxWhen =38208428 win=0 interval=0 flags=0x4 pkg = com.facebook.services
05-24 14:13:12.623  1643  2551 V AlarmManager: set(PendingIntent{2d543ba: PendingIntentRecord{4cfee76 com.oppo.nhs broadcastIntent}}) : type=2 when=39084740whenElapsed39084740maxWhen =39759739 win=674999 interval=0 flags=0x8 pkg = com.oppo.nhs
05-24 14:13:12.915  1643  2551 D DisplayManagerService: Display listener for pid 7626 died.
05-24 14:13:12.915  1643  2659 V ActivityManager: Death received in com.android.server.am.ActivityManagerService$AppDeathRecipient@acc491c for thread android.os.BinderProxy@ee9d925
05-24 14:13:12.915  1643  2659 I ActivityManager: Process com.nearme.romupdate (pid 7626) has died: cch+85 CEM 
05-24 14:13:12.915  1643  2659 W ContextImpl: Calling a method in the system process without a qualified user: android.app.ContextImpl.sendBroadcast:1143 com.android.server.am.OppoExtraActivityManagerService.setKeyLockModeNormal:51 com.android.server.am.ActivityManagerService.appDiedLocked:4323 com.android.server.am.ActivityManagerService$AppDeathRecipient.binderDied:1777 android.os.IBinder$DeathRecipient.binderDied:305 
05-24 14:13:12.927  1643  1804 W ContextImpl: Calling a method in the system process without a qualified user: android.app.ContextImpl.sendBroadcast:1158 com.android.server.ColorAlarmManagerHelper$WorkerHandler.handleMessage:1587 android.os.Handler.dispatchMessage:106 android.os.Looper.loop:255 android.os.HandlerThread.run:67 
05-24 14:13:13.103  1643  1763 D ColorPackageInstallInterceptManager: installStage send adb install pkg:com.lasbon.skripjatim   path: /data/app/vmdl127719081.tmp/base.apk installFlags:5242998
05-24 14:13:13.103  1643  1763 D ColorPackageInstallInterceptManager: installStage send adb replace install, silent
05-24 14:13:13.103  1643  1763 D OppoPackageManagerService: installStage com.lasbon.skripjatim, dir=/data/app/vmdl127719081.tmp, installerPackageName=pc, installerUid=2000, full=false
05-24 14:13:13.111  1643  1661 D CompatibilityChangeReporter: Compat change id reported: 135634846; UID 10144; state: DISABLED
05-24 14:13:13.112  1643  1661 D CompatibilityChangeReporter: Compat change id reported: 135754954; UID 10144; state: ENABLED
05-24 14:13:13.112  1643  1687 D CompatibilityChangeReporter: Compat change id reported: 143937733; UID 10144; state: ENABLED
05-24 14:13:13.124  1643  1687 I ActivityManager: Start proc 8015:com.realme.securitycheck/u0a144 for broadcast {com.realme.securitycheck/com.realme.securitycheck.PackageChangedReceiver}
05-24 14:13:13.150  1643  2659 V ActivityManager: New death recipient com.android.server.am.ActivityManagerService$AppDeathRecipient@53920a4 for thread android.os.BinderProxy@41d0e0d
05-24 14:13:13.187  1643  1710 I PackageManager: Integrity check passed for file:///data/app/vmdl127719081.tmp
05-24 14:13:13.250  1643  2659 V AlarmManager: set(PendingIntent{120fb79: PendingIntentRecord{ef8b706 com.heytap.mcs startService}}) : type=2 when=38470367whenElapsed38470367maxWhen =38480367 win=10000 interval=0 flags=0x8 pkg = com.heytap.mcs
05-24 14:13:13.730  1643  2551 W ActivityManager: Unable to start service Intent { act=com.google.android.gms.leibniz.events.service.START pkg=com.google.android.gms } U=0: not found
05-24 14:13:13.730  1643  2551 W ActivityManager: Unbind failed: could not find connection for android.os.BinderProxy@75a11c4
05-24 14:13:14.007  1643  2551 D CompatibilityChangeReporter: Compat change id reported: 135634846; UID 10144; state: DISABLED
05-24 14:13:14.008  1643  1687 D CompatibilityChangeReporter: Compat change id reported: 143937733; UID 10144; state: ENABLED
05-24 14:13:14.019  1643  1687 I ActivityManager: Start proc 8118:com.google.android.webview:sandboxed_process0:org.chromium.content.app.SandboxedProcessService0:0/u0i192 for  {com.realme.securitycheck/org.chromium.content.app.SandboxedProcessService0:0}
05-24 14:13:14.019  1643  2551 V ActivityManager: Death received in com.android.server.am.ActivityManagerService$AppDeathRecipient@e965719 for thread android.os.BinderProxy@ae2e3de
05-24 14:13:14.019  1643  3074 D DisplayManagerService: Display listener for pid 7593 died.
05-24 14:13:14.019  1643  2551 I ActivityManager: Process android.process.acore (pid 7593) has died: cch+55 CEM 
05-24 14:13:14.019  1643  2551 W ContextImpl: Calling a method in the system process without a qualified user: android.app.ContextImpl.sendBroadcast:1143 com.android.server.am.OppoExtraActivityManagerService.setKeyLockModeNormal:51 com.android.server.am.ActivityManagerService.appDiedLocked:4323 com.android.server.am.ActivityManagerService$AppDeathRecipient.binderDied:1777 android.os.IBinder$DeathRecipient.binderDied:305 
05-24 14:13:14.041  1643  2551 V ActivityManager: New death recipient com.android.server.am.ActivityManagerService$AppDeathRecipient@b6d7151 for thread android.os.BinderProxy@bc61db6
05-24 14:13:14.509  1643  3592 I ActivityManager: Killing 7673:com.google.android.cellbroadcastreceiver/u0a454 (adj 955): empty #9
05-24 14:13:14.515  1643  1915 D JobScheduler.Temperature: get temperature=34.3
05-24 14:13:14.533  1643  2551 D DisplayManagerService: Display listener for pid 7673 died.
05-24 14:13:14.533  1643  4041 V ActivityManager: Death received in com.android.server.am.ActivityManagerService$AppDeathRecipient@3e75a9c for thread android.os.BinderProxy@7c54ca5
05-24 14:13:14.567  1643  1686 I ActivityManager: Force stopping com.lasbon.skripjatim appid=10495 user=-1: installPackageLI
05-24 14:13:14.569  1643  1686 W ContextImpl: Calling a method in the system process without a qualified user: android.app.ContextImpl.sendBroadcast:1143 com.android.server.am.OppoExtraActivityManagerService.setKeyLockModeNormal:51 com.android.server.am.ActivityManagerService.forceStopPackageLocked:5390 com.android.server.am.ActivityManagerService$MainHandler.handleMessage:2029 android.os.Handler.dispatchMessage:106 
05-24 14:13:14.570  1643  1710 I PackageManager: Update package com.lasbon.skripjatim code path from /data/app/~~UtBnM9OMqwk0ORF9fXw14w==/com.lasbon.skripjatim-vcouOn7jVnehjSR7u_fs0A== to /data/app/~~UI-LXpX3i-oeOazOt-0enQ==/com.lasbon.skripjatim-wfkIsA3LI57YBE4BeQPFtw==; Retain data and using new
05-24 14:13:14.570  1643  1710 I PackageManager: Update package com.lasbon.skripjatim resource path from /data/app/~~UtBnM9OMqwk0ORF9fXw14w==/com.lasbon.skripjatim-vcouOn7jVnehjSR7u_fs0A== to /data/app/~~UI-LXpX3i-oeOazOt-0enQ==/com.lasbon.skripjatim-wfkIsA3LI57YBE4BeQPFtw==; Retain data and using new
05-24 14:13:14.572  1643  1710 I AppsFilter: interaction: PackageSetting{ad75c0a id.moxa/10492} -> PackageSetting{a11e820 com.lasbon.skripjatim/10495} BLOCKED
05-24 14:13:14.572  1643  1710 I AppsFilter: interaction: PackageSetting{5e2da98 com.example.myapplication/10173} -> PackageSetting{a11e820 com.lasbon.skripjatim/10495} BLOCKED
05-24 14:13:14.572  1643  1710 I AppsFilter: interaction: PackageSetting{9c192f1 id.moxa.mabroor/10491} -> PackageSetting{a11e820 com.lasbon.skripjatim/10495} BLOCKED
05-24 14:13:14.573  1643  1710 I AppsFilter: interaction: PackageSetting{9972ed6 com.example.bootcampandroid/10218} -> PackageSetting{a11e820 com.lasbon.skripjatim/10495} BLOCKED
05-24 14:13:14.576  1643  1710 I AppsFilter: interaction: PackageSetting{ad75c0a id.moxa/10492} -> PackageSetting{a11e820 com.lasbon.skripjatim/10495} BLOCKED
05-24 14:13:14.577  1643  1710 I AppsFilter: interaction: PackageSetting{5e2da98 com.example.myapplication/10173} -> PackageSetting{a11e820 com.lasbon.skripjatim/10495} BLOCKED
05-24 14:13:14.577  1643  1710 I AppsFilter: interaction: PackageSetting{9c192f1 id.moxa.mabroor/10491} -> PackageSetting{a11e820 com.lasbon.skripjatim/10495} BLOCKED
05-24 14:13:14.577  1643  1710 I AppsFilter: interaction: PackageSetting{9972ed6 com.example.bootcampandroid/10218} -> PackageSetting{a11e820 com.lasbon.skripjatim/10495} BLOCKED
05-24 14:13:14.582  1643  1710 I AppsFilter: interaction: PackageSetting{ad75c0a id.moxa/10492} -> PackageSetting{a11e820 com.lasbon.skripjatim/10495} BLOCKED
05-24 14:13:14.582  1643  1710 I AppsFilter: interaction: PackageSetting{5e2da98 com.example.myapplication/10173} -> PackageSetting{a11e820 com.lasbon.skripjatim/10495} BLOCKED
05-24 14:13:14.582  1643  1710 I AppsFilter: interaction: PackageSetting{9c192f1 id.moxa.mabroor/10491} -> PackageSetting{a11e820 com.lasbon.skripjatim/10495} BLOCKED
05-24 14:13:14.582  1643  1710 I AppsFilter: interaction: PackageSetting{9972ed6 com.example.bootcampandroid/10218} -> PackageSetting{a11e820 com.lasbon.skripjatim/10495} BLOCKED
05-24 14:13:14.593  1643  1710 W PackageManager: Skipping provider name com.lasbon.skripjatim.fileprovider (in package com.lasbon.skripjatim): name already used by com.lasbon.skripjatim
05-24 14:13:14.614  1643  1710 D CompatibilityChangeReporter: Compat change id reported: 135549675; UID 10495; state: ENABLED
05-24 14:13:14.751  1643  1668 W Looper  : Slow dispatch took 124ms android.fg h=android.os.Handler c=<recycled PooledLambda@6479ec5> m=0
05-24 14:13:14.829  1643  1710 E ArtManagerService: Failed to prepare profile for com.lasbon.skripjatim:/data/app/~~UI-LXpX3i-oeOazOt-0enQ==/com.lasbon.skripjatim-wfkIsA3LI57YBE4BeQPFtw==/base.apk
05-24 14:13:14.888  1643  1710 I PackageManager: set persist.sys.package.SHA1 as dac4427cf16938e2cbf8d81efe1dc440b148291c
05-24 14:13:14.996  1643  1710 D PackageManager: notifyPackageXmlVerify done. result=true
05-24 14:13:14.999  1643  1710 D PackageManager: send ACTION_PACKAGE_FULLY_REMOVED reason:dataRemoved=false !isRemovedPackageSystemUpdate=true
05-24 14:13:15.000  1643  1710 I AppsFilter: interaction: PackageSetting{ad75c0a id.moxa/10492} -> PackageSetting{6416073 com.lasbon.skripjatim/10495} BLOCKED
05-24 14:13:15.000  1643  1710 I AppsFilter: interaction: PackageSetting{5e2da98 com.example.myapplication/10173} -> PackageSetting{6416073 com.lasbon.skripjatim/10495} BLOCKED
05-24 14:13:15.000  1643  1710 I AppsFilter: interaction: PackageSetting{9c192f1 id.moxa.mabroor/10491} -> PackageSetting{6416073 com.lasbon.skripjatim/10495} BLOCKED
05-24 14:13:15.000  1643  1710 I AppsFilter: interaction: PackageSetting{9972ed6 com.example.bootcampandroid/10218} -> PackageSetting{6416073 com.lasbon.skripjatim/10495} BLOCKED
05-24 14:13:15.000  1643  1710 I AppsFilter: interaction: PackageSetting{ad75c0a id.moxa/10492} -> PackageSetting{6416073 com.lasbon.skripjatim/10495} BLOCKED
05-24 14:13:15.000  1643  1710 I AppsFilter: interaction: PackageSetting{5e2da98 com.example.myapplication/10173} -> PackageSetting{6416073 com.lasbon.skripjatim/10495} BLOCKED
05-24 14:13:15.000  1643  1710 I AppsFilter: interaction: PackageSetting{9c192f1 id.moxa.mabroor/10491} -> PackageSetting{6416073 com.lasbon.skripjatim/10495} BLOCKED
05-24 14:13:15.000  1643  1710 I AppsFilter: interaction: PackageSetting{9972ed6 com.example.bootcampandroid/10218} -> PackageSetting{6416073 com.lasbon.skripjatim/10495} BLOCKED
05-24 14:13:15.054  1643  1710 D UserUninstallRecorder: not care com.lasbon.skripjatim installed.
05-24 14:13:15.054  1643  1710 D OplusPackageManager: addPkgToNotLaunchedList com.lasbon.skripjatim
05-24 14:13:15.062  1643  1710 I ActivityManager: Force stopping com.lasbon.skripjatim appid=10495 user=10: pkg removed
05-24 14:13:15.062  1643  1710 W ContextImpl: Calling a method in the system process without a qualified user: android.app.ContextImpl.sendBroadcast:1143 com.android.server.am.OppoExtraActivityManagerService.setKeyLockModeNormal:51 com.android.server.am.ActivityManagerService.forceStopPackageLocked:5390 com.android.server.am.ActivityManagerService.broadcastIntentLocked:17331 com.android.server.am.ActivityManagerService$LocalService.broadcastIntent:20747 
05-24 14:13:15.085  1643  1692 W BroadcastQueue: Background execution not allowed: receiving Intent { act=android.intent.action.PACKAGE_REMOVED dat=package:com.lasbon.skripjatim flg=0x4000010 (has extras) } to com.android.vending/com.google.android.finsky.packagemanager.impl.PackageMonitorReceiverImpl$RegisteredReceiver
05-24 14:13:15.086  1643  1692 W BroadcastQueue: Background execution not allowed: receiving Intent { act=android.intent.action.PACKAGE_REMOVED dat=package:com.lasbon.skripjatim flg=0x4000010 (has extras) } to com.android.vending/com.google.android.finsky.instantapps.appmanagement.InstantAppRemoveMonitor
05-24 14:13:15.086  1643  1692 W BroadcastQueue: Background execution not allowed: receiving Intent { act=android.intent.action.PACKAGE_REMOVED dat=package:com.lasbon.skripjatim flg=0x4000010 (has extras) } to com.coloros.safecenter/.startupapp.StartupReceiver
05-24 14:13:15.087  1643  1692 W BroadcastQueue: Background execution not allowed: receiving Intent { act=android.intent.action.PACKAGE_REMOVED dat=package:com.lasbon.skripjatim flg=0x4000010 (has extras) } to com.google.android.gms/.games.chimera.GamesSystemBroadcastReceiverProxy
05-24 14:13:15.091  1643  1692 W BroadcastQueue: Background execution not allowed: receiving Intent { act=android.intent.action.PACKAGE_REMOVED dat=package:com.lasbon.skripjatim flg=0x4000010 (has extras) } to com.google.android.gms/.chimera.GmsIntentOperationService$PersistentTrustedReceiver
05-24 14:13:15.096  1643  1643 D CompatibilityChangeReporter: Compat change id reported: 135634846; UID 1001000; state: DISABLED
05-24 14:13:15.096  1643  1643 D CompatibilityChangeReporter: Compat change id reported: 135754954; UID 1001000; state: ENABLED
05-24 14:13:15.103  1643  1692 W BroadcastQueue: Background execution not allowed: receiving Intent { act=android.intent.action.PACKAGE_REMOVED dat=package:com.lasbon.skripjatim flg=0x4000010 (has extras) } to com.google.android.googlequicksearchbox/com.google.android.apps.gsa.googlequicksearchbox.GelStubAppWatcher
05-24 14:13:15.107  1643  1710 I ActivityManager: Force stopping com.lasbon.skripjatim appid=10495 user=0: pkg removed
05-24 14:13:15.108  1643  1710 W ContextImpl: Calling a method in the system process without a qualified user: android.app.ContextImpl.sendBroadcast:1143 com.android.server.am.OppoExtraActivityManagerService.setKeyLockModeNormal:51 com.android.server.am.ActivityManagerService.forceStopPackageLocked:5390 com.android.server.am.ActivityManagerService.broadcastIntentLocked:17331 com.android.server.am.ActivityManagerService$LocalService.broadcastIntent:20747 
05-24 14:13:15.111  1643  4041 D DisplayManagerService: Display listener for pid 7257 died.
05-24 14:13:15.112  1643  4029 V ActivityManager: Death received in com.android.server.am.ActivityManagerService$AppDeathRecipient@e5e0fef for thread android.os.BinderProxy@8c1cafc
05-24 14:13:15.152  1643  1687 W ActivityManager: Slow operation: 57ms so far, now at startProcess: returned from zygote!
05-24 14:13:15.153  1643  1692 W BroadcastQueue: Background execution not allowed: receiving Intent { act=android.intent.action.PACKAGE_REMOVED dat=package:com.lasbon.skripjatim flg=0x4000010 (has extras) } to com.nearme.statistics.rom/.receiver.Receiver
05-24 14:13:15.155  1643  1692 W BroadcastQueue: Background execution not allowed: receiving Intent { act=android.intent.action.PACKAGE_REMOVED dat=package:com.lasbon.skripjatim flg=0x4000010 (has extras) } to com.oppo.quicksearchbox/.core.receiver.AndroidPackageChangeReceiver
05-24 14:13:15.180  1643  1692 D CompatibilityChangeReporter: Compat change id reported: 135634846; UID 1010449; state: DISABLED
05-24 14:13:15.181  1643  1692 D CompatibilityChangeReporter: Compat change id reported: 135754954; UID 1010449; state: ENABLED
05-24 14:13:15.182  1643  1671 W ActivityManager: Process 7257 does not match uid 1010156 ignore setting hits oom adj
05-24 14:13:15.190  1643  1643 D CompatibilityChangeReporter: Compat change id reported: 135634846; UID 1000; state: DISABLED
05-24 14:13:15.190  1643  1643 D CompatibilityChangeReporter: Compat change id reported: 135754954; UID 1000; state: ENABLED
05-24 14:13:15.191  1643  1687 W ActivityManager: Slow operation: 96ms so far, now at startProcess: done updating battery stats
05-24 14:13:15.191  1643  1643 D DeviceIdleHelper: pacakge removed: name=com.lasbon.skripjatim not in PowerSaveWhitelist
05-24 14:13:15.191  1643  1687 W ActivityManager: Slow operation: 96ms so far, now at startProcess: building log message
05-24 14:13:15.191  1643  1687 I ActivityManager: Start proc 8210:com.android.keychain/u10s1000 for service {com.android.keychain/com.android.keychain.KeyChainService}
05-24 14:13:15.191  1643  1687 W ActivityManager: Slow operation: 96ms so far, now at startProcess: starting to update pids map
05-24 14:13:15.191  1643  1643 D OppoBrightUtils: CtsTest = false
05-24 14:13:15.192  1643  1687 W ActivityManager: Slow operation: 97ms so far, now at startProcess: done updating pids map
05-24 14:13:15.193  1643  1687 D CompatibilityChangeReporter: Compat change id reported: 143937733; UID 1010449; state: ENABLED
05-24 14:13:15.193  1643  4029 I ActivityManager: Process com.google.process.gservices (pid 7257) has died: cch+65 CEM 
05-24 14:13:15.193  1643  4029 W ContextImpl: Calling a method in the system process without a qualified user: android.app.ContextImpl.sendBroadcast:1143 com.android.server.am.OppoExtraActivityManagerService.setKeyLockModeNormal:51 com.android.server.am.ActivityManagerService.appDiedLocked:4323 com.android.server.am.ActivityManagerService$AppDeathRecipient.binderDied:1777 android.os.IBinder$DeathRecipient.binderDied:305 
05-24 14:13:15.211  1643  3074 V ActivityManager: New death recipient com.android.server.am.ActivityManagerService$AppDeathRecipient@3c31886 for thread android.os.BinderProxy@92e7547
05-24 14:13:15.214  2819  3034 W ContextImpl: Calling a method in the system process without a qualified user: android.app.ContextImpl.sendBroadcast:1158 android.content.ContextWrapper.sendBroadcast:483 com.coloros.notificationmanager.AppModificationReceiver.notifyAppModified:42 com.coloros.notificationmanager.NotificationBackend.processBroadcast:2304 com.coloros.notificationmanager.NotificationBackend.access$300:97 
05-24 14:13:15.215  1643  4029 V AlarmManager: set(PendingIntent{82e4f99: PendingIntentRecord{14eb25e com.google.android.gms/ startService}}) : type=3 when=315398187332whenElapsed315398187332maxWhen =551918187332 win=236520000000 interval=0 flags=0x8 pkg = com.google.android.gms
05-24 14:13:15.217  1643  1643 D OppoBaseLightsService: isCtsHardwareTestCases = false
05-24 14:13:15.236  1643  4070 V AlarmManager: set(PendingIntent{17951e6: PendingIntentRecord{5802327 com.google.android.gms/ startService}}) : type=3 when=315398187353whenElapsed315398187353maxWhen =551918187353 win=236520000000 interval=0 flags=0x8 pkg = com.google.android.gms
05-24 14:13:15.305  1643  1687 W ActivityManager: Slow operation: 149ms so far, now at startProcess: returned from zygote!
05-24 14:13:15.370  1643  4037 D CompatibilityChangeReporter: Compat change id reported: 135634846; UID 10164; state: DISABLED
05-24 14:13:15.370  1643  4037 D CompatibilityChangeReporter: Compat change id reported: 135754954; UID 10164; state: ENABLED
05-24 14:13:15.375  1643  1687 W ActivityManager: Slow operation: 219ms so far, now at startProcess: done updating battery stats
05-24 14:13:15.375  1643  1687 W ActivityManager: Slow operation: 219ms so far, now at startProcess: building log message
05-24 14:13:15.375  1643  1687 I ActivityManager: Start proc 8236:com.coloros.phonemanager/u10a449 for broadcast {com.coloros.phonemanager/com.coloros.phonemanager.virusdetect.receiver.RealTimeMonitorReceiver}
05-24 14:13:15.375  1643  1687 W ActivityManager: Slow operation: 219ms so far, now at startProcess: starting to update pids map
05-24 14:13:15.376  1643  1687 W ActivityManager: Slow operation: 220ms so far, now at startProcess: done updating pids map
05-24 14:13:15.376  1643  1687 W ActivityManager: Slow operation: 188ms so far, now at startProcess: asking zygote to start proc
05-24 14:13:15.389  1643  3141 V ActivityManager: New death recipient com.android.server.am.ActivityManagerService$AppDeathRecipient@2f2a352 for thread android.os.BinderProxy@27eb623
05-24 14:13:15.391  1643  1687 W ActivityManager: Slow operation: 203ms so far, now at startProcess: returned from zygote!
05-24 14:13:15.404  1643  1692 D CompatibilityChangeReporter: Compat change id reported: 135634846; UID 1010445; state: DISABLED
05-24 14:13:15.404  1643  1692 D CompatibilityChangeReporter: Compat change id reported: 135754954; UID 1010445; state: ENABLED
05-24 14:13:15.415  1643  2571 W ContextImpl: Calling a method in the system process without a qualified user: android.app.ContextImpl.startService:1701 com.oplus.util.OplusStatisticsImpl.startService:216 com.oplus.util.OplusStatisticsImpl.sendDataToDCS:192 com.oplus.util.OplusStatisticsImpl.onCommonSync:84 com.oplus.util.OplusStatisticsImpl$1.run:124 
05-24 14:13:15.416  1643  4029 V AlarmManager: set(PendingIntent{a6fa0f9: PendingIntentRecord{e29983e com.google.android.gms/ startService}}) : type=3 when=315398187353whenElapsed315398187353maxWhen =551918187352 win=236519999999 interval=0 flags=0x8 pkg = com.google.android.gms
05-24 14:13:15.419  1643  1687 W ActivityManager: Slow operation: 231ms so far, now at startProcess: done updating battery stats
05-24 14:13:15.420  1643  1687 W ActivityManager: Slow operation: 232ms so far, now at startProcess: building log message
05-24 14:13:15.420  1643  1687 I ActivityManager: Start proc 8257:com.android.keychain/1000 for service {com.android.keychain/com.android.keychain.KeyChainService}
05-24 14:13:15.420  1643  1687 W ActivityManager: Slow operation: 232ms so far, now at startProcess: starting to update pids map
05-24 14:13:15.420  1643  1687 W ActivityManager: Slow operation: 232ms so far, now at startProcess: done updating pids map
05-24 14:13:15.420  1643  1687 W ActivityManager: Slow operation: 51ms so far, now at startProcess: asking zygote to start proc
05-24 14:13:15.420  1643  1687 D CompatibilityChangeReporter: Compat change id reported: 143937733; UID 10164; state: ENABLED
05-24 14:13:15.424  1643  1643 W Looper  : Slow delivery took 203ms main h=com.android.server.job.JobSchedulerService$JobHandler c=null m=7
05-24 14:13:15.441  1643  4070 V ActivityManager: New death recipient com.android.server.am.ActivityManagerService$AppDeathRecipient@aa924a3 for thread android.os.BinderProxy@c4073a0
05-24 14:13:15.451  1643  1687 W ActivityManager: Slow operation: 82ms so far, now at startProcess: returned from zygote!
05-24 14:13:15.456  1643  2112 V AlarmManager: set(PendingIntent{f4d17f6: PendingIntentRecord{f6457f7 com.google.android.gms/ startService}}) : type=3 when=315398187492whenElapsed315398187492maxWhen =551918187492 win=236520000000 interval=0 flags=0x8 pkg = com.google.android.gms
05-24 14:13:15.457  1643  1687 W ActivityManager: Slow operation: 88ms so far, now at startProcess: done updating battery stats
05-24 14:13:15.457  1643  1687 W ActivityManager: Slow operation: 88ms so far, now at startProcess: building log message
05-24 14:13:15.457  1643  1687 I ActivityManager: Start proc 8280:com.google.android.googlequicksearchbox:search/u0a164 for service {com.google.android.googlequicksearchbox/com.google.android.apps.gsa.search.core.service.SearchService}
05-24 14:13:15.457  1643  1687 W ActivityManager: Slow operation: 88ms so far, now at startProcess: starting to update pids map
05-24 14:13:15.458  1643  1687 W ActivityManager: Slow operation: 89ms so far, now at startProcess: done updating pids map
05-24 14:13:15.458  1643  1687 W ActivityManager: Slow operation: 55ms so far, now at startProcess: asking zygote to start proc
05-24 14:13:15.459  1643  1687 D CompatibilityChangeReporter: Compat change id reported: 143937733; UID 1010445; state: ENABLED
05-24 14:13:15.460  1643  2571 W ContextImpl: Calling a method in the system process without a qualified user: android.app.ContextImpl.startService:1701 com.oplus.util.OplusStatisticsImpl.startService:216 com.oplus.util.OplusStatisticsImpl.sendDataToDCS:192 com.oplus.util.OplusStatisticsImpl.onCommonSync:84 com.oplus.util.OplusStatisticsImpl$1.run:124 
05-24 14:13:15.492  1643  1687 W ActivityManager: Slow operation: 89ms so far, now at startProcess: returned from zygote!
05-24 14:13:15.493  1643  1710 I ActivityManager: Force stopping com.lasbon.skripjatim appid=10495 user=10: pkg removed
05-24 14:13:15.494  1643  1710 W ContextImpl: Calling a method in the system process without a qualified user: android.app.ContextImpl.sendBroadcast:1143 com.android.server.am.OppoExtraActivityManagerService.setKeyLockModeNormal:51 com.android.server.am.ActivityManagerService.forceStopPackageLocked:5390 com.android.server.am.ActivityManagerService.broadcastIntentLocked:17331 com.android.server.am.ActivityManagerService$LocalService.broadcastIntent:20747 
05-24 14:13:15.515  1643  1687 W ActivityManager: Slow operation: 112ms so far, now at startProcess: done updating battery stats
05-24 14:13:15.515  1643  1687 W ActivityManager: Slow operation: 112ms so far, now at startProcess: building log message
05-24 14:13:15.515  1643  1687 I ActivityManager: Start proc 8303:com.coloros.childrenspace/u10a445 for broadcast {com.coloros.childrenspace/com.coloros.childrenspace.controller.ChildrenReceiver}
05-24 14:13:15.516  1643  1687 W ActivityManager: Slow operation: 113ms so far, now at startProcess: starting to update pids map
05-24 14:13:15.516  1643  1687 W ActivityManager: Slow operation: 113ms so far, now at startProcess: done updating pids map
05-24 14:13:15.534  1643  4029 V ActivityManager: New death recipient com.android.server.am.ActivityManagerService$AppDeathRecipient@8ccaeb for thread android.os.BinderProxy@e883048
05-24 14:13:15.553  1643  3141 V ActivityManager: New death recipient com.android.server.am.ActivityManagerService$AppDeathRecipient@a2d6dd5 for thread android.os.BinderProxy@48cd9ea
05-24 14:13:15.557  1643  2571 W ContextImpl: Calling a method in the system process without a qualified user: android.app.ContextImpl.startService:1701 com.oplus.util.OplusStatisticsImpl.startService:216 com.oplus.util.OplusStatisticsImpl.sendDataToDCS:192 com.oplus.util.OplusStatisticsImpl.onCommonSync:84 com.oplus.util.OplusStatisticsImpl$1.run:124 
05-24 14:13:15.560  1643  1680 I MultiApp.CMAService: Need hide Switch Profile Entrance --> has multiapp and callingPackage = com.google.android.googlequicksearchbox
05-24 14:13:15.578  1643  1643 W Looper  : Slow dispatch took 117ms main h=com.android.server.job.JobSchedulerService$JobHandler c=null m=3
05-24 14:13:15.585  1643  1643 W Looper  : Drained
05-24 14:13:15.597  1643  1710 I ActivityManager: Force stopping com.lasbon.skripjatim appid=10495 user=0: pkg removed
05-24 14:13:15.597  1643  1710 W ContextImpl: Calling a method in the system process without a qualified user: android.app.ContextImpl.sendBroadcast:1143 com.android.server.am.OppoExtraActivityManagerService.setKeyLockModeNormal:51 com.android.server.am.ActivityManagerService.forceStopPackageLocked:5390 com.android.server.am.ActivityManagerService.broadcastIntentLocked:17331 com.android.server.am.ActivityManagerService$LocalService.broadcastIntent:20747 
05-24 14:13:15.628  1643  4041 D ORMS_CORE: Set scene action identity: com.android.server.oppo scene: , action: ORMS_ACTION_ACTIVITY_START, timeout: 500, handle: 6623806114068036513
05-24 14:13:15.628  1643  4041 D OplusPackageManager: removePkgFromNotLaunchedList com.lasbon.skripjatim
05-24 14:13:15.628  1643  1921 D ORMS_CORE: FinalSceneAction scene:1019 action:2 prio:7 start:38187746 timeout:500 timeout_left:500
05-24 14:13:15.628  1643  1921 D ORMS_HISTORY: setSoCLimit sa
05-24 14:13:15.628  1643  1921 D ORMS_HISTORY: no limit in sa : 1019, 2
05-24 14:13:15.628  1643  1921 D ORMS_CORE: TCpuL:-1 TGpuL:-1 TCtrlL:-1 TModeOn:0 IdleS:0 PowerMode:NORMAL_MODE BenchMark:0 HaveCtrlD:0
05-24 14:13:15.629  1643  1921 D ORMS_CORE: saConfig:,SAResult Info{minCore=[6, 2, -1]minFreq=[2000000, 1419000, -1]maxCore=[-1, -1, -1]maxFreq=[-1, -1, -1], ddr=-1, lpm=-1, sb=-1, prio=7, fpsgo=0, migrate= migfrate: , mask=110, clkscale=-1, schedwinstats=-1, twinpolicy=-1, fgwinpolicy=-1, bgwinpolicy=-1, schedPreferSpread=-1, colocate=-1, slb=-1, nice=0, extActId=-1, extTime=-1, hardLevel=0}
05-24 14:13:15.629  1643  1921 D ORMS_CORE: request mDecision:SAResult Info{ minCpuCore: 6 2 ,  minCpuFreq: 2000000 1419000 ,  maxCpuCore: -1 -1 ,  maxCpuFreq: -1 -1 ,  minGpuCore: -1 ,  minGpuFreq: -1 ,  maxGpuCore: -1 ,  maxGpuFreq: -1 , Lpm=-1, clkscale=-1, schedwinstats=-1, twinpolicy=-1, fgwinpolicy=-1, bgwinpolicy=-1, schedPreferSpread=-1, colocate=-1, slb=-1, fpsgo=0, schedBoost=-1, ddrFreq=-1, migrate= migfrate: -1 -1 , hardLevel=false}
05-24 14:13:15.629  1643  4041 I ActivityTaskManager: START u0 {flg=0x10000000 cmp=com.lasbon.skripjatim/.MainActivity mCallingUid=2000} from uid 2000 and from pid 8340
05-24 14:13:15.629  1643  1921 D ORMS_CORE: package fpsgo check : write force_onoff 0
05-24 14:13:15.639  1643  4041 E ColorZoomWindowManagerService: onConfigurationChanged rotation not changed - prevRotation: 0
05-24 14:13:15.650  1643  4041 E ColorZoomWindowManagerService: onConfigurationChanged rotation not changed - prevRotation: 0
05-24 14:13:15.656  1643  4041 D ColorZoomWindowRUSConfigManager: isSupportZoomModeWithPolicyLocked: target = com.lasbon.skripjatim/.MainActivity
05-24 14:13:15.656  1643  4041 D ColorZoomWindowRUSConfigManager: targetPkg = com.lasbon.skripjatim
05-24 14:13:15.656  1643  4041 V ColorZoomWindowManagerService: unSupportZoom: false ,callingPid: 8340 ,sourceStack: null
05-24 14:13:15.669  1643  2110 V AlarmManager: set(PendingIntent{8cd766f: PendingIntentRecord{26b6f7c com.whatsapp broadcastIntent}}) : type=2 when=38202783whenElapsed38202783maxWhen =38202783 win=0 interval=0 flags=0x8 pkg = com.whatsapp
05-24 14:13:15.670  1643  1692 D CompatibilityChangeReporter: Compat change id reported: 135634846; UID 1010446; state: DISABLED
05-24 14:13:15.670  1643  1692 D CompatibilityChangeReporter: Compat change id reported: 135754954; UID 1010446; state: ENABLED
05-24 14:13:15.671  1643  1687 D CompatibilityChangeReporter: Compat change id reported: 143937733; UID 1010446; state: ENABLED
05-24 14:13:15.672  1643  4029 D ORMS_CORE: Set scene action identity: com.android.server.oppo scene: , action: ORMS_ACTION_ACTIVITY_RESUME, timeout: 600, handle: 8311783733155015514
05-24 14:13:15.672  1643  1921 D ORMS_CORE: FinalSceneAction scene:1019 action:2 prio:7 start:38187746 timeout:500 timeout_left:456
05-24 14:13:15.672  1643  1921 D ORMS_HISTORY: setSoCLimit sa
05-24 14:13:15.672  1643  1921 D ORMS_HISTORY: no limit in sa : 1019, 2
05-24 14:13:15.672  1643  1921 D ORMS_CORE: TCpuL:-1 TGpuL:-1 TCtrlL:-1 TModeOn:0 IdleS:0 PowerMode:NORMAL_MODE BenchMark:0 HaveCtrlD:0
05-24 14:13:15.672  1643  1921 D ORMS_CORE: saConfig:,SAResult Info{minCore=[6, 2, -1]minFreq=[2000000, 1419000, -1]maxCore=[-1, -1, -1]maxFreq=[-1, -1, -1], ddr=-1, lpm=-1, sb=-1, prio=7, fpsgo=0, migrate= migfrate: , mask=110, clkscale=-1, schedwinstats=-1, twinpolicy=-1, fgwinpolicy=-1, bgwinpolicy=-1, schedPreferSpread=-1, colocate=-1, slb=-1, nice=0, extActId=-1, extTime=-1, hardLevel=0}
05-24 14:13:15.672  1643  1921 D ORMS_CORE: request mDecision:SAResult Info{ minCpuCore: 6 2 ,  minCpuFreq: 2000000 1419000 ,  maxCpuCore: -1 -1 ,  maxCpuFreq: -1 -1 ,  minGpuCore: -1 ,  minGpuFreq: -1 ,  maxGpuCore: -1 ,  maxGpuFreq: -1 , Lpm=-1, clkscale=-1, schedwinstats=-1, twinpolicy=-1, fgwinpolicy=-1, bgwinpolicy=-1, schedPreferSpread=-1, colocate=-1, slb=-1, fpsgo=0, schedBoost=-1, ddrFreq=-1, migrate= migfrate: -1 -1 , hardLevel=false}
05-24 14:13:15.672  1643  4029 D ORMS_CORE: Set scene action identity: com.android.server.oppo scene: , action: ORMS_ACTION_COLD_LAUNCH, timeout: 2000, handle: 601980765451039327
05-24 14:13:15.674  1643  4029 D ORMS_CORE: Set scene action identity: com.android.server.oppo scene: , action: ORMS_ACTION_COLD_LAUNCH, timeout: 2000, handle: 4030939233916158111
05-24 14:13:15.674  1643  1921 D ORMS_CORE: FinalSceneAction scene:1019 action:1 prio:6 start:38187792 timeout:2000 timeout_left:2000
05-24 14:13:15.675  1643  1921 D ORMS_HISTORY: setSoCLimit sa
05-24 14:13:15.675  1643  1921 D ORMS_CORE: TCpuL:-1 TGpuL:-1 TCtrlL:-1 TModeOn:0 IdleS:0 PowerMode:NORMAL_MODE BenchMark:0 HaveCtrlD:0
05-24 14:13:15.675  1643  1921 D ORMS_CORE: saConfig:,SAResult Info{minCore=[6, 2, -1]minFreq=[2000000, 2050000, -1]maxCore=[-1, -1, -1]maxFreq=[-1, -1, -1], ddr=0, lpm=0, sb=1, prio=6, fpsgo=0, migrate= migfrate: , mask=1110, clkscale=-1, schedwinstats=-1, twinpolicy=-1, fgwinpolicy=-1, bgwinpolicy=-1, schedPreferSpread=-1, colocate=-1, slb=-1, nice=0, extActId=-1, extTime=-1, hardLevel=0}
05-24 14:13:15.675  1643  1921 D ORMS_CORE: request mDecision:SAResult Info{ minCpuCore: 6 2 ,  minCpuFreq: 2000000 2050000 ,  maxCpuCore: -1 -1 ,  maxCpuFreq: -1 -1 ,  minGpuCore: -1 ,  minGpuFreq: -1 ,  maxGpuCore: -1 ,  maxGpuFreq: -1 , Lpm=0, clkscale=-1, schedwinstats=-1, twinpolicy=-1, fgwinpolicy=-1, bgwinpolicy=-1, schedPreferSpread=-1, colocate=-1, slb=-1, fpsgo=0, schedBoost=1, ddrFreq=-1, migrate= migfrate: -1 -1 , hardLevel=false}
05-24 14:13:15.676  1643  1921 D ORMS_CORE: FinalSceneAction scene:1019 action:1 prio:6 start:38187792 timeout:2000 timeout_left:1998
05-24 14:13:15.677  1643  1921 D ORMS_HISTORY: setSoCLimit sa
05-24 14:13:15.677  1643  1921 D ORMS_CORE: TCpuL:-1 TGpuL:-1 TCtrlL:-1 TModeOn:0 IdleS:0 PowerMode:NORMAL_MODE BenchMark:0 HaveCtrlD:0
05-24 14:13:15.677  1643  1921 D ORMS_CORE: saConfig:,SAResult Info{minCore=[6, 2, -1]minFreq=[2000000, 2050000, -1]maxCore=[-1, -1, -1]maxFreq=[-1, -1, -1], ddr=0, lpm=0, sb=1, prio=6, fpsgo=0, migrate= migfrate: , mask=1110, clkscale=-1, schedwinstats=-1, twinpolicy=-1, fgwinpolicy=-1, bgwinpolicy=-1, schedPreferSpread=-1, colocate=-1, slb=-1, nice=0, extActId=-1, extTime=-1, hardLevel=0}
05-24 14:13:15.677  1643  1921 D ORMS_CORE: request mDecision:SAResult Info{ minCpuCore: 6 2 ,  minCpuFreq: 2000000 2050000 ,  maxCpuCore: -1 -1 ,  maxCpuFreq: -1 -1 ,  minGpuCore: -1 ,  minGpuFreq: -1 ,  maxGpuCore: -1 ,  maxGpuFreq: -1 , Lpm=0, clkscale=-1, schedwinstats=-1, twinpolicy=-1, fgwinpolicy=-1, bgwinpolicy=-1, schedPreferSpread=-1, colocate=-1, slb=-1, fpsgo=0, schedBoost=1, ddrFreq=-1, migrate= migfrate: -1 -1 , hardLevel=false}
05-24 14:13:15.677  1643  1921 D ORMS_HISTORY: same limit, skip
05-24 14:13:15.680  1643  2571 W ContextImpl: Calling a method in the system process without a qualified user: android.app.ContextImpl.startService:1701 com.oplus.util.OplusStatisticsImpl.startService:216 com.oplus.util.OplusStatisticsImpl.sendDataToDCS:192 com.oplus.util.OplusStatisticsImpl.onCommonSync:84 com.oplus.util.OplusStatisticsImpl$1.run:124 
05-24 14:13:15.696  1643  1672 D ColorViewRootUtil: initSwipState, isDisplayCompatApp false
05-24 14:13:15.696  1643  1672 D ColorViewRootUtil: mScreenHeight 2400, mScreenWidth 1080
05-24 14:13:15.717  1643  1672 D WindowManager: WARNING: focused app window can't receive keys, focusedApp:ActivityRecord{111e0f8 u0 com.whatsapp/.HomeActivity t2698} window:Window{28e446c u0 com.whatsapp/com.whatsapp.HomeActivity}
05-24 14:13:15.717  1643  1672 D WindowManager: isRecentsAnimationConsumingAppInput:false isParentWindowHidden:false mAnimatingExit:false mRelayoutCalled:true
05-24 14:13:15.718  1643  1672 W WindowManager: Changing focus fromWindow{28e446c u0 com.whatsapp/com.whatsapp.HomeActivity} to null displayId=0 Callers=com.android.server.wm.RootWindowContainer.updateFocusedWindowLocked:497 com.android.server.wm.WindowManagerService.updateFocusedWindowLocked:6036 com.android.server.wm.WindowManagerService.relayoutWindow:2682 com.android.server.wm.Session.relayout:229 
05-24 14:13:15.722  1643  4020 D CompatibilityChangeReporter: Compat change id reported: 135634846; UID 1010156; state: DISABLED
05-24 14:13:15.722  1643  4020 D CompatibilityChangeReporter: Compat change id reported: 135754954; UID 1010156; state: ENABLED
05-24 14:13:15.724  1643  1672 V OplusZoomWindowDecorViewHelper: setLastReportedMergedConfiguration mZoomDisplayHeight: 2400 getDecorView.DecorView@86f2e6[skripjatim]
05-24 14:13:15.730  1643  1687 W ActivityManager: Slow operation: 61ms so far, now at startProcess: returned from zygote!
05-24 14:13:15.747  1643  1669 W Looper  : Slow dispatch took 144ms android.ui h=com.android.server.am.ActivityManagerService$UiHandler c=null m=31
05-24 14:13:15.803  2819  3034 W ContextImpl: Calling a method in the system process without a qualified user: android.app.ContextImpl.sendBroadcast:1158 android.content.ContextWrapper.sendBroadcast:483 com.coloros.notificationmanager.AppModificationReceiver.notifyAppModified:42 com.coloros.notificationmanager.NotificationBackend.processBroadcast:2304 com.coloros.notificationmanager.NotificationBackend.access$300:97 
05-24 14:13:15.865  1643  1687 W ActivityManager: Slow operation: 196ms so far, now at startProcess: done updating battery stats
05-24 14:13:15.866  1643  1687 W ActivityManager: Slow operation: 197ms so far, now at startProcess: building log message
05-24 14:13:15.866  1643  1687 I ActivityManager: Start proc 8347:com.coloros.securepay/u10a446 for broadcast {com.coloros.securepay/com.coloros.securepay.SecurePayReceiver}
05-24 14:13:15.866  1643  1687 W ActivityManager: Slow operation: 197ms so far, now at startProcess: starting to update pids map
05-24 14:13:15.868  1643  1687 W ActivityManager: Slow operation: 199ms so far, now at startProcess: done updating pids map
05-24 14:13:15.868  1643  1687 W ActivityManager: Slow operation: 148ms so far, now at startProcess: asking zygote to start proc
05-24 14:13:15.869  1643  1687 D CompatibilityChangeReporter: Compat change id reported: 143937733; UID 1010156; state: ENABLED
05-24 14:13:15.872  1643  2112 V ActivityManager: New death recipient com.android.server.am.ActivityManagerService$AppDeathRecipient@2ffabfb for thread android.os.BinderProxy@c64e418
05-24 14:13:15.879  1643  2112 D ORMS_CORE: Set scene action identity: com.android.server.oppo scene: , action: ORMS_ACTION_COLD_LAUNCH, timeout: 2000, handle: 1332158639411180298
05-24 14:13:15.880  1643  1921 D ORMS_CORE: FinalSceneAction scene:1019 action:1 prio:6 start:38187792 timeout:2000 timeout_left:1795
05-24 14:13:15.880  1643  1921 D ORMS_HISTORY: setSoCLimit sa
05-24 14:13:15.880  1643  1921 D ORMS_CORE: TCpuL:-1 TGpuL:-1 TCtrlL:-1 TModeOn:0 IdleS:0 PowerMode:NORMAL_MODE BenchMark:0 HaveCtrlD:0
05-24 14:13:15.880  1643  1921 D ORMS_CORE: saConfig:,SAResult Info{minCore=[6, 2, -1]minFreq=[2000000, 2050000, -1]maxCore=[-1, -1, -1]maxFreq=[-1, -1, -1], ddr=0, lpm=0, sb=1, prio=6, fpsgo=0, migrate= migfrate: , mask=1110, clkscale=-1, schedwinstats=-1, twinpolicy=-1, fgwinpolicy=-1, bgwinpolicy=-1, schedPreferSpread=-1, colocate=-1, slb=-1, nice=0, extActId=-1, extTime=-1, hardLevel=0}
05-24 14:13:15.880  1643  1921 D ORMS_CORE: request mDecision:SAResult Info{ minCpuCore: 6 2 ,  minCpuFreq: 2000000 2050000 ,  maxCpuCore: -1 -1 ,  maxCpuFreq: -1 -1 ,  minGpuCore: -1 ,  minGpuFreq: -1 ,  maxGpuCore: -1 ,  maxGpuFreq: -1 , Lpm=0, clkscale=-1, schedwinstats=-1, twinpolicy=-1, fgwinpolicy=-1, bgwinpolicy=-1, schedPreferSpread=-1, colocate=-1, slb=-1, fpsgo=0, schedBoost=1, ddrFreq=-1, migrate= migfrate: -1 -1 , hardLevel=false}
05-24 14:13:15.880  1643  1921 D ORMS_HISTORY: same limit, skip
05-24 14:13:15.934  1643  1687 W ActivityManager: Slow operation: 214ms so far, now at startProcess: returned from zygote!
05-24 14:13:16.001  1643  1671 W ActivityManager: Slow operation: 93ms so far, now at startProcess: getting gids from package manager
05-24 14:13:16.006  1643  1671 W ActivityManager: Slow operation: 98ms so far, now at startProcess: building args
05-24 14:13:16.007  1643  1671 D CompatibilityChangeReporter: Compat change id reported: 135634846; UID 10495; state: DISABLED
05-24 14:13:16.014  1643  1671 D CompatibilityChangeReporter: Compat change id reported: 135754954; UID 10495; state: ENABLED
05-24 14:13:16.014  1643  1671 W ActivityManager: Slow operation: 107ms so far, now at startProcess: done starting proc!
05-24 14:13:16.037  1643  1687 W ActivityManager: Slow operation: 317ms so far, now at startProcess: done updating battery stats
05-24 14:13:16.072  1643  1687 W ActivityManager: Slow operation: 352ms so far, now at startProcess: building log message
05-24 14:13:16.072  1643  1687 I ActivityManager: Start proc 8373:com.google.process.gservices/u10a156 for content provider {com.google.android.gsf/com.google.android.gsf.gservices.GservicesProvider}
05-24 14:13:16.072  1643  1687 W ActivityManager: Slow operation: 352ms so far, now at startProcess: starting to update pids map
05-24 14:13:16.072  1643  1687 W ActivityManager: Slow operation: 352ms so far, now at startProcess: done updating pids map
05-24 14:13:16.072  1643  1687 W ActivityManager: Slow operation: 164ms so far, now at startProcess: asking zygote to start proc
05-24 14:13:16.072  1643  1687 D CompatibilityChangeReporter: Compat change id reported: 143937733; UID 10495; state: ENABLED
05-24 14:13:16.074  1643  4071 V ActivityManager: New death recipient com.android.server.am.ActivityManagerService$AppDeathRecipient@e8e37c7 for thread android.os.BinderProxy@27691f4
05-24 14:13:16.085  1643  4071 D ORMS_CORE: Set scene action identity: com.android.server.oppo scene: , action: ORMS_ACTION_COLD_LAUNCH, timeout: 2000, handle: 8617426878983142564
05-24 14:13:16.085  1643  1921 D ORMS_CORE: FinalSceneAction scene:1019 action:1 prio:6 start:38187792 timeout:2000 timeout_left:1590
05-24 14:13:16.085  1643  1921 D ORMS_HISTORY: setSoCLimit sa
05-24 14:13:16.085  1643  1921 D ORMS_CORE: TCpuL:-1 TGpuL:-1 TCtrlL:-1 TModeOn:0 IdleS:0 PowerMode:NORMAL_MODE BenchMark:0 HaveCtrlD:0
05-24 14:13:16.085  1643  1921 D ORMS_CORE: saConfig:,SAResult Info{minCore=[6, 2, -1]minFreq=[2000000, 2050000, -1]maxCore=[-1, -1, -1]maxFreq=[-1, -1, -1], ddr=0, lpm=0, sb=1, prio=6, fpsgo=0, migrate= migfrate: , mask=1110, clkscale=-1, schedwinstats=-1, twinpolicy=-1, fgwinpolicy=-1, bgwinpolicy=-1, schedPreferSpread=-1, colocate=-1, slb=-1, nice=0, extActId=-1, extTime=-1, hardLevel=0}
05-24 14:13:16.085  1643  1921 D ORMS_CORE: request mDecision:SAResult Info{ minCpuCore: 6 2 ,  minCpuFreq: 2000000 2050000 ,  maxCpuCore: -1 -1 ,  maxCpuFreq: -1 -1 ,  minGpuCore: -1 ,  minGpuFreq: -1 ,  maxGpuCore: -1 ,  maxGpuFreq: -1 , Lpm=0, clkscale=-1, schedwinstats=-1, twinpolicy=-1, fgwinpolicy=-1, bgwinpolicy=-1, schedPreferSpread=-1, colocate=-1, slb=-1, fpsgo=0, schedBoost=1, ddrFreq=-1, migrate= migfrate: -1 -1 , hardLevel=false}
05-24 14:13:16.085  1643  1921 D ORMS_HISTORY: same limit, skip
05-24 14:13:16.141  1643  1687 W ActivityManager: Slow operation: 233ms so far, now at startProcess: returned from zygote!
05-24 14:13:16.166  1643  1687 W ActivityManager: Slow operation: 258ms so far, now at startProcess: done updating battery stats
05-24 14:13:16.167  1643  1687 W ActivityManager: Slow operation: 259ms so far, now at startProcess: building log message
05-24 14:13:16.167  1643  1687 I ActivityManager: Start proc 8399:com.lasbon.skripjatim/u0a495 for pre-top-activity {com.lasbon.skripjatim/com.lasbon.skripjatim.MainActivity}
05-24 14:13:16.167  1643  1687 W ActivityManager: Slow operation: 259ms so far, now at startProcess: starting to update pids map
05-24 14:13:16.168  1643  1687 W ActivityManager: Slow operation: 260ms so far, now at startProcess: done updating pids map
05-24 14:13:16.189  1643  2112 D DisplayManagerService: Display listener for pid 8118 died.
05-24 14:13:16.189  1643  4028 V ActivityManager: Death received in com.android.server.am.ActivityManagerService$AppDeathRecipient@b6d7151 for thread android.os.BinderProxy@bc61db6
05-24 14:13:16.190  1643  1692 D CompatibilityChangeReporter: Compat change id reported: 135634846; UID 1010067; state: DISABLED
05-24 14:13:16.190  1643  1692 D CompatibilityChangeReporter: Compat change id reported: 135754954; UID 1010067; state: ENABLED
