05-24 14:13:18.718  1643  1687 W ActivityManager: Slow operation: 167ms so far, now at startProcess: done updating pids map
05-24 14:13:18.723  1643  4042 I SecurityPermissionService: updateCachedPermission pkgName:com.lasbon.skripjatim, userId:0, delete:false
05-24 14:13:18.724  1643  2659 V AlarmManager: set(PendingIntent{40caa4a: PendingIntentRecord{d5e3c62 com.nearme.romupdate broadcastIntent}}) : type=0 when=1653413566959whenElapsed75359076maxWhen =103235252 win=27876176 interval=0 flags=0x8 pkg = com.nearme.romupdate
05-24 14:13:18.752  1643  2112 V ActivityManager: New death recipient com.android.server.am.ActivityManagerService$AppDeathRecipient@69fa58f for thread android.os.BinderProxy@205401c
05-24 14:13:18.761  1643  3581 I ActivityManager: Killing 8257:com.android.keychain/1000 (adj 965): empty #9
05-24 14:13:18.766  2819  2819 W ContextImpl: Calling a method in the system process without a qualified user: android.app.ContextImpl.startService:1701 android.content.ContextWrapper.startService:730 android.content.ContextWrapper.startService:730 com.coloros.safecenter.appfrozen.receiver.AppFrozenReceiver.onReceive:236 android.app.ActivityThread.handleReceiver:4365 
05-24 14:13:18.768  1643  1692 D CompatibilityChangeReporter: Compat change id reported: 135634846; UID 10069; state: DISABLED
05-24 14:13:18.768  1643  1692 D CompatibilityChangeReporter: Compat change id reported: 135754954; UID 10069; state: ENABLED
05-24 14:13:18.769  1643  1687 D CompatibilityChangeReporter: Compat change id reported: 143937733; UID 10069; state: ENABLED
05-24 14:13:18.791  1643  3141 D DisplayManagerService: Display listener for pid 8257 died.
05-24 14:13:18.791  1643  4020 V ActivityManager: Death received in com.android.server.am.ActivityManagerService$AppDeathRecipient@aa924a3 for thread android.os.BinderProxy@c4073a0
05-24 14:13:18.833  1643  1687 W ActivityManager: Slow operation: 67ms so far, now at startProcess: returned from zygote!
05-24 14:13:18.833  1643  1687 W ActivityManager: Slow operation: 67ms so far, now at startProcess: done updating battery stats
05-24 14:13:18.834  1643  1687 W ActivityManager: Slow operation: 68ms so far, now at startProcess: building log message
05-24 14:13:18.834  1643  1687 I ActivityManager: Start proc 8980:com.heytap.themestore/u0a69 for broadcast {com.heytap.themestore/com.nearme.themespace.receiver.ThemeBizReceiver}
05-24 14:13:18.834  1643  1687 W ActivityManager: Slow operation: 68ms so far, now at startProcess: starting to update pids map
05-24 14:13:18.834  1643  1687 W ActivityManager: Slow operation: 68ms so far, now at startProcess: done updating pids map
05-24 14:13:18.855  1643  4070 V ActivityManager: New death recipient com.android.server.am.ActivityManagerService$AppDeathRecipient@3e51664 for thread android.os.BinderProxy@ab530cd
05-24 14:13:18.864  1643  1692 W BroadcastQueue: Background execution not allowed: receiving Intent { act=android.intent.action.PACKAGE_ADDED dat=package:com.lasbon.skripjatim flg=0x4000010 (has extras) } to com.google.android.packageinstaller/com.android.packageinstaller.PackageInstalledReceiver
05-24 14:13:18.864  1643  1692 W BroadcastQueue: Background execution not allowed: receiving Intent { act=android.intent.action.PACKAGE_ADDED dat=package:com.lasbon.skripjatim flg=0x4000010 (has extras) } to com.android.vending/com.google.android.finsky.packagemanager.impl.PackageMonitorReceiverImpl$RegisteredReceiver
05-24 14:13:18.865  1643  1692 W BroadcastQueue: Background execution not allowed: receiving Intent { act=android.intent.action.PACKAGE_ADDED dat=package:com.lasbon.skripjatim flg=0x4000010 (has extras) } to com.coloros.safecenter/.startupapp.StartupReceiver
05-24 14:13:18.865  1643  1692 W BroadcastQueue: Background execution not allowed: receiving Intent { act=android.intent.action.PACKAGE_ADDED dat=package:com.lasbon.skripjatim flg=0x4000010 (has extras) } to com.daemon.shelper/.wc.MonoitoringRecevier
05-24 14:13:18.865  1643  1692 W BroadcastQueue: Background execution not allowed: receiving Intent { act=android.intent.action.PACKAGE_ADDED dat=package:com.lasbon.skripjatim flg=0x4000010 (has extras) } to com.google.android.gms/.games.chimera.GamesSystemBroadcastReceiverProxy
05-24 14:13:18.865  1643  1692 W BroadcastQueue: Background execution not allowed: receiving Intent { act=android.intent.action.PACKAGE_ADDED dat=package:com.lasbon.skripjatim flg=0x4000010 (has extras) } to com.google.android.gms/.gass.chimera.PackageChangeBroadcastReceiver
05-24 14:13:18.865  1643  1692 W BroadcastQueue: Background execution not allowed: receiving Intent { act=android.intent.action.PACKAGE_ADDED dat=package:com.lasbon.skripjatim flg=0x4000010 (has extras) } to com.google.android.gms/.chimera.GmsIntentOperationService$PersistentTrustedReceiver
05-24 14:13:18.866  1643  1692 W BroadcastQueue: Background execution not allowed: receiving Intent { act=android.intent.action.PACKAGE_ADDED dat=package:com.lasbon.skripjatim flg=0x4000010 (has extras) } to com.google.android.googlequicksearchbox/com.google.android.apps.gsa.googlequicksearchbox.GelStubAppWatcher
05-24 14:13:18.866  1643  1692 W BroadcastQueue: Background execution not allowed: receiving Intent { act=android.intent.action.PACKAGE_ADDED dat=package:com.lasbon.skripjatim flg=0x4000010 (has extras) } to com.oppo.quicksearchbox/.core.receiver.AndroidPackageChangeReceiver
05-24 14:13:18.866  1643  1692 E ActivityManager: ProcessRecord{ff7896f 8236:com.coloros.phonemanager/u10a449} is attached to a previous process
05-24 14:13:18.881  1643  1692 E ActivityManager: Already have existing proc ProcessRecord{ff7896f 8236:com.coloros.phonemanager/u10a449} when adding ProcessRecord{fc0e73d 0:com.coloros.phonemanager/u10a449}
05-24 14:13:18.881  1643  1686 I DropBoxManagerService: add tag=system_server_wtf isTagEnabled=true flags=0x2
05-24 14:13:18.884  1643  1692 D CompatibilityChangeReporter: Compat change id reported: 135634846; UID 1010449; state: DISABLED
05-24 14:13:18.884  1643  1692 D CompatibilityChangeReporter: Compat change id reported: 135754954; UID 1010449; state: ENABLED
05-24 14:13:18.885  1643  1687 E ActivityManager: ProcessRecord{ff7896f 8236:com.coloros.phonemanager/u10a449} refused to die, but we need to launch ProcessRecord{fc0e73d 0:com.coloros.phonemanager/u10a449}
05-24 14:13:18.885  1643  1687 D CompatibilityChangeReporter: Compat change id reported: 143937733; UID 1010449; state: ENABLED
05-24 14:13:18.895  1643  1686 D DropBoxManagerService: file :: /data/system/dropbox/system_server_wtf@1653376398888.txt
05-24 14:13:18.912  1643  1686 I DropBoxManagerService: add tag=system_server_wtf isTagEnabled=true flags=0x2
05-24 14:13:18.925  1643  1686 D DropBoxManagerService: file :: /data/system/dropbox/system_server_wtf@1653376398919.txt
05-24 14:13:18.931  1643  1687 I ActivityManager: Start proc 9013:com.coloros.phonemanager/u10a449 for broadcast {com.coloros.phonemanager/com.coloros.phonemanager.virusdetect.receiver.RealTimeMonitorReceiver}
05-24 14:13:18.935  1643  1686 I DropBoxManagerService: add tag=system_server_wtf isTagEnabled=true flags=0x2
05-24 14:13:18.959  1643  3073 D CompatibilityChangeReporter: Compat change id reported: 135634846; UID 10449; state: DISABLED
05-24 14:13:18.961  1643  3073 D CompatibilityChangeReporter: Compat change id reported: 135754954; UID 10449; state: ENABLED
05-24 14:13:18.970  1643  1687 D CompatibilityChangeReporter: Compat change id reported: 143937733; UID 10449; state: ENABLED
05-24 14:13:18.972  1643  2721 D DisplayManagerService: Display listener for pid 8673 died.
05-24 14:13:18.972  1643  4029 V ActivityManager: Death received in com.android.server.am.ActivityManagerService$AppDeathRecipient@417d0f6 for thread android.os.BinderProxy@4131cf7
05-24 14:13:18.977  1643  1686 D DropBoxManagerService: file :: /data/system/dropbox/system_server_wtf@1653376398938.txt
05-24 14:13:18.990  1643  4029 I ActivityManager: Process com.lasbon.skripjatim (pid 8673) has died: fg  TOP 
05-24 14:13:18.991  1643  4029 W ContextImpl: Calling a method in the system process without a qualified user: android.app.ContextImpl.sendBroadcast:1143 com.android.server.am.OppoExtraActivityManagerService.setKeyLockModeNormal:51 com.android.server.am.ActivityManagerService.appDiedLocked:4323 com.android.server.am.ActivityManagerService$AppDeathRecipient.binderDied:1777 android.os.IBinder$DeathRecipient.binderDied:305 
05-24 14:13:18.991  1643  2571 W ContextImpl: Calling a method in the system process without a qualified user: android.app.ContextImpl.startService:1701 com.oplus.util.OplusStatisticsImpl.startService:216 com.oplus.util.OplusStatisticsImpl.sendDataToDCS:192 com.oplus.util.OplusStatisticsImpl.onCommonSync:84 com.oplus.util.OplusStatisticsImpl$1.run:124 
05-24 14:13:18.997  1643  4029 D ORMS_CORE: Set scene action identity: com.android.server.oppo scene: , action: ORMS_ACTION_COLD_LAUNCH, timeout: 2000, handle: 2685348690536322247
05-24 14:13:18.997  1643  1921 D ORMS_CORE: FinalSceneAction scene:1000 action:1 prio:6 start:38189735 timeout:2000 timeout_left:620
05-24 14:13:18.997  1643  1921 D ORMS_HISTORY: setSoCLimit sa
05-24 14:13:18.997  1643  1921 D ORMS_CORE: TCpuL:-1 TGpuL:-1 TCtrlL:-1 TModeOn:0 IdleS:0 PowerMode:NORMAL_MODE BenchMark:0 HaveCtrlD:0
05-24 14:13:18.998  1643  1921 D ORMS_CORE: saConfig:,SAResult Info{minCore=[6, 2, -1]minFreq=[2000000, 2050000, -1]maxCore=[-1, -1, -1]maxFreq=[-1, -1, -1], ddr=0, lpm=0, sb=1, prio=6, fpsgo=0, migrate= migfrate: , mask=1110, clkscale=-1, schedwinstats=-1, twinpolicy=-1, fgwinpolicy=-1, bgwinpolicy=-1, schedPreferSpread=-1, colocate=-1, slb=-1, nice=0, extActId=-1, extTime=-1, hardLevel=0}
05-24 14:13:18.998  1643  1921 D ORMS_CORE: request mDecision:SAResult Info{ minCpuCore: 6 2 ,  minCpuFreq: 2000000 2050000 ,  maxCpuCore: -1 -1 ,  maxCpuFreq: -1 -1 ,  minGpuCore: -1 ,  minGpuFreq: -1 ,  maxGpuCore: -1 ,  maxGpuFreq: -1 , Lpm=0, clkscale=-1, schedwinstats=-1, twinpolicy=-1, fgwinpolicy=-1, bgwinpolicy=-1, schedPreferSpread=-1, colocate=-1, slb=-1, fpsgo=0, schedBoost=1, ddrFreq=-1, migrate= migfrate: -1 -1 , hardLevel=false}
05-24 14:13:18.998  1643  1921 D ORMS_HISTORY: same limit, skip
05-24 14:13:19.007  1643  4029 I ActivityManager: Killing 7779:com.android.vending/u0a163 (adj 985): empty #9
05-24 14:13:19.014  1643  1687 W ActivityManager: Slow operation: 57ms so far, now at startProcess: done updating battery stats
05-24 14:13:19.015  1643  1687 W ActivityManager: Slow operation: 58ms so far, now at startProcess: building log message
05-24 14:13:19.015  1643  1687 I ActivityManager: Start proc 9038:com.coloros.phonemanager:avast/u0a449 for service {com.coloros.phonemanager/com.coloros.phonemanager.library.sdk_avast.AvastVirusScanService}
05-24 14:13:19.015  1643  1687 W ActivityManager: Slow operation: 58ms so far, now at startProcess: starting to update pids map
05-24 14:13:19.015  1643  1687 W ActivityManager: Slow operation: 58ms so far, now at startProcess: done updating pids map
05-24 14:13:19.016  1643  3073 V ActivityManager: New death recipient com.android.server.am.ActivityManagerService$AppDeathRecipient@7433cbb for thread android.os.BinderProxy@7c405d8
05-24 14:13:19.022  1643  3073 D ORMS_CORE: Set scene action identity: com.android.server.oppo scene: , action: ORMS_ACTION_COLD_LAUNCH, timeout: 2000, handle: 507389882878585351
05-24 14:13:19.022  1643  1921 D ORMS_CORE: FinalSceneAction scene:1000 action:1 prio:6 start:38189735 timeout:2000 timeout_left:596
05-24 14:13:19.022  1643  1921 D ORMS_HISTORY: setSoCLimit sa
05-24 14:13:19.022  1643  1921 D ORMS_CORE: TCpuL:-1 TGpuL:-1 TCtrlL:-1 TModeOn:0 IdleS:0 PowerMode:NORMAL_MODE BenchMark:0 HaveCtrlD:0
05-24 14:13:19.022  1643  1921 D ORMS_CORE: saConfig:,SAResult Info{minCore=[6, 2, -1]minFreq=[2000000, 2050000, -1]maxCore=[-1, -1, -1]maxFreq=[-1, -1, -1], ddr=0, lpm=0, sb=1, prio=6, fpsgo=0, migrate= migfrate: , mask=1110, clkscale=-1, schedwinstats=-1, twinpolicy=-1, fgwinpolicy=-1, bgwinpolicy=-1, schedPreferSpread=-1, colocate=-1, slb=-1, nice=0, extActId=-1, extTime=-1, hardLevel=0}
05-24 14:13:19.022  1643  1921 D ORMS_CORE: request mDecision:SAResult Info{ minCpuCore: 6 2 ,  minCpuFreq: 2000000 2050000 ,  maxCpuCore: -1 -1 ,  maxCpuFreq: -1 -1 ,  minGpuCore: -1 ,  minGpuFreq: -1 ,  maxGpuCore: -1 ,  maxGpuFreq: -1 , Lpm=0, clkscale=-1, schedwinstats=-1, twinpolicy=-1, fgwinpolicy=-1, bgwinpolicy=-1, schedPreferSpread=-1, colocate=-1, slb=-1, fpsgo=0, schedBoost=1, ddrFreq=-1, migrate= migfrate: -1 -1 , hardLevel=false}
05-24 14:13:19.022  1643  1921 D ORMS_HISTORY: same limit, skip
05-24 14:13:19.039  1643  1671 D CompatibilityChangeReporter: Compat change id reported: 135634846; UID 10495; state: DISABLED
05-24 14:13:19.045  1643  1671 D CompatibilityChangeReporter: Compat change id reported: 135754954; UID 10495; state: ENABLED
05-24 14:13:19.046  1643  1687 D CompatibilityChangeReporter: Compat change id reported: 143937733; UID 10495; state: ENABLED
05-24 14:13:19.085  1643  4070 V ActivityManager: New death recipient com.android.server.am.ActivityManagerService$AppDeathRecipient@ba0744d for thread android.os.BinderProxy@74f2b02
05-24 14:13:19.181  1643  4070 W ActivityManager: Slow operation: 97ms so far, now at attachApplicationLocked: before bindApplication
05-24 14:13:19.184  1643  4070 W ActivityManager: Slow operation: 100ms so far, now at attachApplicationLocked: immediately before bindApplication
05-24 14:13:19.201  1643  4070 W ActivityManager: Slow operation: 117ms so far, now at attachApplicationLocked: immediately after bindApplication
05-24 14:13:19.201  1643  4070 W ActivityManager: Slow operation: 117ms so far, now at attachApplicationLocked: after updateLruProcessLocked
05-24 14:13:19.201  1643  4070 D ORMS_CORE: Set scene action identity: com.android.server.oppo scene: , action: ORMS_ACTION_COLD_LAUNCH, timeout: 2000, handle: 7006511120192870466
05-24 14:13:19.201  1643  1921 D ORMS_CORE: FinalSceneAction scene:1000 action:1 prio:6 start:38191319 timeout:2000 timeout_left:2000
05-24 14:13:19.202  1643  1921 D ORMS_HISTORY: setSoCLimit sa
05-24 14:13:19.202  1643  1921 D ORMS_CORE: TCpuL:-1 TGpuL:-1 TCtrlL:-1 TModeOn:0 IdleS:0 PowerMode:NORMAL_MODE BenchMark:0 HaveCtrlD:0
05-24 14:13:19.202  1643  1921 D ORMS_CORE: saConfig:,SAResult Info{minCore=[6, 2, -1]minFreq=[2000000, 2050000, -1]maxCore=[-1, -1, -1]maxFreq=[-1, -1, -1], ddr=0, lpm=0, sb=1, prio=6, fpsgo=0, migrate= migfrate: , mask=1110, clkscale=-1, schedwinstats=-1, twinpolicy=-1, fgwinpolicy=-1, bgwinpolicy=-1, schedPreferSpread=-1, colocate=-1, slb=-1, nice=0, extActId=-1, extTime=-1, hardLevel=0}
05-24 14:13:19.202  1643  1921 D ORMS_CORE: request mDecision:SAResult Info{ minCpuCore: 6 2 ,  minCpuFreq: 2000000 2050000 ,  maxCpuCore: -1 -1 ,  maxCpuFreq: -1 -1 ,  minGpuCore: -1 ,  minGpuFreq: -1 ,  maxGpuCore: -1 ,  maxGpuFreq: -1 , Lpm=0, clkscale=-1, schedwinstats=-1, twinpolicy=-1, fgwinpolicy=-1, bgwinpolicy=-1, schedPreferSpread=-1, colocate=-1, slb=-1, fpsgo=0, schedBoost=1, ddrFreq=-1, migrate= migfrate: -1 -1 , hardLevel=false}
05-24 14:13:19.202  1643  1921 D ORMS_HISTORY: same limit, skip
05-24 14:13:19.206  1643  2011 D DisplayManagerService: Display listener for pid 7943 died.
05-24 14:13:19.206  1643  4030 V ActivityManager: Death received in com.android.server.am.ActivityManagerService$AppDeathRecipient@3955f84 for thread android.os.BinderProxy@dcc136d
05-24 14:13:19.206  1643  4020 D MtkConnectivityService: ConnectivityService NetworkRequestInfo binderDied(NetworkRequest [ TRACK_DEFAULT id=3195, [ Capabilities: INTERNET&NOT_RESTRICTED&TRUSTED Uid: 10163 AdministratorUids: [] RequestorUid: 10163 RequestorPackageName: com.android.vending] ], android.os.BinderProxy@273ca61)
05-24 14:13:19.217  1643  4070 W ActivityManager: Slow operation: 133ms so far, now at attachApplicationLocked: after mServices.attachApplicationLocked
05-24 14:13:19.219  1643  1669 W Looper  : Slow dispatch took 223ms android.ui h=com.android.server.am.ActivityManagerService$UiHandler c=null m=53
05-24 14:13:19.220  1643  1669 W Looper  : Slow delivery took 223ms android.ui h=com.android.server.wm.BarController$BarHandler c=com.android.server.wm.-$$Lambda$StatusBarController$1$x4q7e0Eysf0ynMSdT1A-JN_ucuI@1f88435 m=0
05-24 14:13:19.220  1643  1687 W ActivityManager: Slow operation: 183ms so far, now at startProcess: done updating battery stats
05-24 14:13:19.221  1643  1687 W ActivityManager: Slow operation: 184ms so far, now at startProcess: building log message
05-24 14:13:19.221  1643  1687 I ActivityManager: Start proc 9057:com.lasbon.skripjatim/u0a495 for top-activity {com.lasbon.skripjatim/com.lasbon.skripjatim.MainActivity}
05-24 14:13:19.221  1643  1687 W ActivityManager: Slow operation: 184ms so far, now at startProcess: starting to update pids map
05-24 14:13:19.222  1643  1687 W ActivityManager: Slow operation: 185ms so far, now at startProcess: done updating pids map
05-24 14:13:19.238  1643  1692 D CompatibilityChangeReporter: Compat change id reported: 135634846; UID 1001000; state: DISABLED
05-24 14:13:19.238  1643  1692 D CompatibilityChangeReporter: Compat change id reported: 135754954; UID 1001000; state: ENABLED
05-24 14:13:19.243  1643  1661 V ActivityManager: New death recipient com.android.server.am.ActivityManagerService$AppDeathRecipient@e9e26ba for thread android.os.BinderProxy@6ff596b
05-24 14:13:19.269  1643  4070 V ActivityManager: Death received in com.android.server.am.ActivityManagerService$AppDeathRecipient@2f2a352 for thread android.os.BinderProxy@27eb623
05-24 14:13:19.270  1643  2011 D DisplayManagerService: Display listener for pid 8236 died.
05-24 14:13:19.278  1643  1661 I ColorAppSwitchManagerService: appswitch hasProcess ActivityRecord{e3a0f77 u0 com.lasbon.skripjatim/.MainActivity t2699}
05-24 14:13:19.279  1643  1661 I ColorAppSwitchManagerService: appswitch hasProcess ActivityRecord{e3a0f77 u0 com.lasbon.skripjatim/.MainActivity t2699}
05-24 14:13:19.282  1643  4029 D ColorAppListInterceptManager: shouldFilterTask
05-24 14:13:19.282  1643  4029 D ColorAppListInterceptManager: shouldFilterTask::packageName = com.lasbon.skripjatim
05-24 14:13:19.283  1643  4029 D ColorAppListInterceptManager: shouldFilterTask
05-24 14:13:19.283  1643  4029 D ColorAppListInterceptManager: shouldFilterTask::packageName = com.whatsapp
05-24 14:13:19.283  1643  4029 D ColorAppListInterceptManager: shouldFilterTask
05-24 14:13:19.283  1643  4029 D ColorAppListInterceptManager: shouldFilterTask::packageName = org.telegram.messenger
05-24 14:13:19.283  1643  4029 D ColorAppListInterceptManager: shouldFilterTask
05-24 14:13:19.283  1643  4029 D ColorAppListInterceptManager: shouldFilterTask::packageName = com.android.settings
05-24 14:13:19.283  1643  4029 D ColorAppListInterceptManager: shouldFilterTask
05-24 14:13:19.283  1643  4029 D ColorAppListInterceptManager: shouldFilterTask::packageName = com.bca
05-24 14:13:19.283  1643  4029 D ColorAppListInterceptManager: shouldFilterTask
05-24 14:13:19.283  1643  4029 D ColorAppListInterceptManager: shouldFilterTask::packageName = com.linkedin.android
05-24 14:13:19.283  1643  4029 D ColorAppListInterceptManager: shouldFilterTask
05-24 14:13:19.283  1643  4029 D ColorAppListInterceptManager: shouldFilterTask::packageName = com.facebook.katana
05-24 14:13:19.283  1643  4029 D ColorAppListInterceptManager: shouldFilterTask
05-24 14:13:19.283  1643  4029 D ColorAppListInterceptManager: shouldFilterTask::packageName = com.microsoft.office.outlook
05-24 14:13:19.283  1643  4029 D ColorAppListInterceptManager: shouldFilterTask
05-24 14:13:19.283  1643  4029 D ColorAppListInterceptManager: shouldFilterTask::packageName = com.anydesk.anydeskandroid
05-24 14:13:19.283  1643  4029 D ColorAppListInterceptManager: shouldFilterTask
05-24 14:13:19.283  1643  4029 D ColorAppListInterceptManager: shouldFilterTask::packageName = com.google.android.gm
05-24 14:13:19.321  1643  3383 E TaskPersister: File error accessing recents directory (directory doesn't exist?).
05-24 14:13:19.329  1643  1687 W ActivityManager: Slow operation: 92ms so far, now at startProcess: done updating battery stats
05-24 14:13:19.329  1643  1687 W ActivityManager: Slow operation: 92ms so far, now at startProcess: building log message
05-24 14:13:19.329  1643  1687 I ActivityManager: Start proc 9087:com.daemon.shelper/u10s1000 for broadcast {com.daemon.shelper/com.daemon.shelper.wc.MonoitoringRecevier}
05-24 14:13:19.329  1643  1687 W ActivityManager: Slow operation: 92ms so far, now at startProcess: starting to update pids map
05-24 14:13:19.331  1643  1687 W ActivityManager: Slow operation: 93ms so far, now at startProcess: done updating pids map
05-24 14:13:19.337  1643  4030 W ActivityManager: Scheduling restart of crashed service com.android.vending/com.google.android.finsky.ipcservers.background.BackgroundGrpcServerAndroidService in 1500ms for connection
05-24 14:13:19.352  1643  3687 V ActivityManager: New death recipient com.android.server.am.ActivityManagerService$AppDeathRecipient@80f23fe for thread android.os.BinderProxy@fdde75f
05-24 14:13:19.363  1643  1672 I ColorAppSwitchManagerService:  handleAppVisible , r = ActivityRecord{e3a0f77 u0 com.lasbon.skripjatim/.MainActivity t2699}
05-24 14:13:19.372  1643  1692 E ActivityManager: ProcessRecord{a8da58a 7779:com.android.vending/u0a163} is attached to a previous process
05-24 14:13:19.372  1643  1692 E ActivityManager: Already have existing proc ProcessRecord{a8da58a 7779:com.android.vending/u0a163} when adding ProcessRecord{8f42b2d 0:com.android.vending/u0a163}
05-24 14:13:19.373  1643  1686 I DropBoxManagerService: add tag=system_server_wtf isTagEnabled=true flags=0x2
05-24 14:13:19.376  1643  1692 D CompatibilityChangeReporter: Compat change id reported: 135634846; UID 10163; state: DISABLED
05-24 14:13:19.376  1643  1692 D CompatibilityChangeReporter: Compat change id reported: 135754954; UID 10163; state: ENABLED
05-24 14:13:19.377  1643  1687 E ActivityManager: ProcessRecord{a8da58a 7779:com.android.vending/u0a163} refused to die, but we need to launch ProcessRecord{8f42b2d 0:com.android.vending/u0a163}
05-24 14:13:19.377  1643  1687 D CompatibilityChangeReporter: Compat change id reported: 143937733; UID 10163; state: ENABLED
05-24 14:13:19.393  1643  1686 D DropBoxManagerService: file :: /data/system/dropbox/system_server_wtf@1653376399388.txt
05-24 14:13:19.404  1643  1686 I DropBoxManagerService: add tag=system_server_wtf isTagEnabled=true flags=0x2
05-24 14:13:19.425  1643  1687 W ActivityManager: Slow operation: 52ms so far, now at startProcess: done updating battery stats
05-24 14:13:19.425  1643  1687 W ActivityManager: Slow operation: 52ms so far, now at startProcess: building log message
05-24 14:13:19.425  1643  1687 I ActivityManager: Start proc 9117:com.android.vending/u0a163 for broadcast {com.android.vending/com.google.android.finsky.packagemanager.impl.PackageMonitorReceiverImpl$RegisteredReceiver}
05-24 14:13:19.425  1643  1687 W ActivityManager: Slow operation: 52ms so far, now at startProcess: starting to update pids map
05-24 14:13:19.425  1643  1687 W ActivityManager: Slow operation: 52ms so far, now at startProcess: done updating pids map
05-24 14:13:19.426  1643  1669 W Looper  : Drained
05-24 14:13:19.439  1643  1686 D DropBoxManagerService: file :: /data/system/dropbox/system_server_wtf@1653376399432.txt
05-24 14:13:19.470  1643  3141 V ActivityManager: New death recipient com.android.server.am.ActivityManagerService$AppDeathRecipient@4f4c7cb for thread android.os.BinderProxy@31b1ba8
05-24 14:13:19.559  1643  3141 W ActivityManager: Slow operation: 90ms so far, now at attachApplicationLocked: before bindApplication
05-24 14:13:19.559  1643  3141 W ActivityManager: Slow operation: 90ms so far, now at attachApplicationLocked: immediately before bindApplication
05-24 14:13:19.559  1643  3141 W ActivityManager: Slow operation: 90ms so far, now at attachApplicationLocked: immediately after bindApplication
05-24 14:13:19.559  1643  3141 W ActivityManager: Slow operation: 90ms so far, now at attachApplicationLocked: after updateLruProcessLocked
05-24 14:13:19.560  1643  3141 W ActivityManager: Slow operation: 91ms so far, now at attachApplicationLocked: after mServices.attachApplicationLocked
05-24 14:13:19.561  1643  3141 W ActivityManager: Slow operation: 92ms so far, now at attachApplicationLocked: after sendPendingBroadcastsLocked
05-24 14:13:19.631  1643  1692 D CompatibilityChangeReporter: Compat change id reported: 135634846; UID 1010163; state: DISABLED
05-24 14:13:19.631  1643  1692 D CompatibilityChangeReporter: Compat change id reported: 135754954; UID 1010163; state: ENABLED
05-24 14:13:19.635  1643  1687 D CompatibilityChangeReporter: Compat change id reported: 143937733; UID 1010163; state: ENABLED
05-24 14:13:19.664  1643  1643 W Looper  : Slow dispatch took 254ms main h=com.android.server.job.JobSchedulerService$JobHandler c=null m=3
05-24 14:13:19.664  1643  1643 W Looper  : Slow delivery took 269ms main h=com.android.server.job.JobSchedulerService$JobHandler c=null m=5
05-24 14:13:19.664  1643  1668 W Looper  : Slow dispatch took 269ms android.fg h=com.android.server.AppStateTracker$MyHandler c=null m=0
05-24 14:13:19.664  1643  1668 W Looper  : Slow delivery took 258ms android.fg h=android.os.Handler c=com.android.server.location.-$$Lambda$AppForegroundHelper$7asxY_maANt1D_AUTchqbCjktH0@3b3e6e m=0
05-24 14:13:19.664  1643  1668 W Looper  : Drained
05-24 14:13:19.676  1643  1669 W Looper  : Slow dispatch took 116ms android.ui h=com.android.server.am.ActivityManagerService$UiHandler c=null m=53
05-24 14:13:19.687  1643  4023 I SecurityPermissionService: updateCachedPermission pkgName:com.lasbon.skripjatim, userId:10, delete:false
05-24 14:13:19.701  1643  3592 D MtkConnectivityService: ConnectivityService NetworkRequestInfo binderDied(NetworkRequest [ LISTEN id=3194, [ Capabilities: INTERNET&NOT_RESTRICTED&TRUSTED Uid: 10163 AdministratorUids: [] RequestorUid: 10163 RequestorPackageName: com.android.vending] ], android.os.BinderProxy@4ce8245)
05-24 14:13:19.701  1643  4041 D MtkConnectivityService: ConnectivityService NetworkRequestInfo binderDied(NetworkRequest [ TRACK_DEFAULT id=3193, [ Capabilities: INTERNET&NOT_RESTRICTED&TRUSTED Uid: 10163 AdministratorUids: [] RequestorUid: 10163 RequestorPackageName: com.android.vending] ], android.os.BinderProxy@dfcad9a)
05-24 14:13:19.701  1643  4023 D DisplayManagerService: Display listener for pid 7779 died.
05-24 14:13:19.701  1643  4023 V ActivityManager: Death received in com.android.server.am.ActivityManagerService$AppDeathRecipient@71d8a71 for thread android.os.BinderProxy@c289056
05-24 14:13:19.711  1643  1687 W ActivityManager: Slow operation: 81ms so far, now at startProcess: done updating battery stats
05-24 14:13:19.712  1643  1687 W ActivityManager: Slow operation: 82ms so far, now at startProcess: building log message
05-24 14:13:19.712  1643  1687 I ActivityManager: Start proc 9169:com.android.vending/u10a163 for broadcast {com.android.vending/com.google.android.finsky.packagemanager.impl.PackageMonitorReceiverImpl$RegisteredReceiver}
05-24 14:13:19.712  1643  1687 W ActivityManager: Slow operation: 82ms so far, now at startProcess: starting to update pids map
05-24 14:13:19.713  1643  1687 W ActivityManager: Slow operation: 83ms so far, now at startProcess: done updating pids map
05-24 14:13:19.793  1643  3581 D ColorAppListInterceptManager: shouldFilterTask
05-24 14:13:19.793  1643  3581 D ColorAppListInterceptManager: shouldFilterTask::packageName = com.lasbon.skripjatim
05-24 14:13:19.793  1643  3581 D ColorAppListInterceptManager: shouldFilterTask
05-24 14:13:19.793  1643  3581 D ColorAppListInterceptManager: shouldFilterTask::packageName = com.whatsapp
05-24 14:13:19.793  1643  3581 D ColorAppListInterceptManager: shouldFilterTask
05-24 14:13:19.793  1643  3581 D ColorAppListInterceptManager: shouldFilterTask::packageName = org.telegram.messenger
05-24 14:13:19.793  1643  3581 D ColorAppListInterceptManager: shouldFilterTask
05-24 14:13:19.793  1643  3581 D ColorAppListInterceptManager: shouldFilterTask::packageName = com.android.settings
05-24 14:13:19.793  1643  3581 D ColorAppListInterceptManager: shouldFilterTask
05-24 14:13:19.793  1643  3581 D ColorAppListInterceptManager: shouldFilterTask::packageName = com.bca
05-24 14:13:19.793  1643  3581 D ColorAppListInterceptManager: shouldFilterTask
05-24 14:13:19.793  1643  3581 D ColorAppListInterceptManager: shouldFilterTask::packageName = com.linkedin.android
05-24 14:13:19.793  1643  3581 D ColorAppListInterceptManager: shouldFilterTask
05-24 14:13:19.794  1643  3581 D ColorAppListInterceptManager: shouldFilterTask::packageName = com.facebook.katana
05-24 14:13:19.794  1643  3581 D ColorAppListInterceptManager: shouldFilterTask
05-24 14:13:19.794  1643  3581 D ColorAppListInterceptManager: shouldFilterTask::packageName = com.microsoft.office.outlook
05-24 14:13:19.794  1643  3581 D ColorAppListInterceptManager: shouldFilterTask
05-24 14:13:19.794  1643  3581 D ColorAppListInterceptManager: shouldFilterTask::packageName = com.anydesk.anydeskandroid
05-24 14:13:19.794  1643  3581 D ColorAppListInterceptManager: shouldFilterTask
05-24 14:13:19.794  1643  3581 D ColorAppListInterceptManager: shouldFilterTask::packageName = com.google.android.gm
05-24 14:13:19.906  1643  1668 W Looper  : Slow dispatch took 180ms android.fg h=com.android.server.AppStateTracker$MyHandler c=null m=0
05-24 14:13:19.914  1643  1764 D CompatibilityChangeReporter: Compat change id reported: 135634846; UID 10427; state: DISABLED
05-24 14:13:19.914  1643  1764 D CompatibilityChangeReporter: Compat change id reported: 135754954; UID 10427; state: ENABLED
05-24 14:13:19.915  1643  1687 D CompatibilityChangeReporter: Compat change id reported: 143937733; UID 10427; state: ENABLED
05-24 14:13:19.917  1643  1643 W Looper  : Slow dispatch took 211ms main h=com.android.server.job.JobSchedulerService$JobHandler c=null m=1
05-24 14:13:19.984  8682  9206 W ActivityThread: ClassLoader.loadClass: The class loader returned by Thread.getContextClassLoader() may fail for processes that host multiple applications. You should explicitly specify a context class loader. For example: Thread.setContextClassLoader(getClass().getClassLoader());
05-24 14:13:19.994  1643  1687 W ActivityManager: Slow operation: 81ms so far, now at startProcess: returned from zygote!
05-24 14:13:20.021  1643  1687 W ActivityManager: Slow operation: 108ms so far, now at startProcess: done updating battery stats
05-24 14:13:20.021  1643  1687 W ActivityManager: Slow operation: 108ms so far, now at startProcess: building log message
05-24 14:13:20.021  1643  1687 I ActivityManager: Start proc 9237:com.heytap.usercenter/u0a427 for content provider {com.heytap.usercenter/com.platform.usercenter.newcommon.db.UserCenterContentProvider}
05-24 14:13:20.021  1643  1687 W ActivityManager: Slow operation: 108ms so far, now at startProcess: starting to update pids map
05-24 14:13:20.022  1643  1687 W ActivityManager: Slow operation: 109ms so far, now at startProcess: done updating pids map
05-24 14:13:20.104  1643  3581 V ActivityManager: New death recipient com.android.server.am.ActivityManagerService$AppDeathRecipient@74f36bb for thread android.os.BinderProxy@f0977d8
05-24 14:13:20.142  1643  1643 W Looper  : Slow dispatch took 224ms main h=com.android.server.job.JobSchedulerService$JobHandler c=null m=1
05-24 14:13:20.166  1643  1765 I ActivityManager: Killing 8303:com.coloros.childrenspace/u10a445 (adj 985): empty #9
05-24 14:13:20.169  1643  3592 D DisplayManagerService: Display listener for pid 8521 died.
05-24 14:13:20.169  1643  4037 V ActivityManager: Death received in com.android.server.am.ActivityManagerService$AppDeathRecipient@ed34598 for thread android.os.BinderProxy@ab921f1
05-24 14:13:20.202  1643  4037 I ActivityManager: Process com.coloros.childrenspace (pid 8521) has died: cch+75 CEM 
05-24 14:13:20.203  1643  4037 W ContextImpl: Calling a method in the system process without a qualified user: android.app.ContextImpl.sendBroadcast:1143 com.android.server.am.OppoExtraActivityManagerService.setKeyLockModeNormal:51 com.android.server.am.ActivityManagerService.appDiedLocked:4323 com.android.server.am.ActivityManagerService$AppDeathRecipient.binderDied:1777 android.os.IBinder$DeathRecipient.binderDied:305 
05-24 14:13:20.224  1643  2110 D DisplayManagerService: Display listener for pid 8422 died.
05-24 14:13:20.224  1643  4037 V ActivityManager: Death received in com.android.server.am.ActivityManagerService$AppDeathRecipient@2a997f4 for thread android.os.BinderProxy@93a3b1d
05-24 14:13:20.226  1643  4037 I ActivityManager: Process com.oppo.quicksearchbox (pid 8422) has died: cch+5 CEM 
05-24 14:13:20.227  1643  4037 W ContextImpl: Calling a method in the system process without a qualified user: android.app.ContextImpl.sendBroadcast:1143 com.android.server.am.OppoExtraActivityManagerService.setKeyLockModeNormal:51 com.android.server.am.ActivityManagerService.appDiedLocked:4323 com.android.server.am.ActivityManagerService$AppDeathRecipient.binderDied:1777 android.os.IBinder$DeathRecipient.binderDied:305 
05-24 14:13:20.282  1643  2721 D DisplayManagerService: Display listener for pid 8303 died.
05-24 14:13:20.282  1643  3073 V ActivityManager: Death received in com.android.server.am.ActivityManagerService$AppDeathRecipient@8ccaeb for thread android.os.BinderProxy@e883048
05-24 14:13:20.282  1643  1765 V ActivityManager: Death received in com.android.server.am.ActivityManagerService$AppDeathRecipient@2ffabfb for thread android.os.BinderProxy@c64e418
05-24 14:13:20.283  1643  2110 D DisplayManagerService: Display listener for pid 8347 died.
05-24 14:13:20.305  1643  4020 V ActivityManager: New death recipient com.android.server.am.ActivityManagerService$AppDeathRecipient@add7916 for thread android.os.BinderProxy@8357297
05-24 14:13:20.329  1643  1669 W Looper  : Slow dispatch took 170ms android.ui h=com.android.server.am.ActivityManagerService$UiHandler c=null m=53
05-24 14:13:20.330  1643  1692 W BroadcastQueue: Background execution not allowed: receiving Intent { act=android.intent.action.PACKAGE_REPLACED dat=package:com.lasbon.skripjatim flg=0x4000010 (has extras) } to com.byu.id/com.v3d.equalcore.external.bootstrap.WatchDogReceiver
05-24 14:13:20.331  1643  1692 W BroadcastQueue: Background execution not allowed: receiving Intent { act=android.intent.action.PACKAGE_REPLACED dat=package:com.lasbon.skripjatim flg=0x4000010 (has extras) } to com.telkomsel.telkomselcm/com.v3d.equalcore.external.bootstrap.WatchDogReceiver
05-24 14:13:20.337  1643  1765 I ActivityManager: Process com.coloros.securepay (pid 8347) has died: fg  SVC 
05-24 14:13:20.338  1643  1765 W ContextImpl: Calling a method in the system process without a qualified user: android.app.ContextImpl.sendBroadcast:1143 com.android.server.am.OppoExtraActivityManagerService.setKeyLockModeNormal:51 com.android.server.am.ActivityManagerService.appDiedLocked:4323 com.android.server.am.ActivityManagerService$AppDeathRecipient.binderDied:1777 android.os.IBinder$DeathRecipient.binderDied:305 
05-24 14:13:20.353  1643  2721 D CompatibilityChangeReporter: Compat change id reported: 135634846; UID 1010449; state: DISABLED
05-24 14:13:20.353  1643  2721 D CompatibilityChangeReporter: Compat change id reported: 135754954; UID 1010449; state: ENABLED
05-24 14:13:20.354  1643  1687 D CompatibilityChangeReporter: Compat change id reported: 143937733; UID 1010449; state: ENABLED
05-24 14:13:20.422  1643  1687 W ActivityManager: Slow operation: 72ms so far, now at startProcess: returned from zygote!
05-24 14:13:20.430  9057  9359 E AndroidRuntime: FATAL EXCEPTION: FlipperConnectionThread
05-24 14:13:20.430  9057  9359 E AndroidRuntime: Process: com.lasbon.skripjatim, PID: 9057
05-24 14:13:20.430  9057  9359 E AndroidRuntime: java.lang.UnsatisfiedLinkError: couldn't find DSO to load: libfbjni.so
05-24 14:13:20.430  9057  9359 E AndroidRuntime: 	SoSource 0: com.facebook.soloader.ApkSoSource[root = /data/data/com.lasbon.skripjatim/lib-main flags = 1]
05-24 14:13:20.430  9057  9359 E AndroidRuntime: 	SoSource 1: com.facebook.soloader.DirectorySoSource[root = /data/app/~~UI-LXpX3i-oeOazOt-0enQ==/com.lasbon.skripjatim-wfkIsA3LI57YBE4BeQPFtw==/lib/arm64 flags = 0]
05-24 14:13:20.430  9057  9359 E AndroidRuntime: 	SoSource 2: com.facebook.soloader.DirectorySoSource[root = /vendor/lib64 flags = 2]
05-24 14:13:20.430  9057  9359 E AndroidRuntime: 	SoSource 3: com.facebook.soloader.DirectorySoSource[root = /system/lib64 flags = 2]
05-24 14:13:20.430  9057  9359 E AndroidRuntime: 	Native lib dir: /data/app/~~UI-LXpX3i-oeOazOt-0enQ==/com.lasbon.skripjatim-wfkIsA3LI57YBE4BeQPFtw==/lib/arm64
05-24 14:13:20.430  9057  9359 E AndroidRuntime:  result: 0
05-24 14:13:20.430  9057  9359 E AndroidRuntime: 	at com.facebook.soloader.SoLoader.doLoadLibraryBySoName(SoLoader.java:896)
05-24 14:13:20.430  9057  9359 E AndroidRuntime: 	at com.facebook.soloader.SoLoader.loadLibraryBySoNameImpl(SoLoader.java:725)
05-24 14:13:20.430  9057  9359 E AndroidRuntime: 	at com.facebook.soloader.SoLoader.loadLibraryBySoName(SoLoader.java:649)
05-24 14:13:20.430  9057  9359 E AndroidRuntime: 	at com.facebook.soloader.SoLoader.loadLibrary(SoLoader.java:629)
05-24 14:13:20.430  9057  9359 E AndroidRuntime: 	at com.facebook.soloader.NativeLoaderToSoLoaderDelegate.loadLibrary(NativeLoaderToSoLoaderDelegate.java:29)
05-24 14:13:20.430  9057  9359 E AndroidRuntime: 	at com.facebook.soloader.nativeloader.NativeLoader.loadLibrary(NativeLoader.java:51)
05-24 14:13:20.430  9057  9359 E AndroidRuntime: 	at com.facebook.soloader.nativeloader.NativeLoader.loadLibrary(NativeLoader.java:30)
05-24 14:13:20.430  9057  9359 E AndroidRuntime: 	at com.facebook.jni.HybridData.<clinit>(HybridData.java:34)
05-24 14:13:20.430  9057  9359 E AndroidRuntime: 	at com.facebook.flipper.android.FlipperThread.run(FlipperThread.java:25)
05-24 14:13:20.431  9057  9358 E AndroidRuntime: FATAL EXCEPTION: FlipperEventBaseThread
05-24 14:13:20.431  9057  9358 E AndroidRuntime: Process: com.lasbon.skripjatim, PID: 9057
05-24 14:13:20.431  9057  9358 E AndroidRuntime: java.lang.NoClassDefFoundError: <clinit> failed for class com.facebook.flipper.android.EventBase; see exception in other thread
05-24 14:13:20.431  9057  9358 E AndroidRuntime: 	at com.facebook.flipper.android.FlipperThread.run(FlipperThread.java:25)
05-24 14:13:20.445  1643  2571 W ContextImpl: Calling a method in the system process without a qualified user: android.app.ContextImpl.startService:1701 com.oplus.util.OplusStatisticsImpl.startService:216 com.oplus.util.OplusStatisticsImpl.sendDataToDCS:192 com.oplus.util.OplusStatisticsImpl.onCommonSync:84 com.oplus.util.OplusStatisticsImpl$1.run:124 
05-24 14:13:20.447  1643  8666 D DropBoxManagerService: file :: /data/system/dropbox/data_app_crash@1653376397838.txt
05-24 14:13:20.469  1643  4038 V ActivityManager: Death received in com.android.server.am.ActivityManagerService$AppDeathRecipient@181a206 for thread android.os.BinderProxy@a3400c7
05-24 14:13:20.469  1643  3581 D DisplayManagerService: Display listener for pid 8601 died.
05-24 14:13:20.469  1643  1692 W BroadcastQueue: Background execution not allowed: receiving Intent { act=android.intent.action.PACKAGE_REPLACED dat=package:com.lasbon.skripjatim flg=0x4000010 (has extras) } to com.lenovo.anyshare.gps/com.ushareit.bh.receiver.GlobalReceiver
05-24 14:13:20.471  1643  3073 D DisplayManagerService: Display listener for pid 9057 died.
05-24 14:13:20.471  1643  3073 V ActivityManager: Death received in com.android.server.am.ActivityManagerService$AppDeathRecipient@e9e26ba for thread android.os.BinderProxy@6ff596b
05-24 14:13:20.472  1643  3073 I ActivityManager: Process com.lasbon.skripjatim (pid 9057) has died: fg  TOP 
05-24 14:13:20.472  1643  3073 W ContextImpl: Calling a method in the system process without a qualified user: android.app.ContextImpl.sendBroadcast:1143 com.android.server.am.OppoExtraActivityManagerService.setKeyLockModeNormal:51 com.android.server.am.ActivityManagerService.appDiedLocked:4323 com.android.server.am.ActivityManagerService$AppDeathRecipient.binderDied:1777 android.os.IBinder$DeathRecipient.binderDied:305 
05-24 14:13:20.477  1643  3073 D ORMS_CORE: Set scene action identity: com.android.server.oppo scene: , action: ORMS_ACTION_COLD_LAUNCH, timeout: 2000, handle: 4742460846400369503
05-24 14:13:20.477  1643  1921 D ORMS_CORE: Remove app timeout handle: 9064143561398629092scene/action: 1000/1  timeout_left:-860
05-24 14:13:20.477  1643  1921 D ORMS_CORE: Remove app timeout handle: 4322951880778913333scene/action: 1000/1  timeout_left:-883
05-24 14:13:20.477  1643  1921 D ORMS_CORE: FinalSceneAction scene:1000 action:1 prio:6 start:38191319 timeout:2000 timeout_left:724
05-24 14:13:20.477  1643  1921 D ORMS_HISTORY: setSoCLimit sa
05-24 14:13:20.477  1643  1921 D ORMS_CORE: TCpuL:-1 TGpuL:-1 TCtrlL:-1 TModeOn:0 IdleS:0 PowerMode:NORMAL_MODE BenchMark:0 HaveCtrlD:0
05-24 14:13:20.477  1643  1921 D ORMS_CORE: saConfig:,SAResult Info{minCore=[6, 2, -1]minFreq=[2000000, 2050000, -1]maxCore=[-1, -1, -1]maxFreq=[-1, -1, -1], ddr=0, lpm=0, sb=1, prio=6, fpsgo=0, migrate= migfrate: , mask=1110, clkscale=-1, schedwinstats=-1, twinpolicy=-1, fgwinpolicy=-1, bgwinpolicy=-1, schedPreferSpread=-1, colocate=-1, slb=-1, nice=0, extActId=-1, extTime=-1, hardLevel=0}
05-24 14:13:20.477  1643  1921 D ORMS_CORE: request mDecision:SAResult Info{ minCpuCore: 6 2 ,  minCpuFreq: 2000000 2050000 ,  maxCpuCore: -1 -1 ,  maxCpuFreq: -1 -1 ,  minGpuCore: -1 ,  minGpuFreq: -1 ,  maxGpuCore: -1 ,  maxGpuFreq: -1 , Lpm=0, clkscale=-1, schedwinstats=-1, twinpolicy=-1, fgwinpolicy=-1, bgwinpolicy=-1, schedPreferSpread=-1, colocate=-1, slb=-1, fpsgo=0, schedBoost=1, ddrFreq=-1, migrate= migfrate: -1 -1 , hardLevel=false}
05-24 14:13:20.477  1643  1921 D ORMS_HISTORY: same limit, skip
05-24 14:13:20.512  1643  2112 W ActivityManager: Can't find mystery application for Crash from pid=0 uid=10495: android.os.BinderProxy@6ff596b
05-24 14:13:20.512  1643  4038 I ActivityManager: Process com.coloros.securepay (pid 8601) has died: cch+45 CEM 
05-24 14:13:20.513  1643  4038 W ContextImpl: Calling a method in the system process without a qualified user: android.app.ContextImpl.sendBroadcast:1143 com.android.server.am.OppoExtraActivityManagerService.setKeyLockModeNormal:51 com.android.server.am.ActivityManagerService.appDiedLocked:4323 com.android.server.am.ActivityManagerService$AppDeathRecipient.binderDied:1777 android.os.IBinder$DeathRecipient.binderDied:305 
05-24 14:13:20.513  1643  2571 W ContextImpl: Calling a method in the system process without a qualified user: android.app.ContextImpl.startService:1701 com.oplus.util.OplusStatisticsImpl.startService:216 com.oplus.util.OplusStatisticsImpl.sendDataToDCS:192 com.oplus.util.OplusStatisticsImpl.onCommonSync:84 com.oplus.util.OplusStatisticsImpl$1.run:124 
05-24 14:13:20.515  1643  4038 D ORMS_CORE: Set scene action identity: com.android.server.oppo scene: , action: ORMS_ACTION_COLD_LAUNCH, timeout: 2000, handle: 2406069568049677186
05-24 14:13:20.515  1643  1921 D ORMS_CORE: FinalSceneAction scene:1000 action:1 prio:6 start:38191319 timeout:2000 timeout_left:687
05-24 14:13:20.515  1643  1921 D ORMS_HISTORY: setSoCLimit sa
05-24 14:13:20.515  1643  1921 D ORMS_CORE: TCpuL:-1 TGpuL:-1 TCtrlL:-1 TModeOn:0 IdleS:0 PowerMode:NORMAL_MODE BenchMark:0 HaveCtrlD:0
05-24 14:13:20.515  1643  1921 D ORMS_CORE: saConfig:,SAResult Info{minCore=[6, 2, -1]minFreq=[2000000, 2050000, -1]maxCore=[-1, -1, -1]maxFreq=[-1, -1, -1], ddr=0, lpm=0, sb=1, prio=6, fpsgo=0, migrate= migfrate: , mask=1110, clkscale=-1, schedwinstats=-1, twinpolicy=-1, fgwinpolicy=-1, bgwinpolicy=-1, schedPreferSpread=-1, colocate=-1, slb=-1, nice=0, extActId=-1, extTime=-1, hardLevel=0}
05-24 14:13:20.515  1643  1921 D ORMS_CORE: request mDecision:SAResult Info{ minCpuCore: 6 2 ,  minCpuFreq: 2000000 2050000 ,  maxCpuCore: -1 -1 ,  maxCpuFreq: -1 -1 ,  minGpuCore: -1 ,  minGpuFreq: -1 ,  maxGpuCore: -1 ,  maxGpuFreq: -1 , Lpm=0, clkscale=-1, schedwinstats=-1, twinpolicy=-1, fgwinpolicy=-1, bgwinpolicy=-1, schedPreferSpread=-1, colocate=-1, slb=-1, fpsgo=0, schedBoost=1, ddrFreq=-1, migrate= migfrate: -1 -1 , hardLevel=false}
05-24 14:13:20.515  1643  1921 D ORMS_HISTORY: same limit, skip
05-24 14:13:20.516  1643  2112 I DropBoxManagerService: add tag=system_server_crash isTagEnabled=true flags=0x2
05-24 14:13:20.518  1643  1669 W Looper  : Slow dispatch took 188ms android.ui h=com.android.server.am.ActivityManagerService$UiHandler c=null m=53
05-24 14:13:20.518  1643  1643 W Looper  : Drained
05-24 14:13:20.518  1643  1643 W Looper  : Slow dispatch took 314ms main h=com.android.server.job.JobSchedulerService$JobHandler c=null m=3
05-24 14:13:20.518  1643  1643 W Looper  : Slow delivery took 316ms main h=com.android.server.job.JobSchedulerService$JobHandler c=null m=4
05-24 14:13:20.518  1643  1669 W Looper  : Slow delivery took 225ms android.ui h=com.android.server.am.ActivityManagerService$UiHandler c=null m=32
05-24 14:13:20.519  1643  1643 W Looper  : Drained
05-24 14:13:20.520  1643  1692 W BroadcastQueue: Background execution not allowed: receiving Intent { act=android.intent.action.PACKAGE_REPLACED dat=package:com.lasbon.skripjatim flg=0x4000010 (has extras) } to com.coloros.safecenter/.startupapp.StartupReceiver
05-24 14:13:20.527  1643  1687 W ActivityManager: Slow operation: 177ms so far, now at startProcess: done updating battery stats
05-24 14:13:20.527  1643  1687 W ActivityManager: Slow operation: 177ms so far, now at startProcess: building log message
05-24 14:13:20.527  1643  1687 I ActivityManager: Start proc 9375:com.coloros.phonemanager:avast/u10a449 for service {com.coloros.phonemanager/com.coloros.phonemanager.library.sdk_avast.AvastVirusScanService}
05-24 14:13:20.527  1643  1687 W ActivityManager: Slow operation: 177ms so far, now at startProcess: starting to update pids map
05-24 14:13:20.528  1643  1687 W ActivityManager: Slow operation: 178ms so far, now at startProcess: done updating pids map
05-24 14:13:20.530  1643  2112 D DropBoxManagerService: file :: /data/system/dropbox/system_server_crash@1653376400521.txt
05-24 14:13:20.530  1643  2112 D DropBoxManagerService: save crash file!
05-24 14:13:20.538  1643  2571 W ContextImpl: Calling a method in the system process without a qualified user: android.app.ContextImpl.startService:1701 com.oplus.util.OplusStatisticsImpl.startService:216 com.oplus.util.OplusStatisticsImpl.sendDataToDCS:192 com.oplus.util.OplusStatisticsImpl.onCommonSync:84 com.oplus.util.OplusStatisticsImpl$1.run:124 
05-24 14:13:20.541  1643  1692 W BroadcastQueue: Background execution not allowed: receiving Intent { act=android.intent.action.PACKAGE_REPLACED dat=package:com.lasbon.skripjatim flg=0x4000010 (has extras) } to com.coloros.securitypermission/.permission.PermissionReceiver
05-24 14:13:20.542  1643  1692 W BroadcastQueue: Background execution not allowed: receiving Intent { act=android.intent.action.PACKAGE_REPLACED dat=package:com.lasbon.skripjatim flg=0x4000010 (has extras) } to com.google.android.gms/.gass.chimera.PackageChangeBroadcastReceiver
05-24 14:13:20.543  1643  1671 D CompatibilityChangeReporter: Compat change id reported: 135634846; UID 10495; state: DISABLED
05-24 14:13:20.543  1643  1671 D CompatibilityChangeReporter: Compat change id reported: 135754954; UID 10495; state: ENABLED
05-24 14:13:20.544  1643  1687 D CompatibilityChangeReporter: Compat change id reported: 143937733; UID 10495; state: ENABLED
05-24 14:13:20.547  1643  1692 W BroadcastQueue: Background execution not allowed: receiving Intent { act=android.intent.action.PACKAGE_REPLACED dat=package:com.lasbon.skripjatim flg=0x4000010 (has extras) } to com.google.android.gms/.chimera.GmsIntentOperationService$PersistentTrustedReceiver
05-24 14:13:20.548  1643  1692 W BroadcastQueue: Background execution not allowed: receiving Intent { act=android.intent.action.PACKAGE_REPLACED dat=package:com.lasbon.skripjatim flg=0x4000010 (has extras) } to com.google.android.googlequicksearchbox/com.google.android.apps.gsa.googlequicksearchbox.GelStubAppWatcher
05-24 14:13:20.548  1643  1692 W BroadcastQueue: Background execution not allowed: receiving Intent { act=android.intent.action.PACKAGE_REPLACED dat=package:com.lasbon.skripjatim flg=0x4000010 (has extras) } to com.heytap.market/com.heytap.cdo.client.domain.receiver.PackageReceiver
05-24 14:13:20.549  1643  3581 V ActivityManager: New death recipient com.android.server.am.ActivityManagerService$AppDeathRecipient@79314e0 for thread android.os.BinderProxy@f3c5399
05-24 14:13:20.555  1643  3581 D ORMS_CORE: Set scene action identity: com.android.server.oppo scene: , action: ORMS_ACTION_COLD_LAUNCH, timeout: 2000, handle: 2393418669640052035
05-24 14:13:20.556  1643  1921 D ORMS_CORE: FinalSceneAction scene:1000 action:1 prio:6 start:38192673 timeout:2000 timeout_left:2000
05-24 14:13:20.556  1643  1921 D ORMS_HISTORY: setSoCLimit sa
05-24 14:13:20.556  1643  1921 D ORMS_CORE: TCpuL:-1 TGpuL:-1 TCtrlL:-1 TModeOn:0 IdleS:0 PowerMode:NORMAL_MODE BenchMark:0 HaveCtrlD:0
05-24 14:13:20.556  1643  1921 D ORMS_CORE: saConfig:,SAResult Info{minCore=[6, 2, -1]minFreq=[2000000, 2050000, -1]maxCore=[-1, -1, -1]maxFreq=[-1, -1, -1], ddr=0, lpm=0, sb=1, prio=6, fpsgo=0, migrate= migfrate: , mask=1110, clkscale=-1, schedwinstats=-1, twinpolicy=-1, fgwinpolicy=-1, bgwinpolicy=-1, schedPreferSpread=-1, colocate=-1, slb=-1, nice=0, extActId=-1, extTime=-1, hardLevel=0}
