05-24 14:13:20.556  1643  1921 D ORMS_CORE: request mDecision:SAResult Info{ minCpuCore: 6 2 ,  minCpuFreq: 2000000 2050000 ,  maxCpuCore: -1 -1 ,  maxCpuFreq: -1 -1 ,  minGpuCore: -1 ,  minGpuFreq: -1 ,  maxGpuCore: -1 ,  maxGpuFreq: -1 , Lpm=0, clkscale=-1, schedwinstats=-1, twinpolicy=-1, fgwinpolicy=-1, bgwinpolicy=-1, schedPreferSpread=-1, colocate=-1, slb=-1, fpsgo=0, schedBoost=1, ddrFreq=-1, migrate= migfrate: -1 -1 , hardLevel=false}
05-24 14:13:20.556  1643  1921 D ORMS_HISTORY: same limit, skip
05-24 14:13:20.573  1643  1692 W BroadcastQueue: Background execution not allowed: receiving Intent { act=android.intent.action.PACKAGE_REPLACED dat=package:com.lasbon.skripjatim flg=0x4000010 (has extras) } to com.heytap.themestore/com.nearme.themespace.receiver.ThemeBizReceiver
05-24 14:13:20.574  1643  1692 W BroadcastQueue: Background execution not allowed: receiving Intent { act=android.intent.action.PACKAGE_REPLACED dat=package:com.lasbon.skripjatim flg=0x4000010 (has extras) } to com.nearme.gamecenter/com.heytap.cdo.client.domain.receiver.PackageReceiver
05-24 14:13:20.574  1643  1692 W BroadcastQueue: Background execution not allowed: receiving Intent { act=android.intent.action.PACKAGE_REPLACED dat=package:com.lasbon.skripjatim flg=0x4000010 (has extras) } to com.oppo.quicksearchbox/.core.receiver.AndroidPackageChangeReceiver
05-24 14:13:20.575  1643  1692 W BroadcastQueue: Background execution not allowed: receiving Intent { act=android.intent.action.PACKAGE_REPLACED dat=package:com.lasbon.skripjatim flg=0x4000010 (has extras) } to com.coloros.safecenter/.startupapp.StartupReceiver
05-24 14:13:20.575  1643  1692 W BroadcastQueue: Background execution not allowed: receiving Intent { act=android.intent.action.PACKAGE_REPLACED dat=package:com.lasbon.skripjatim flg=0x4000010 (has extras) } to com.coloros.securitypermission/.permission.PermissionReceiver
05-24 14:13:20.579  1643  1669 W Looper  : Drained
05-24 14:13:20.580  1643  4040 W ActivityManager: Unable to start service Intent { act=com.google.android.gms.leibniz.events.service.START pkg=com.google.android.gms } U=0: not found
05-24 14:13:20.586  1643  1687 I ActivityManager: Start proc 9425:com.lasbon.skripjatim/u0a495 for top-activity {com.lasbon.skripjatim/com.lasbon.skripjatim.MainActivity}
05-24 14:13:20.588  1643  1692 W BroadcastQueue: Background execution not allowed: receiving Intent { act=android.intent.action.PACKAGE_REPLACED dat=package:com.lasbon.skripjatim flg=0x4000010 (has extras) } to com.google.android.gms/.gass.chimera.PackageChangeBroadcastReceiver
05-24 14:13:20.589  1643  1692 W BroadcastQueue: Background execution not allowed: receiving Intent { act=android.intent.action.PACKAGE_REPLACED dat=package:com.lasbon.skripjatim flg=0x4000010 (has extras) } to com.google.android.gms/.chimera.GmsIntentOperationService$PersistentTrustedReceiver
05-24 14:13:20.589  1643  1692 W BroadcastQueue: Background execution not allowed: receiving Intent { act=android.intent.action.PACKAGE_REPLACED dat=package:com.lasbon.skripjatim flg=0x4000010 (has extras) } to com.google.android.googlequicksearchbox/com.google.android.apps.gsa.googlequicksearchbox.GelStubAppWatcher
05-24 14:13:20.590  1643  1692 W BroadcastQueue: Background execution not allowed: receiving Intent { act=android.intent.action.PACKAGE_REPLACED dat=package:com.lasbon.skripjatim flg=0x4000010 (has extras) } to com.oppo.quicksearchbox/.core.receiver.AndroidPackageChangeReceiver
05-24 14:13:20.590  1643  1692 W BroadcastQueue: Background execution not allowed: receiving Intent { act=android.intent.action.DROPBOX_ENTRY_ADDED flg=0x10 (has extras) } to com.google.android.gms/.stats.service.DropBoxEntryAddedReceiver
05-24 14:13:20.591  1643  1692 W BroadcastQueue: Background execution not allowed: receiving Intent { act=android.intent.action.DROPBOX_ENTRY_ADDED flg=0x10 (has extras) } to com.google.android.gms/.chimera.GmsIntentOperationService$PersistentTrustedReceiver
05-24 14:13:20.608  1643  1692 W BroadcastQueue: Background execution not allowed: receiving Intent { act=android.intent.action.DROPBOX_ENTRY_ADDED flg=0x10 (has extras) } to com.google.android.gms/.stats.service.DropBoxEntryAddedReceiver
05-24 14:13:20.608  1643  1692 W BroadcastQueue: Background execution not allowed: receiving Intent { act=android.intent.action.DROPBOX_ENTRY_ADDED flg=0x10 (has extras) } to com.google.android.gms/.chimera.GmsIntentOperationService$PersistentTrustedReceiver
05-24 14:13:20.634  1643  3143 W ActivityManager: Unbind failed: could not find connection for android.os.BinderProxy@5166851
05-24 14:13:20.638  3724  4204 W ContextImpl: Calling a method in the system process without a qualified user: android.app.ContextImpl.startService:1701 android.content.ContextWrapper.startService:730 com.heytap.mcs.api.c.a.a:83 com.heytap.mcs.api.b.a.a:1 com.heytap.mcs.appservice.d.e.a:27 
05-24 14:13:20.656  1643  3143 I WindowManager: WIN DEATH: Window{bd7d7a5 u0 com.coloros.assistantscreen}
05-24 14:13:20.656  1643  3141 D DisplayManagerService: Display listener for pid 32288 died.
05-24 14:13:20.656  1643  4023 V ActivityManager: Death received in com.android.server.am.ActivityManagerService$AppDeathRecipient@b6d1cd4 for thread android.os.BinderProxy@c0baf1f
05-24 14:13:20.659  1643  4028 W WindowManager: Cannot find window which accessibility connection is added to
05-24 14:13:20.660  1643  4023 I ActivityManager: Process com.coloros.assistantscreen (pid 32288) has died: vis BFGS
05-24 14:13:20.660  1643  4023 W ContextImpl: Calling a method in the system process without a qualified user: android.app.ContextImpl.sendBroadcast:1143 com.android.server.am.OppoExtraActivityManagerService.setKeyLockModeNormal:51 com.android.server.am.ActivityManagerService.appDiedLocked:4323 com.android.server.am.ActivityManagerService$AppDeathRecipient.binderDied:1777 android.os.IBinder$DeathRecipient.binderDied:305 
05-24 14:13:20.663  1643  4023 W ActivityManager: Scheduling restart of crashed service com.coloros.assistantscreen/.window.AssistantWindowService in 1500ms for connection
05-24 14:13:20.665  1643  1804 W ContextImpl: Calling a method in the system process without a qualified user: android.app.ContextImpl.sendBroadcast:1158 com.android.server.ColorAlarmManagerHelper$WorkerHandler.handleMessage:1587 android.os.Handler.dispatchMessage:106 android.os.Looper.loop:255 android.os.HandlerThread.run:67 
05-24 14:13:20.665  1643  4023 D ORMS_CORE: Set scene action identity: com.android.server.oppo scene: , action: ORMS_ACTION_COLD_LAUNCH, timeout: 2000, handle: 487650709713150664
05-24 14:13:20.665  1643  1921 D ORMS_CORE: FinalSceneAction scene:1000 action:1 prio:6 start:38192673 timeout:2000 timeout_left:1890
05-24 14:13:20.665  1643  1921 D ORMS_HISTORY: setSoCLimit sa
05-24 14:13:20.665  1643  1921 D ORMS_CORE: TCpuL:-1 TGpuL:-1 TCtrlL:-1 TModeOn:0 IdleS:0 PowerMode:NORMAL_MODE BenchMark:0 HaveCtrlD:0
05-24 14:13:20.665  1643  1921 D ORMS_CORE: saConfig:,SAResult Info{minCore=[6, 2, -1]minFreq=[2000000, 2050000, -1]maxCore=[-1, -1, -1]maxFreq=[-1, -1, -1], ddr=0, lpm=0, sb=1, prio=6, fpsgo=0, migrate= migfrate: , mask=1110, clkscale=-1, schedwinstats=-1, twinpolicy=-1, fgwinpolicy=-1, bgwinpolicy=-1, schedPreferSpread=-1, colocate=-1, slb=-1, nice=0, extActId=-1, extTime=-1, hardLevel=0}
05-24 14:13:20.665  1643  1921 D ORMS_CORE: request mDecision:SAResult Info{ minCpuCore: 6 2 ,  minCpuFreq: 2000000 2050000 ,  maxCpuCore: -1 -1 ,  maxCpuFreq: -1 -1 ,  minGpuCore: -1 ,  minGpuFreq: -1 ,  maxGpuCore: -1 ,  maxGpuFreq: -1 , Lpm=0, clkscale=-1, schedwinstats=-1, twinpolicy=-1, fgwinpolicy=-1, bgwinpolicy=-1, schedPreferSpread=-1, colocate=-1, slb=-1, fpsgo=0, schedBoost=1, ddrFreq=-1, migrate= migfrate: -1 -1 , hardLevel=false}
05-24 14:13:20.666  1643  1921 D ORMS_HISTORY: same limit, skip
05-24 14:13:20.742  1643  1661 D DisplayManagerService: Display listener for pid 3564 died.
05-24 14:13:20.742  1643  3143 V ActivityManager: Death received in com.android.server.am.ActivityManagerService$AppDeathRecipient@7eb5454 for thread android.os.BinderProxy@fdcaffd
05-24 14:13:20.742  1643  3143 I ActivityManager: Process com.heytap.browser (pid 3564) has died: svcb SVC 
05-24 14:13:20.742  1643  3143 W ContextImpl: Calling a method in the system process without a qualified user: android.app.ContextImpl.sendBroadcast:1143 com.android.server.am.OppoExtraActivityManagerService.setKeyLockModeNormal:51 com.android.server.am.ActivityManagerService.appDiedLocked:4323 com.android.server.am.ActivityManagerService$AppDeathRecipient.binderDied:1777 android.os.IBinder$DeathRecipient.binderDied:305 
05-24 14:13:20.743  1643  3143 W ActivityManager: Scheduling restart of crashed service com.heytap.browser/.mcs.BrowserOpushService in 11420ms for start-requested
05-24 14:13:20.744  1643  3143 D ORMS_CORE: Set scene action identity: com.android.server.oppo scene: , action: ORMS_ACTION_COLD_LAUNCH, timeout: 2000, handle: 8687713643327648948
05-24 14:13:20.745  1643  1921 D ORMS_CORE: FinalSceneAction scene:1000 action:1 prio:6 start:38192673 timeout:2000 timeout_left:1811
05-24 14:13:20.745  1643  1921 D ORMS_HISTORY: setSoCLimit sa
05-24 14:13:20.745  1643  1921 D ORMS_CORE: TCpuL:-1 TGpuL:-1 TCtrlL:-1 TModeOn:0 IdleS:0 PowerMode:NORMAL_MODE BenchMark:0 HaveCtrlD:0
05-24 14:13:20.745  1643  1921 D ORMS_CORE: saConfig:,SAResult Info{minCore=[6, 2, -1]minFreq=[2000000, 2050000, -1]maxCore=[-1, -1, -1]maxFreq=[-1, -1, -1], ddr=0, lpm=0, sb=1, prio=6, fpsgo=0, migrate= migfrate: , mask=1110, clkscale=-1, schedwinstats=-1, twinpolicy=-1, fgwinpolicy=-1, bgwinpolicy=-1, schedPreferSpread=-1, colocate=-1, slb=-1, nice=0, extActId=-1, extTime=-1, hardLevel=0}
05-24 14:13:20.745  1643  1921 D ORMS_CORE: request mDecision:SAResult Info{ minCpuCore: 6 2 ,  minCpuFreq: 2000000 2050000 ,  maxCpuCore: -1 -1 ,  maxCpuFreq: -1 -1 ,  minGpuCore: -1 ,  minGpuFreq: -1 ,  maxGpuCore: -1 ,  maxGpuFreq: -1 , Lpm=0, clkscale=-1, schedwinstats=-1, twinpolicy=-1, fgwinpolicy=-1, bgwinpolicy=-1, schedPreferSpread=-1, colocate=-1, slb=-1, fpsgo=0, schedBoost=1, ddrFreq=-1, migrate= migfrate: -1 -1 , hardLevel=false}
05-24 14:13:20.745  1643  1921 D ORMS_HISTORY: same limit, skip
05-24 14:13:20.780  1643  1643 W Looper  : Slow dispatch took 163ms main h=com.android.server.job.JobSchedulerService$JobHandler c=null m=4
05-24 14:13:20.804  1643  4037 D DisplayManagerService: Display listener for pid 8628 died.
05-24 14:13:20.804  1643  4037 V ActivityManager: Death received in com.android.server.am.ActivityManagerService$AppDeathRecipient@cd7911c for thread android.os.BinderProxy@da78125
05-24 14:13:20.804  1643  4037 I ActivityManager: Process com.google.android.permissioncontroller (pid 8628) has died: vis IMPF
05-24 14:13:20.805  1643  4037 W ContextImpl: Calling a method in the system process without a qualified user: android.app.ContextImpl.sendBroadcast:1143 com.android.server.am.OppoExtraActivityManagerService.setKeyLockModeNormal:51 com.android.server.am.ActivityManagerService.appDiedLocked:4323 com.android.server.am.ActivityManagerService$AppDeathRecipient.binderDied:1777 android.os.IBinder$DeathRecipient.binderDied:305 
05-24 14:13:20.806  1643  4037 W ActivityManager: Scheduling restart of crashed service com.google.android.permissioncontroller/com.android.permissioncontroller.permission.service.PermissionControllerServiceImpl in 21357ms for connection
05-24 14:13:20.807  1643  4037 D ORMS_CORE: Set scene action identity: com.android.server.oppo scene: , action: ORMS_ACTION_COLD_LAUNCH, timeout: 2000, handle: 9048181727633981294
05-24 14:13:20.807  1643  1921 D ORMS_CORE: FinalSceneAction scene:1000 action:1 prio:6 start:38192673 timeout:2000 timeout_left:1749
05-24 14:13:20.807  1643  1921 D ORMS_HISTORY: setSoCLimit sa
05-24 14:13:20.807  1643  1921 D ORMS_CORE: TCpuL:-1 TGpuL:-1 TCtrlL:-1 TModeOn:0 IdleS:0 PowerMode:NORMAL_MODE BenchMark:0 HaveCtrlD:0
05-24 14:13:20.807  1643  1921 D ORMS_CORE: saConfig:,SAResult Info{minCore=[6, 2, -1]minFreq=[2000000, 2050000, -1]maxCore=[-1, -1, -1]maxFreq=[-1, -1, -1], ddr=0, lpm=0, sb=1, prio=6, fpsgo=0, migrate= migfrate: , mask=1110, clkscale=-1, schedwinstats=-1, twinpolicy=-1, fgwinpolicy=-1, bgwinpolicy=-1, schedPreferSpread=-1, colocate=-1, slb=-1, nice=0, extActId=-1, extTime=-1, hardLevel=0}
05-24 14:13:20.807  1643  1921 D ORMS_CORE: request mDecision:SAResult Info{ minCpuCore: 6 2 ,  minCpuFreq: 2000000 2050000 ,  maxCpuCore: -1 -1 ,  maxCpuFreq: -1 -1 ,  minGpuCore: -1 ,  minGpuFreq: -1 ,  maxGpuCore: -1 ,  maxGpuFreq: -1 , Lpm=0, clkscale=-1, schedwinstats=-1, twinpolicy=-1, fgwinpolicy=-1, bgwinpolicy=-1, schedPreferSpread=-1, colocate=-1, slb=-1, fpsgo=0, schedBoost=1, ddrFreq=-1, migrate= migfrate: -1 -1 , hardLevel=false}
05-24 14:13:20.807  1643  1921 D ORMS_HISTORY: same limit, skip
05-24 14:13:20.829  1643  4030 D DisplayManagerService: Display listener for pid 8747 died.
05-24 14:13:20.829  1643  4030 V ActivityManager: Death received in com.android.server.am.ActivityManagerService$AppDeathRecipient@eb670b4 for thread android.os.BinderProxy@93d04dd
05-24 14:13:20.829  1643  4030 I ActivityManager: Process com.google.android.permissioncontroller (pid 8747) has died: vis IMPF
05-24 14:13:20.829  1643  4030 W ContextImpl: Calling a method in the system process without a qualified user: android.app.ContextImpl.sendBroadcast:1143 com.android.server.am.OppoExtraActivityManagerService.setKeyLockModeNormal:51 com.android.server.am.ActivityManagerService.appDiedLocked:4323 com.android.server.am.ActivityManagerService$AppDeathRecipient.binderDied:1777 android.os.IBinder$DeathRecipient.binderDied:305 
05-24 14:13:20.830  1643  4030 W ActivityManager: Scheduling restart of crashed service com.google.android.permissioncontroller/com.android.permissioncontroller.permission.service.PermissionControllerServiceImpl in 31333ms for connection
05-24 14:13:20.831  1643  4030 D ORMS_CORE: Set scene action identity: com.android.server.oppo scene: , action: ORMS_ACTION_COLD_LAUNCH, timeout: 2000, handle: 9013891778951251008
05-24 14:13:20.831  1643  1921 D ORMS_CORE: FinalSceneAction scene:1000 action:1 prio:6 start:38192673 timeout:2000 timeout_left:1724
05-24 14:13:20.831  1643  1921 D ORMS_HISTORY: setSoCLimit sa
05-24 14:13:20.831  1643  1921 D ORMS_CORE: TCpuL:-1 TGpuL:-1 TCtrlL:-1 TModeOn:0 IdleS:0 PowerMode:NORMAL_MODE BenchMark:0 HaveCtrlD:0
05-24 14:13:20.831  1643  1921 D ORMS_CORE: saConfig:,SAResult Info{minCore=[6, 2, -1]minFreq=[2000000, 2050000, -1]maxCore=[-1, -1, -1]maxFreq=[-1, -1, -1], ddr=0, lpm=0, sb=1, prio=6, fpsgo=0, migrate= migfrate: , mask=1110, clkscale=-1, schedwinstats=-1, twinpolicy=-1, fgwinpolicy=-1, bgwinpolicy=-1, schedPreferSpread=-1, colocate=-1, slb=-1, nice=0, extActId=-1, extTime=-1, hardLevel=0}
05-24 14:13:20.832  1643  1921 D ORMS_CORE: request mDecision:SAResult Info{ minCpuCore: 6 2 ,  minCpuFreq: 2000000 2050000 ,  maxCpuCore: -1 -1 ,  maxCpuFreq: -1 -1 ,  minGpuCore: -1 ,  minGpuFreq: -1 ,  maxGpuCore: -1 ,  maxGpuFreq: -1 , Lpm=0, clkscale=-1, schedwinstats=-1, twinpolicy=-1, fgwinpolicy=-1, bgwinpolicy=-1, schedPreferSpread=-1, colocate=-1, slb=-1, fpsgo=0, schedBoost=1, ddrFreq=-1, migrate= migfrate: -1 -1 , hardLevel=false}
05-24 14:13:20.832  1643  1921 D ORMS_HISTORY: same limit, skip
05-24 14:13:20.945  1643  1692 W BroadcastQueue: Background execution not allowed: receiving Intent { act=android.intent.action.DROPBOX_ENTRY_ADDED flg=0x10 (has extras) } to com.google.android.gms/.stats.service.DropBoxEntryAddedReceiver
05-24 14:13:20.950  1643  1692 W BroadcastQueue: Background execution not allowed: receiving Intent { act=android.intent.action.DROPBOX_ENTRY_ADDED flg=0x10 (has extras) } to com.google.android.gms/.chimera.GmsIntentOperationService$PersistentTrustedReceiver
05-24 14:13:20.963  1643  3143 W ActivityManager: Unable to start service Intent { act=com.oplus.uxdesign.UXTHEME_APPLY_SERVICE pkg=com.oplus.uxdesign } U=0: not found
05-24 14:13:21.194  1643  2011 V ActivityManager: Has totaly same connectionRecord, just reuse it!
05-24 14:13:21.204  1643  3581 D DisplayManagerService: Display listener for pid 3481 died.
05-24 14:13:21.204  1643  4070 V ActivityManager: Death received in com.android.server.am.ActivityManagerService$AppDeathRecipient@35020df for thread android.os.BinderProxy@e9c212c
05-24 14:13:21.224  1643  2112 D ActivityManager: addErrorToDropBox eventType crash
05-24 14:13:21.227  1643  4042 V ActivityManager: Death received in com.android.server.am.ActivityManagerService$AppDeathRecipient@4cad366 for thread android.os.BinderProxy@da946a7
05-24 14:13:21.227  1643  1764 D DisplayManagerService: Display listener for pid 32613 died.
05-24 14:13:21.261  1643  2721 V AlarmManager: set(PendingIntent{2bd138a: PendingIntentRecord{d318dfb com.heytap.themestore startService}}) : type=0 when=1653462501154whenElapsed124293272maxWhen =124293272 win=0 interval=0 flags=0x9 pkg = com.heytap.themestore
05-24 14:13:21.315  1643  2011 D CompatibilityChangeReporter: Compat change id reported: 135634846; UID 10097; state: DISABLED
05-24 14:13:21.315  1643  2011 D CompatibilityChangeReporter: Compat change id reported: 135754954; UID 10097; state: ENABLED
05-24 14:13:21.316  1643  1687 D CompatibilityChangeReporter: Compat change id reported: 143937733; UID 10097; state: ENABLED
05-24 14:13:21.326  1643  4070 I ActivityManager: Process com.google.android.tts (pid 3481) has died: vis BFGS
05-24 14:13:21.326  1643  4070 W ContextImpl: Calling a method in the system process without a qualified user: android.app.ContextImpl.sendBroadcast:1143 com.android.server.am.OppoExtraActivityManagerService.setKeyLockModeNormal:51 com.android.server.am.ActivityManagerService.appDiedLocked:4323 com.android.server.am.ActivityManagerService$AppDeathRecipient.binderDied:1777 android.os.IBinder$DeathRecipient.binderDied:305 
05-24 14:13:21.329  1643  4070 W ActivityManager: Scheduling restart of crashed service com.google.android.tts/com.google.android.apps.speech.tts.googletts.service.GoogleTTSService in 40834ms for connection
05-24 14:13:21.331  1643  4070 D ORMS_CORE: Set scene action identity: com.android.server.oppo scene: , action: ORMS_ACTION_COLD_LAUNCH, timeout: 2000, handle: 1925785395734243820
05-24 14:13:21.331  1643  1921 D ORMS_CORE: Remove app timeout handle: 7006511120192870466scene/action: 1000/1  timeout_left:-130
05-24 14:13:21.331  1643  1921 D ORMS_CORE: Remove app timeout handle: 2685348690536322247scene/action: 1000/1  timeout_left:-334
05-24 14:13:21.332  1643  1921 D ORMS_CORE: Remove app timeout handle: 507389882878585351scene/action: 1000/1  timeout_left:-310
05-24 14:13:21.332  1643  1921 D ORMS_CORE: FinalSceneAction scene:1000 action:1 prio:6 start:38192673 timeout:2000 timeout_left:1224
05-24 14:13:21.332  1643  1921 D ORMS_HISTORY: setSoCLimit sa
05-24 14:13:21.332  1643  1921 D ORMS_CORE: TCpuL:-1 TGpuL:-1 TCtrlL:-1 TModeOn:0 IdleS:0 PowerMode:NORMAL_MODE BenchMark:0 HaveCtrlD:0
05-24 14:13:21.332  1643  1921 D ORMS_CORE: saConfig:,SAResult Info{minCore=[6, 2, -1]minFreq=[2000000, 2050000, -1]maxCore=[-1, -1, -1]maxFreq=[-1, -1, -1], ddr=0, lpm=0, sb=1, prio=6, fpsgo=0, migrate= migfrate: , mask=1110, clkscale=-1, schedwinstats=-1, twinpolicy=-1, fgwinpolicy=-1, bgwinpolicy=-1, schedPreferSpread=-1, colocate=-1, slb=-1, nice=0, extActId=-1, extTime=-1, hardLevel=0}
05-24 14:13:21.332  1643  1921 D ORMS_CORE: request mDecision:SAResult Info{ minCpuCore: 6 2 ,  minCpuFreq: 2000000 2050000 ,  maxCpuCore: -1 -1 ,  maxCpuFreq: -1 -1 ,  minGpuCore: -1 ,  minGpuFreq: -1 ,  maxGpuCore: -1 ,  maxGpuFreq: -1 , Lpm=0, clkscale=-1, schedwinstats=-1, twinpolicy=-1, fgwinpolicy=-1, bgwinpolicy=-1, schedPreferSpread=-1, colocate=-1, slb=-1, fpsgo=0, schedBoost=1, ddrFreq=-1, migrate= migfrate: -1 -1 , hardLevel=false}
05-24 14:13:21.332  1643  1921 D ORMS_HISTORY: same limit, skip
05-24 14:13:21.336  1643  4042 I ActivityManager: Process com.google.android.webview:sandboxed_process0:org.chromium.content.app.SandboxedProcessService0:0 (pid 32613) has died: vis IMPF
05-24 14:13:21.336  1643  4042 W ContextImpl: Calling a method in the system process without a qualified user: android.app.ContextImpl.sendBroadcast:1143 com.android.server.am.OppoExtraActivityManagerService.setKeyLockModeNormal:51 com.android.server.am.ActivityManagerService.appDiedLocked:4323 com.android.server.am.ActivityManagerService$AppDeathRecipient.binderDied:1777 android.os.IBinder$DeathRecipient.binderDied:305 
05-24 14:13:21.337  1643  4042 W ActivityManager: Scheduling restart of crashed service com.glance.internet/org.chromium.content.app.SandboxedProcessService0:0 in 50826ms for connection
05-24 14:13:21.341  1643  4042 D ORMS_CORE: Set scene action identity: com.android.server.oppo scene: , action: ORMS_ACTION_COLD_LAUNCH, timeout: 2000, handle: 3953496100562561965
05-24 14:13:21.341  1643  1921 D ORMS_CORE: FinalSceneAction scene:1000 action:1 prio:6 start:38192673 timeout:2000 timeout_left:1214
05-24 14:13:21.342  1643  1921 D ORMS_HISTORY: setSoCLimit sa
05-24 14:13:21.342  1643  1921 D ORMS_CORE: TCpuL:-1 TGpuL:-1 TCtrlL:-1 TModeOn:0 IdleS:0 PowerMode:NORMAL_MODE BenchMark:0 HaveCtrlD:0
05-24 14:13:21.342  1643  1921 D ORMS_CORE: saConfig:,SAResult Info{minCore=[6, 2, -1]minFreq=[2000000, 2050000, -1]maxCore=[-1, -1, -1]maxFreq=[-1, -1, -1], ddr=0, lpm=0, sb=1, prio=6, fpsgo=0, migrate= migfrate: , mask=1110, clkscale=-1, schedwinstats=-1, twinpolicy=-1, fgwinpolicy=-1, bgwinpolicy=-1, schedPreferSpread=-1, colocate=-1, slb=-1, nice=0, extActId=-1, extTime=-1, hardLevel=0}
05-24 14:13:21.342  1643  1921 D ORMS_CORE: request mDecision:SAResult Info{ minCpuCore: 6 2 ,  minCpuFreq: 2000000 2050000 ,  maxCpuCore: -1 -1 ,  maxCpuFreq: -1 -1 ,  minGpuCore: -1 ,  minGpuFreq: -1 ,  maxGpuCore: -1 ,  maxGpuFreq: -1 , Lpm=0, clkscale=-1, schedwinstats=-1, twinpolicy=-1, fgwinpolicy=-1, bgwinpolicy=-1, schedPreferSpread=-1, colocate=-1, slb=-1, fpsgo=0, schedBoost=1, ddrFreq=-1, migrate= migfrate: -1 -1 , hardLevel=false}
05-24 14:13:21.342  1643  1921 D ORMS_HISTORY: same limit, skip
05-24 14:13:21.357  1643  4020 D CompatibilityChangeReporter: Compat change id reported: 135634846; UID 1010156; state: DISABLED
05-24 14:13:21.357  1643  4020 D CompatibilityChangeReporter: Compat change id reported: 135754954; UID 1010156; state: ENABLED
05-24 14:13:21.367  1643  4042 V AlarmManager: set(PendingIntent{60ec69f: PendingIntentRecord{8f5e7b0 com.heytap.themestore startService}}) : type=0 when=1655968401366whenElapsed2630193483maxWhen =2630193483 win=0 interval=0 flags=0x9 pkg = com.heytap.themestore
05-24 14:13:21.374  1643  4028 D DisplayManagerService: Display listener for pid 7069 died.
05-24 14:13:21.374  1643  4023 V ActivityManager: Death received in com.android.server.am.ActivityManagerService$AppDeathRecipient@a1b2b97 for thread android.os.BinderProxy@2a3c184
05-24 14:13:21.399  1643  4041 V ActivityManager: New death recipient com.android.server.am.ActivityManagerService$AppDeathRecipient@167e8a2 for thread android.os.BinderProxy@16b9933
05-24 14:13:21.408  1643  4040 V ActivityManager: Death received in com.android.server.am.ActivityManagerService$AppDeathRecipient@d307a91 for thread android.os.BinderProxy@228df6
05-24 14:13:21.408  1643  1660 D DisplayManagerService: Display listener for pid 31438 died.
05-24 14:13:21.424  1643  1687 W ActivityManager: Slow operation: 110ms so far, now at startProcess: returned from zygote!
05-24 14:13:21.428  1643  2659 D DisplayManagerService: Display listener for pid 31552 died.
05-24 14:13:21.428  1643  1660 V ActivityManager: Death received in com.android.server.am.ActivityManagerService$AppDeathRecipient@a317ad6 for thread android.os.BinderProxy@202b157
05-24 14:13:21.428  1643  3073 D MtkConnectivityService: ConnectivityService NetworkRequestInfo binderDied(NetworkRequest [ LISTEN id=3122, [ Transports: WIFI Capabilities: NOT_RESTRICTED&TRUSTED&NOT_VPN&FOREGROUND Uid: 10002 AdministratorUids: [] RequestorUid: 10002 RequestorPackageName: com.glance.internet] ], android.os.BinderProxy@192259b)
05-24 14:13:21.543  1643  2659 V ActivityManager: Death received in com.android.server.am.ActivityManagerService$AppDeathRecipient@41047d8 for thread android.os.BinderProxy@9e29731
05-24 14:13:21.544  1643  3074 D DisplayManagerService: Display listener for pid 8476 died.
05-24 14:13:21.544  1643  3592 D MtkConnectivityService: ConnectivityService NetworkRequestInfo binderDied(NetworkRequest [ TRACK_DEFAULT id=3200, [ Capabilities: INTERNET&NOT_RESTRICTED&TRUSTED Uid: 10449 AdministratorUids: [] RequestorUid: 10449 RequestorPackageName: com.coloros.phonemanager] ], android.os.BinderProxy@49a8d7b)
05-24 14:13:21.554  1643  4041 W ActivityManager: Slow operation: 155ms so far, now at attachApplicationLocked: before bindApplication
05-24 14:13:21.555  1643  4041 W ActivityManager: Slow operation: 157ms so far, now at attachApplicationLocked: immediately before bindApplication
05-24 14:13:21.556  1643  4041 W ActivityManager: Slow operation: 158ms so far, now at attachApplicationLocked: immediately after bindApplication
05-24 14:13:21.556  1643  4041 W ActivityManager: Slow operation: 158ms so far, now at attachApplicationLocked: after updateLruProcessLocked
05-24 14:13:21.561  1643  4041 I ColorAppSwitchManagerService: appswitch hasProcess ActivityRecord{e3a0f77 u0 com.lasbon.skripjatim/.MainActivity t2699}
05-24 14:13:21.561  1643  4041 I ColorAppSwitchManagerService: appswitch hasProcess ActivityRecord{e3a0f77 u0 com.lasbon.skripjatim/.MainActivity t2699}
05-24 14:13:21.571  1643  4041 W ActivityManager: Slow operation: 173ms so far, now at attachApplicationLocked: after mServices.attachApplicationLocked
05-24 14:13:21.576  1643  1672 I ColorAppSwitchManagerService:  handleAppVisible , r = ActivityRecord{e3a0f77 u0 com.lasbon.skripjatim/.MainActivity t2699}
05-24 14:13:21.585  1643  1669 W Looper  : Slow dispatch took 267ms android.ui h=com.android.server.am.ActivityManagerService$UiHandler c=null m=31
05-24 14:13:21.587  1643  4023 I ActivityManager: Process com.google.android.apps.work.clouddpc (pid 7069) has died: vis BFGS
05-24 14:13:21.587  1643  4023 W ContextImpl: Calling a method in the system process without a qualified user: android.app.ContextImpl.sendBroadcast:1143 com.android.server.am.OppoExtraActivityManagerService.setKeyLockModeNormal:51 com.android.server.am.ActivityManagerService.appDiedLocked:4323 com.android.server.am.ActivityManagerService$AppDeathRecipient.binderDied:1777 android.os.IBinder$DeathRecipient.binderDied:305 
05-24 14:13:21.588  1643  4023 W ActivityManager: Scheduling restart of crashed service com.google.android.apps.work.clouddpc/.vanilla.services.admin.CloudDeviceAdminService in 60575ms for connection
05-24 14:13:21.593  1643  4040 I ActivityManager: Process com.lenovo.anyshare.gps:pkgextractor (pid 31438) has died: vis FGS 
05-24 14:13:21.593  1643  4040 W ContextImpl: Calling a method in the system process without a qualified user: android.app.ContextImpl.sendBroadcast:1143 com.android.server.am.OppoExtraActivityManagerService.setKeyLockModeNormal:51 com.android.server.am.ActivityManagerService.appDiedLocked:4323 com.android.server.am.ActivityManagerService$AppDeathRecipient.binderDied:1777 android.os.IBinder$DeathRecipient.binderDied:305 
05-24 14:13:21.597  1643  4040 W ActivityManager: Scheduling restart of crashed service com.lenovo.anyshare.gps/com.ushareit.tools.core.services.PkgExtractorService in 70566ms for connection
05-24 14:13:21.604  1643  2110 V ActivityManager: Has totaly same connectionRecord, just reuse it!
05-24 14:13:21.605  1643  2110 D CompatibilityChangeReporter: Compat change id reported: 135634846; UID 10256; state: DISABLED
05-24 14:13:21.605  1643  2110 D CompatibilityChangeReporter: Compat change id reported: 135754954; UID 10256; state: ENABLED
05-24 14:13:21.607  1643  1687 W ActivityManager: Slow operation: 293ms so far, now at startProcess: done updating battery stats
05-24 14:13:21.608  1643  1687 W ActivityManager: Slow operation: 294ms so far, now at startProcess: building log message
05-24 14:13:21.609  1643  1687 I ActivityManager: Start proc 9689:com.coloros.assistantscreen/u0a97 for service {com.coloros.assistantscreen/com.coloros.assistantscreen.window.AssistantWindowService}
05-24 14:13:21.609  1643  1687 W ActivityManager: Slow operation: 295ms so far, now at startProcess: starting to update pids map
05-24 14:13:21.609  1643  1687 W ActivityManager: Slow operation: 295ms so far, now at startProcess: done updating pids map
05-24 14:13:21.609  1643  1687 W ActivityManager: Slow operation: 253ms so far, now at startProcess: asking zygote to start proc
05-24 14:13:21.610  1643  1687 D CompatibilityChangeReporter: Compat change id reported: 143937733; UID 1010156; state: ENABLED
05-24 14:13:21.610  1643  1660 I ActivityManager: Process com.glance.internet (pid 31552) has died: vis IMPF
05-24 14:13:21.611  1643  1660 W ContextImpl: Calling a method in the system process without a qualified user: android.app.ContextImpl.sendBroadcast:1143 com.android.server.am.OppoExtraActivityManagerService.setKeyLockModeNormal:51 com.android.server.am.ActivityManagerService.appDiedLocked:4323 com.android.server.am.ActivityManagerService$AppDeathRecipient.binderDied:1777 android.os.IBinder$DeathRecipient.binderDied:305 
05-24 14:13:21.613  1643  1660 W ActivityManager: Scheduling restart of crashed service com.glance.internet/.service.KeepAliveService in 70550ms for connection
05-24 14:13:21.623  1643  4028 V ActivityManager: Has totaly same connectionRecord, just reuse it!
05-24 14:13:21.624  1643  4028 D CompatibilityChangeReporter: Compat change id reported: 135634846; UID 10002; state: DISABLED
05-24 14:13:21.624  1643  4028 D CompatibilityChangeReporter: Compat change id reported: 135754954; UID 10002; state: ENABLED
05-24 14:13:21.670  1643  1669 W Looper  : Slow delivery took 260ms android.ui h=com.android.server.am.ActivityManagerService$UiHandler c=null m=53
05-24 14:13:21.673  1643  4040 D CompatibilityChangeReporter: Compat change id reported: 135634846; UID 1010449; state: DISABLED
05-24 14:13:21.678  1643  1687 W ActivityManager: Slow operation: 322ms so far, now at startProcess: returned from zygote!
05-24 14:13:21.680  1643  2659 I ActivityManager: Process com.coloros.phonemanager (pid 8476) has died: cch+5 CEM 
05-24 14:13:21.680  1643  2659 W ContextImpl: Calling a method in the system process without a qualified user: android.app.ContextImpl.sendBroadcast:1143 com.android.server.am.OppoExtraActivityManagerService.setKeyLockModeNormal:51 com.android.server.am.ActivityManagerService.appDiedLocked:4323 com.android.server.am.ActivityManagerService$AppDeathRecipient.binderDied:1777 android.os.IBinder$DeathRecipient.binderDied:305 
05-24 14:13:21.681  1643  1804 W ContextImpl: Calling a method in the system process without a qualified user: android.app.ContextImpl.sendBroadcast:1158 com.android.server.ColorAlarmManagerHelper$WorkerHandler.handleMessage:1587 android.os.Handler.dispatchMessage:106 android.os.Looper.loop:255 android.os.HandlerThread.run:67 
05-24 14:13:21.702  1643  4028 W ActivityManager: Slow operation: 346ms so far, now at startProcess: done updating battery stats
05-24 14:13:21.702  1643  4028 W ActivityManager: Slow operation: 346ms so far, now at startProcess: building log message
05-24 14:13:21.702  1643  4028 I ActivityManager: Start proc 9721:com.google.process.gapps/u10a156 for content provider {com.google.android.gsf/com.google.android.gsf.settings.GoogleSettingsProvider}
05-24 14:13:21.702  1643  4028 W ActivityManager: Slow operation: 346ms so far, now at startProcess: starting to update pids map
05-24 14:13:21.702  1643  4028 W ActivityManager: Slow operation: 346ms so far, now at startProcess: done updating pids map
05-24 14:13:21.702  1643  4028 V ActivityManager: New death recipient com.android.server.am.ActivityManagerService$AppDeathRecipient@8e5841a for thread android.os.BinderProxy@e155b4b
05-24 14:13:21.707  1643  1687 W ActivityManager: Slow operation: 103ms so far, now at startProcess: asking zygote to start proc
05-24 14:13:21.707  1643  1687 D CompatibilityChangeReporter: Compat change id reported: 143937733; UID 10256; state: ENABLED
05-24 14:13:21.728  1643  1661 V ActivityManager: New death recipient com.android.server.am.ActivityManagerService$AppDeathRecipient@ebac735 for thread android.os.BinderProxy@63727ca
05-24 14:13:21.734  1643  1687 W ActivityManager: Slow operation: 130ms so far, now at startProcess: returned from zygote!
05-24 14:13:21.763  1643  1687 W ActivityManager: Slow operation: 159ms so far, now at startProcess: done updating battery stats
05-24 14:13:21.763  1643  1687 W ActivityManager: Slow operation: 159ms so far, now at startProcess: building log message
05-24 14:13:21.763  1643  1687 I ActivityManager: Start proc 9752:com.lenovo.anyshare.gps:pkgextractor/u0a256 for service {com.lenovo.anyshare.gps/com.ushareit.tools.core.services.PkgExtractorService}
05-24 14:13:21.763  1643  1687 W ActivityManager: Slow operation: 159ms so far, now at startProcess: starting to update pids map
05-24 14:13:21.763  1643  1687 W ActivityManager: Slow operation: 159ms so far, now at startProcess: done updating pids map
05-24 14:13:21.763  1643  1687 W ActivityManager: Slow operation: 140ms so far, now at startProcess: asking zygote to start proc
05-24 14:13:21.763  1643  1687 D CompatibilityChangeReporter: Compat change id reported: 143937733; UID 10002; state: ENABLED
05-24 14:13:21.776  1643  1669 W Looper  : Drained
05-24 14:13:21.783  1643  1680 I ActivityManager: Dumping to /data/anr/theia_NoFocusWindow-2022-05-24-14-13-21-769
05-24 14:13:21.783  1643  1680 I ActivityManager: Collecting stacks for pid 9425
05-24 14:13:21.789  1643  1687 W ActivityManager: Slow operation: 166ms so far, now at startProcess: returned from zygote!
05-24 14:13:21.794  1643  1687 W ActivityManager: Slow operation: 171ms so far, now at startProcess: done updating battery stats
05-24 14:13:21.795  1643  1687 W ActivityManager: Slow operation: 172ms so far, now at startProcess: building log message
05-24 14:13:21.795  1643  1687 I ActivityManager: Start proc 9773:com.glance.internet/u0a2 for service {com.glance.internet/com.glance.internet.service.KeepAliveService}
05-24 14:13:21.795  1643  1687 W ActivityManager: Slow operation: 172ms so far, now at startProcess: starting to update pids map
05-24 14:13:21.798  1643  1687 W ActivityManager: Slow operation: 175ms so far, now at startProcess: done updating pids map
05-24 14:13:21.798  1643  1687 W ActivityManager: Slow operation: 126ms so far, now at startProcess: asking zygote to start proc
05-24 14:13:21.798  1643  1687 D CompatibilityChangeReporter: Compat change id reported: 143937733; UID 1010449; state: ENABLED
05-24 14:13:21.805  1643  3687 V ActivityManager: New death recipient com.android.server.am.ActivityManagerService$AppDeathRecipient@e2776b8 for thread android.os.BinderProxy@749cc91
05-24 14:13:21.806  1643  1643 W Looper  : Slow dispatch took 143ms main h=com.android.server.job.JobSchedulerService$JobHandler c=null m=1
05-24 14:13:21.816  1643  1687 W ActivityManager: Slow operation: 144ms so far, now at startProcess: returned from zygote!
05-24 14:13:21.816  1643  1687 W ActivityManager: Slow operation: 144ms so far, now at startProcess: done updating battery stats
05-24 14:13:21.816  1643  1687 W ActivityManager: Slow operation: 144ms so far, now at startProcess: building log message
05-24 14:13:21.816  1643  1687 I ActivityManager: Start proc 9784:com.google.android.webview:sandboxed_process0:org.chromium.content.app.SandboxedProcessService0:0/u10i193 for  {com.coloros.phonemanager/org.chromium.content.app.SandboxedProcessService0:0}
05-24 14:13:21.816  1643  1687 W ActivityManager: Slow operation: 144ms so far, now at startProcess: starting to update pids map
05-24 14:13:21.817  1643  1687 W ActivityManager: Slow operation: 145ms so far, now at startProcess: done updating pids map
05-24 14:13:21.881  1643  1668 W Looper  : Slow dispatch took 219ms android.fg h=com.android.server.AppStateTracker$MyHandler c=null m=1
05-24 14:13:21.881  1643  1668 W Looper  : Slow delivery took 219ms android.fg h=com.android.server.AppStateTracker$MyHandler c=null m=0
05-24 14:13:21.881  1643  1668 W Looper  : Drained
05-24 14:13:21.939  1643  1661 V ActivityManager: New death recipient com.android.server.am.ActivityManagerService$AppDeathRecipient@8210ac7 for thread android.os.BinderProxy@44468f4
05-24 14:13:22.016  1643  1643 W Looper  : Slow dispatch took 134ms main h=com.android.server.job.JobSchedulerService$JobHandler c=null m=1
05-24 14:13:22.111  1643  2551 V ActivityManager: New death recipient com.android.server.am.ActivityManagerService$AppDeathRecipient@61da467 for thread android.os.BinderProxy@1609214
05-24 14:13:22.271  9425  9920 E AndroidRuntime: FATAL EXCEPTION: FlipperEventBaseThread
05-24 14:13:22.271  9425  9920 E AndroidRuntime: Process: com.lasbon.skripjatim, PID: 9425
05-24 14:13:22.271  9425  9920 E AndroidRuntime: java.lang.NoClassDefFoundError: <clinit> failed for class com.facebook.flipper.android.EventBase; see exception in other thread
05-24 14:13:22.271  9425  9920 E AndroidRuntime: 	at com.facebook.flipper.android.FlipperThread.run(FlipperThread.java:25)
05-24 14:13:22.274  9425  9921 E AndroidRuntime: FATAL EXCEPTION: FlipperConnectionThread
05-24 14:13:22.274  9425  9921 E AndroidRuntime: Process: com.lasbon.skripjatim, PID: 9425
05-24 14:13:22.274  9425  9921 E AndroidRuntime: java.lang.UnsatisfiedLinkError: couldn't find DSO to load: libfbjni.so
05-24 14:13:22.274  9425  9921 E AndroidRuntime: 	SoSource 0: com.facebook.soloader.ApkSoSource[root = /data/data/com.lasbon.skripjatim/lib-main flags = 1]
05-24 14:13:22.274  9425  9921 E AndroidRuntime: 	SoSource 1: com.facebook.soloader.DirectorySoSource[root = /data/app/~~UI-LXpX3i-oeOazOt-0enQ==/com.lasbon.skripjatim-wfkIsA3LI57YBE4BeQPFtw==/lib/arm64 flags = 0]
05-24 14:13:22.274  9425  9921 E AndroidRuntime: 	SoSource 2: com.facebook.soloader.DirectorySoSource[root = /vendor/lib64 flags = 2]
05-24 14:13:22.274  9425  9921 E AndroidRuntime: 	SoSource 3: com.facebook.soloader.DirectorySoSource[root = /system/lib64 flags = 2]
05-24 14:13:22.274  9425  9921 E AndroidRuntime: 	Native lib dir: /data/app/~~UI-LXpX3i-oeOazOt-0enQ==/com.lasbon.skripjatim-wfkIsA3LI57YBE4BeQPFtw==/lib/arm64
05-24 14:13:22.274  9425  9921 E AndroidRuntime:  result: 0
05-24 14:13:22.274  9425  9921 E AndroidRuntime: 	at com.facebook.soloader.SoLoader.doLoadLibraryBySoName(SoLoader.java:896)
05-24 14:13:22.274  9425  9921 E AndroidRuntime: 	at com.facebook.soloader.SoLoader.loadLibraryBySoNameImpl(SoLoader.java:725)
05-24 14:13:22.274  9425  9921 E AndroidRuntime: 	at com.facebook.soloader.SoLoader.loadLibraryBySoName(SoLoader.java:649)
05-24 14:13:22.274  9425  9921 E AndroidRuntime: 	at com.facebook.soloader.SoLoader.loadLibrary(SoLoader.java:629)
05-24 14:13:22.274  9425  9921 E AndroidRuntime: 	at com.facebook.soloader.NativeLoaderToSoLoaderDelegate.loadLibrary(NativeLoaderToSoLoaderDelegate.java:29)
05-24 14:13:22.274  9425  9921 E AndroidRuntime: 	at com.facebook.soloader.nativeloader.NativeLoader.loadLibrary(NativeLoader.java:51)
05-24 14:13:22.274  9425  9921 E AndroidRuntime: 	at com.facebook.soloader.nativeloader.NativeLoader.loadLibrary(NativeLoader.java:30)
05-24 14:13:22.274  9425  9921 E AndroidRuntime: 	at com.facebook.jni.HybridData.<clinit>(HybridData.java:34)
05-24 14:13:22.274  9425  9921 E AndroidRuntime: 	at com.facebook.flipper.android.FlipperThread.run(FlipperThread.java:25)
05-24 14:13:22.284  1643  2659 W ActivityTaskManager:   Force finishing activity com.lasbon.skripjatim/.MainActivity
05-24 14:13:22.285  1643  2110 I ColorAppSwitchManagerService: appswitch registerAppSwitchObserver pName = com@@coloros@@gamespace observer = com.oplus.app.IOplusAppSwitchObserver$Stub$Proxy@8871b31 config = OplusAppSwitchConfig = {  mConfigs = {2=[TOM@@android@@printspooler, TOM@@mediatek@@frameworkresoverlay, TOM@@google@@ar@@core, TOM@@CO@@blacklistapp, TOM@@mediatek@@capctrl@@service, TOM@@opera@@branding@@news, TOM@@android@@wallpaper@@livepicker, TOM@@realmeTOMm@@app, TOM@@android@@internal@@systemui@@navbar@@gestural_narrow_back, TOM@@google@@android@@cellbroadcastservice, TOM@@android@@providers@@telephony, TOM@@android@@contacts, TOM@@google@@android@@partnersetup, TOM@@google@@android@@tts, TOM@@CO@@phonemanager, TOM@@mediatek@@voiceTOMmand, TOM@@mediatek@@systemuiresoverlay, id@@dana, TOM@@oplus@@onetrace, TOM@@google@@android@@ext@@shared, TOM@@android@@cts@@ctsshim, TOM@@OP@@OPpowermonitor, app@@bpjs@@mobile, TOM@@android@@mtp, TOM@@color@@uiengine, TOM@@google@@android@@connectivity@@resources, TOM@@OP@@atlas, TOM@@android@@email@@partnerprovider, TOM@@privygate@@privyid, TOM@@CO@@weather2, TOM@@indomaret@@klikindomaret, TOM@@heytap@@quickgame, TOM@@CO@@onekeylockscreen, TOM@@android@@carrierdefaultapp, TOM@@CO@@bootreg, net@@myinfosys@@PermataMobileX, TOM@@android@@internal@@systemui@@navbar@@gestural_extra_wide_back, TOM@@google@@android@@overlay@@gmsconfig@@TOMms, TOM@@CO@@screenshot, TOM@@CO@@weather@@service, TOM@@android@@theme@@icon@@squircle, TOM@@android@@TOMpaniondevicemanager, TOM@@oplus@@customize@@coreapp, in@@startv@@hotstar@@dplus, TOM@@google@@android@@cellbroadcastreceiver, TOM@@google@@android@@networkstack@@tethering, TOM@@blitz@@blitzandapp1, TOM@@android@@theme@@icon_pack@@rounded@@themepicker, TOM@@niksoftware@@snapseed, TOM@@android@@internal@@systemui@@navbar@@gestural_wide_back, TOM@@CO@@childrenspace, TOM@@google@@android@@overlay@@gmsconfig@@gsa, TOM@@android@@theme@@icon_pack@@rounded@@launcher, TOM@@CO@@systemclone, TOM@@android@@shell, TOM@@android@@incallui, TOM@@android@@providers@@userdictionary, TOM@@google@@android@@gms@@location@@history, TOM@@google@@android@@feedback, TOM@@android@@theme@@icon_pack@@rounded@@systemui, TOM@@OP@@ota, TOM@@android@@settings@@intelligence, TOM@@mediatek@@location@@lppe@@main, TOM@@silvrr@@finance, TOM@@CO@@safecenter, TOM@@google@@android@@apps@@youtube@@music, TOM@@google@@android@@cellbroadcastservice@@overlay, TOM@@nusatalent@@nusatalent, TOM@@bibit@@bibitid, TOM@@google@@android@@webview, TOM@@CO@@exsystemservice, TOM@@android@@theme@@icon_pack@@circular@@systemui, TOM@@msd@@JTClient, TOM@@google@@android@@printservice@@reTOMmendation, org@@chromium@@webapk@@a24c249c49b19be63_v2, TOM@@aab@@android@@otocare, TOM@@CO@@gallery3d, TOM@@android@@theme@@icon@@pebble, TOM@@kemenkes@@inahac, TOM@@android@@externalstorage, TOM@@CO@@wallpapers, TOM@@mobile@@legends, vidma@@screenrecorder@@videorecorder@@videoeditor@@pro, id@@go@@jakarta@@smartcity@@jaki, TOM@@example@@hallotika, TOM@@realmestore@@app, TOM@@CO@@backuprestore, TOM@@android@@keychain, TOM@@CO@@logkit, TOM@@mediatek@@batterywarning, TOM@@tokopedia@@sellerapp, TOM@@android@@managedprovisioning, TOM@@android@@soundpicker, TOM@@google@@android@@apps@@docs, TOM@@lazada@@android, TOM@@android@@vendors@@bridge@@softsim, TOM@@spotify@@music, id@@moxa@@mabroor, TOM@@CO@@screenrecorder, TOM@@google@@android@@cellbroadcastreceiver@@overlay, TOM@@google@@android@@videos, TOM@@OPex@@afterservice, TOM@@snowcorp@@stickerly@@android, TOM@@google@@android@@marvin@@talkback, mws@@photography@@ninecutsquaregrid@@forinstagram, TOM@@heytap@@cast, TOM@@android@@theme@@color@@green, oplus, TOM@@android@@proxyhandler, TOM@@android@@systemui@@overlay@@fingerprint@@anim@@tyjw, TOM@@whatsapp, TOM@@grabtaxi@@passenger, TOM@@mediatek@@gba, TOM@@oplus@@crashbox, TOM@@NM@@gamecenter, TOM@@android@@carrierconfig@@overlay, id@@co@@bitcoin, TOM@@upwork@@android@@apps@@main, sg@@hbo@@hbogo, id@@co@@fifgroup, TOM@@google@@android@@apps@@magazines, TOM@@android@@dynsystem, TOM@@android@@htmlviewer, TOM@@google@@android@@co
05-24 14:13:22.285  1643  2110 I ColorAppSwitchStateDispatcher: registerAppSwitchObserver addDynamicListener OK, info = ColorAppSwitchRuleInfo = {  observer = com.oplus.app.IOplusAppSwitchObserver$Stub$Proxy@8871b31 observerFingerPrint = 212134082} rule size =2
05-24 14:13:22.286  1643  2659 D ORMS_CORE: Set scene action identity: com.android.server.oppo scene: com.whatsapp, action: ORMS_ACTION_LAUNCH, timeout: 30, handle: 4629527265365658220
05-24 14:13:22.286  1643  1921 D ORMS_CORE: FG app changed to: com.whatsapp
05-24 14:13:22.286  1643  1921 D ORMS_CORE: FinalSceneAction scene:1019 action:0 prio:5 start:38194403 timeout:3000 timeout_left:3000
05-24 14:13:22.286  1643  1921 D ORMS_HISTORY: setSoCLimit sa
05-24 14:13:22.286  1643  1921 D ORMS_CORE: TCpuL:-1 TGpuL:-1 TCtrlL:-1 TModeOn:0 IdleS:0 PowerMode:NORMAL_MODE BenchMark:0 HaveCtrlD:0
05-24 14:13:22.286  1643  1921 D ORMS_CORE: saConfig:,SAResult Info{minCore=[6, 2, -1]minFreq=[2000000, 2050000, -1]maxCore=[-1, -1, -1]maxFreq=[-1, -1, -1], ddr=0, lpm=0, sb=1, prio=5, fpsgo=0, migrate= migfrate: , mask=1110, clkscale=-1, schedwinstats=-1, twinpolicy=-1, fgwinpolicy=-1, bgwinpolicy=-1, schedPreferSpread=-1, colocate=-1, slb=-1, nice=0, extActId=-1, extTime=-1, hardLevel=0}
05-24 14:13:22.286  1643  1921 D ORMS_CORE: request mDecision:SAResult Info{ minCpuCore: 6 2 ,  minCpuFreq: 2000000 2050000 ,  maxCpuCore: -1 -1 ,  maxCpuFreq: -1 -1 ,  minGpuCore: -1 ,  minGpuFreq: -1 ,  maxGpuCore: -1 ,  maxGpuFreq: -1 , Lpm=0, clkscale=-1, schedwinstats=-1, twinpolicy=-1, fgwinpolicy=-1, bgwinpolicy=-1, schedPreferSpread=-1, colocate=-1, slb=-1, fpsgo=0, schedBoost=1, ddrFreq=-1, migrate= migfrate: -1 -1 , hardLevel=false}
05-24 14:13:22.286  1643  2659 V ColorZoomWindowManagerService: prepareZoomTransition: curStack=Task{4d8a8b2 #2699 visible=false type=standard mode=fullscreen translucent=true A=10495:com.lasbon.skripjatim U=0 StackId=2699 sz=1}   nextStackTask{b582e8d #2698 visible=true type=standard mode=fullscreen translucent=true A=10358:com.whatsapp U=0 StackId=2698 sz=1}
05-24 14:13:22.290  1643  2551 I ColorAppSwitchManagerService: appswitch unregisterAppSwitchObserver pkgName = com.coloros.gamespace config = OplusAppSwitchConfig = {  mConfigs = {} observerFingerPrint = 126422062}
05-24 14:13:22.293  1643  9925 I DropBoxManagerService: add tag=data_app_crash isTagEnabled=true flags=0x2
05-24 14:13:22.297  1643  1643 W Looper  : Slow dispatch took 280ms main h=com.android.server.job.JobSchedulerService$JobHandler c=null m=1
05-24 14:13:22.297  1643  1643 W Looper  : Slow delivery took 272ms main h=com.android.server.job.JobSchedulerService$JobHandler c=null m=4
05-24 14:13:22.319  1643  3687 V ActivityManager: Death received in com.android.server.am.ActivityManagerService$AppDeathRecipient@167e8a2 for thread android.os.BinderProxy@16b9933
05-24 14:13:22.320  1643  4040 D DisplayManagerService: Display listener for pid 9425 died.
05-24 14:13:22.335  1643  2551 I ColorAppSwitchStateDispatcher: unregisterAppSwitchObserver ok, pkgName = com.coloros.gamespace info = ColorAppSwitchRuleInfo = {  observer = null observerFingerPrint = 126422062}
05-24 14:13:22.335  1643  2571 W ContextImpl: Calling a method in the system process without a qualified user: android.app.ContextImpl.startService:1701 com.oplus.util.OplusStatisticsImpl.startService:216 com.oplus.util.OplusStatisticsImpl.sendDataToDCS:192 com.oplus.util.OplusStatisticsImpl.onCommonSync:84 com.oplus.util.OplusStatisticsImpl$1.run:124 
05-24 14:13:22.338  1643  9925 D DropBoxManagerService: file :: /data/system/dropbox/data_app_crash@1653376402332.txt
05-24 14:13:22.362  3758 28820 W ContextImpl: Calling a method in the system process without a qualified user: android.app.ContextImpl.startService:1701 android.content.ContextWrapper.startService:730 com.b.a.a.c.b.a:206 com.b.a.a.c.b.a:133 com.b.a.a.a.c.a:14 
05-24 14:13:22.374  1643  1643 W Looper  : Drained
05-24 14:13:22.385  1643  2659 W ActivityTaskManager: Exception thrown during pause
05-24 14:13:22.385  1643  2659 W ActivityTaskManager: android.os.DeadObjectException
05-24 14:13:22.385  1643  2659 W ActivityTaskManager: 	at android.os.BinderProxy.transactNative(Native Method)
05-24 14:13:22.385  1643  2659 W ActivityTaskManager: 	at android.os.BinderProxy.transact(BinderProxy.java:573)
05-24 14:13:22.385  1643  2659 W ActivityTaskManager: 	at android.app.IApplicationThread$Stub$Proxy.scheduleTransaction(IApplicationThread.java:2746)
05-24 14:13:22.385  1643  2659 W ActivityTaskManager: 	at android.app.servertransaction.ClientTransaction.schedule(ClientTransaction.java:136)
05-24 14:13:22.385  1643  2659 W ActivityTaskManager: 	at com.android.server.wm.ClientLifecycleManager.scheduleTransaction(ClientLifecycleManager.java:51)
05-24 14:13:22.385  1643  2659 W ActivityTaskManager: 	at com.android.server.wm.ClientLifecycleManager.scheduleTransaction(ClientLifecycleManager.java:73)
05-24 14:13:22.385  1643  2659 W ActivityTaskManager: 	at com.android.server.wm.ActivityStack.startPausingLocked(ActivityStack.java:1274)
05-24 14:13:22.385  1643  2659 W ActivityTaskManager: 	at com.android.server.wm.ActivityStack.startPausingLocked(ActivityStack.java:1187)
05-24 14:13:22.385  1643  2659 W ActivityTaskManager: 	at com.android.server.wm.ActivityRecord.finishIfPossible(ActivityRecord.java:2812)
05-24 14:13:22.385  1643  2659 W ActivityTaskManager: 	at com.android.server.wm.ActivityRecord.finishIfPossible(ActivityRecord.java:2693)
05-24 14:13:22.385  1643  2659 W ActivityTaskManager: 	at com.android.server.wm.ActivityStack.finishTopCrashedActivityLocked(ActivityStack.java:2569)
05-24 14:13:22.385  1643  2659 W ActivityTaskManager: 	at com.android.server.wm.RootWindowContainer.finishTopCrashedActivities(RootWindowContainer.java:2424)
05-24 14:13:22.385  1643  2659 W ActivityTaskManager: 	at com.android.server.wm.ActivityTaskManagerService$LocalService.finishTopCrashedActivities(ActivityTaskManagerService.java:7682)
